Component: ARM Compiler 5.06 update 4 (build 422) Tool: armlink [4d35d2]

==============================================================================

Section Cross References

    main.o(i.Bin_Search) refers to printf1.o(i.__0printf$1) for __2printf
    main.o(i.assert_nrf_callback) refers to app_error_handler_keil.o(.emb_text) for app_error_handler
    main.o(i.ble_evt_handler) refers to printf1.o(i.__0printf$1) for __2printf
    main.o(i.ble_evt_handler) refers to bsp.o(i.bsp_indication_set) for bsp_indication_set
    main.o(i.ble_evt_handler) refers to app_error.o(i.app_error_handler_bare) for app_error_handler_bare
    main.o(i.ble_evt_handler) refers to nrf_ble_qwr.o(i.nrf_ble_qwr_conn_handle_assign) for nrf_ble_qwr_conn_handle_assign
    main.o(i.ble_evt_handler) refers to main.o(.data) for .data
    main.o(i.ble_evt_handler) refers to main.o(.bss) for .bss
    main.o(i.bsp_event_handler) refers to main.o(i.sleep_mode_enter) for sleep_mode_enter
    main.o(i.bsp_event_handler) refers to app_error.o(i.app_error_handler_bare) for app_error_handler_bare
    main.o(i.bsp_event_handler) refers to ble_advertising.o(i.ble_advertising_restart_without_whitelist) for ble_advertising_restart_without_whitelist
    main.o(i.bsp_event_handler) refers to main.o(.data) for .data
    main.o(i.bsp_event_handler) refers to main.o(.bss) for .bss
    main.o(i.conn_params_error_handler) refers to app_error.o(i.app_error_handler_bare) for app_error_handler_bare
    main.o(i.gatt_evt_handler) refers to nrf_log_frontend.o(i.nrf_log_frontend_std_2) for nrf_log_frontend_std_2
    main.o(i.gatt_evt_handler) refers to main.o(.data) for .data
    main.o(i.gatt_evt_handler) refers to nrf_log_frontend.o(log_const_data) for m_nrf_log_app_logs_data_const
    main.o(i.gatt_init) refers to nrf_ble_gatt.o(i.nrf_ble_gatt_init) for nrf_ble_gatt_init
    main.o(i.gatt_init) refers to app_error.o(i.app_error_handler_bare) for app_error_handler_bare
    main.o(i.gatt_init) refers to nrf_ble_gatt.o(i.nrf_ble_gatt_att_mtu_periph_set) for nrf_ble_gatt_att_mtu_periph_set
    main.o(i.gatt_init) refers to main.o(i.gatt_evt_handler) for gatt_evt_handler
    main.o(i.gatt_init) refers to main.o(.bss) for .bss
    main.o(i.main) refers to memcpya.o(.text) for __aeabi_memcpy4
    main.o(i.main) refers to app_uart_fifo.o(i.app_uart_init) for app_uart_init
    main.o(i.main) refers to app_error.o(i.app_error_handler_bare) for app_error_handler_bare
    main.o(i.main) refers to nrf_log_frontend.o(i.nrf_log_init) for nrf_log_init
    main.o(i.main) refers to nrf_log_default_backends.o(i.nrf_log_default_backends_init) for nrf_log_default_backends_init
    main.o(i.main) refers to app_timer.o(i.app_timer_init) for app_timer_init
    main.o(i.main) refers to bsp.o(i.bsp_init) for bsp_init
    main.o(i.main) refers to bsp_btn_ble.o(i.bsp_btn_ble_init) for bsp_btn_ble_init
    main.o(i.main) refers to nrf_pwr_mgmt.o(i.nrf_pwr_mgmt_init) for nrf_pwr_mgmt_init
    main.o(i.main) refers to nrf_sdh.o(i.nrf_sdh_enable_request) for nrf_sdh_enable_request
    main.o(i.main) refers to nrf_sdh_ble.o(i.nrf_sdh_ble_default_cfg_set) for nrf_sdh_ble_default_cfg_set
    main.o(i.main) refers to nrf_sdh_ble.o(i.nrf_sdh_ble_enable) for nrf_sdh_ble_enable
    main.o(i.main) refers to main.o(i.gatt_init) for gatt_init
    main.o(i.main) refers to nrf_ble_qwr.o(i.nrf_ble_qwr_init) for nrf_ble_qwr_init
    main.o(i.main) refers to ble_nus.o(i.ble_nus_init) for ble_nus_init
    main.o(i.main) refers to memseta.o(.text) for __aeabi_memclr4
    main.o(i.main) refers to ble_advertising.o(i.ble_advertising_init) for ble_advertising_init
    main.o(i.main) refers to ble_advertising.o(i.ble_advertising_conn_cfg_tag_set) for ble_advertising_conn_cfg_tag_set
    main.o(i.main) refers to ble_conn_params.o(i.ble_conn_params_init) for ble_conn_params_init
    main.o(i.main) refers to main.o(i.Bin_Search) for Bin_Search
    main.o(i.main) refers to printf1.o(i.__0printf$1) for __2printf
    main.o(i.main) refers to nrf_log_frontend.o(i.nrf_log_frontend_std_0) for nrf_log_frontend_std_0
    main.o(i.main) refers to ble_advertising.o(i.ble_advertising_start) for ble_advertising_start
    main.o(i.main) refers to nrf_log_frontend.o(i.nrf_log_frontend_dequeue) for nrf_log_frontend_dequeue
    main.o(i.main) refers to nrf_pwr_mgmt.o(i.nrf_pwr_mgmt_run) for nrf_pwr_mgmt_run
    main.o(i.main) refers to main.o(.constdata) for .constdata
    main.o(i.main) refers to main.o(.bss) for .bss
    main.o(i.main) refers to main.o(i.uart_event_handle) for uart_event_handle
    main.o(i.main) refers to main.o(i.bsp_event_handler) for bsp_event_handler
    main.o(i.main) refers to main.o(i.nrf_qwr_error_handler) for nrf_qwr_error_handler
    main.o(i.main) refers to main.o(i.nus_data_handler) for nus_data_handler
    main.o(i.main) refers to main.o(.data) for .data
    main.o(i.main) refers to main.o(i.on_adv_evt) for on_adv_evt
[...]
    m_detection_delay                        0x20002648   Data           4  app_button.o(.data)
    m_pin_state                              0x20002650   Data           8  app_button.o(.data)
    m_pin_transition                         0x20002658   Data           8  app_button.o(.data)
    .data                                    0x20002660   Section       20  app_timer.o(.data)
    m_ticks_elapsed_q_read_ind               0x20002660   Data           1  app_timer.o(.data)
    m_ticks_elapsed_q_write_ind              0x20002661   Data           1  app_timer.o(.data)
    m_rtc1_running                           0x20002662   Data           1  app_timer.o(.data)
    m_rtc1_reset                             0x20002663   Data           1  app_timer.o(.data)
    mp_timer_id_head                         0x20002664   Data           4  app_timer.o(.data)
    m_ticks_latest                           0x20002668   Data           4  app_timer.o(.data)
    m_ticks_elapsed                          0x2000266c   Data           8  app_timer.o(.data)
    .data                                    0x20002674   Section       28  app_uart_fifo.o(.data)
    tx_buffer                                0x20002674   Data           1  app_uart_fifo.o(.data)
    rx_buffer                                0x20002675   Data           1  app_uart_fifo.o(.data)
    m_rx_ovf                                 0x20002676   Data           1  app_uart_fifo.o(.data)
    m_event_handler                          0x20002678   Data           4  app_uart_fifo.o(.data)
    app_uart_inst                            0x2000267c   Data          20  app_uart_fifo.o(.data)
    .data                                    0x20002690   Section        8  nrf_pwr_mgmt.o(.data)
    m_pwr_mgmt_evt                           0x20002690   Data           1  nrf_pwr_mgmt.o(.data)
    m_shutdown_started                       0x20002691   Data           1  nrf_pwr_mgmt.o(.data)
    m_sysoff_mtx                             0x20002694   Data           4  nrf_pwr_mgmt.o(.data)
    .data                                    0x20002698   Section        4  retarget.o(.data)
    .data                                    0x2000269c   Section        1  nrf_log_backend_rtt.o(.data)
    m_host_present                           0x2000269c   Data           1  nrf_log_backend_rtt.o(.data)
    .data                                    0x200026a0   Section        8  nrf_log_default_backends.o(.data)
    log_backend_cb_rtt_log_backend           0x200026a0   Data           8  nrf_log_default_backends.o(.data)
    .data                                    0x200026a8   Section        8  nrf_log_frontend.o(.data)
    log_mempool_nrf_balloc_pool_stack        0x200026a8   Data           8  nrf_log_frontend.o(.data)
    .data                                    0x200026b0   Section        8  nrf_log_frontend.o(.data)
    log_mempool_nrf_balloc_cb                0x200026b0   Data           8  nrf_log_frontend.o(.data)
    .data                                    0x200026b8   Section       64  nrf_log_str_formatter.o(.data)
    m_freq                                   0x200026b8   Data           4  nrf_log_str_formatter.o(.data)
    m_timestamp_div                          0x200026bc   Data           4  nrf_log_str_formatter.o(.data)
    severity_names                           0x200026c0   Data          20  nrf_log_str_formatter.o(.data)
    m_colors                                 0x200026d4   Data          36  nrf_log_str_formatter.o(.data)
    .data                                    0x200026f8   Section        3  nrf_sdh.o(.data)
    m_nrf_sdh_enabled                        0x200026f8   Data           1  nrf_sdh.o(.data)
    m_nrf_sdh_suspended                      0x200026f9   Data           1  nrf_sdh.o(.data)
    m_nrf_sdh_continue                       0x200026fa   Data           1  nrf_sdh.o(.data)
    .data                                    0x200026fb   Section        1  nrf_sdh_ble.o(.data)
    m_stack_is_enabled                       0x200026fb   Data           1  nrf_sdh_ble.o(.data)
    .data                                    0x200026fc   Section        4  system_nrf52810.o(.data)
    __tagsym$$used                           0x200026fc   Number         0  system_nrf52810.o(.data)
    .bss                                     0x20002700   Section      968  main.o(.bss)
    data_array                               0x20002700   Data         244  main.o(.bss)
    rx_buf                                   0x200027f4   Data         256  main.o(.bss)
    tx_buf                                   0x200028f4   Data         256  main.o(.bss)
    m_gatt                                   0x200029f4   Data          16  main.o(.bss)
    m_qwr                                    0x20002a04   Data          12  main.o(.bss)
    m_advertising                            0x20002a10   Data         184  main.o(.bss)
    .bss                                     0x20002ac8   Section       32  bsp.o(.bss)
    m_bsp_leds_tmr_data                      0x20002ac8   Data          32  bsp.o(.bss)
    .bss                                     0x20002ae8   Section       32  bsp.o(.bss)
    m_bsp_alert_tmr_data                     0x20002ae8   Data          32  bsp.o(.bss)
    .bss                                     0x20002b08   Section       12  bsp.o(.bss)
    m_events_list                            0x20002b08   Data          12  bsp.o(.bss)
    .bss                                     0x20002b14   Section       32  bsp.o(.bss)
    m_bsp_button_tmr_data                    0x20002b14   Data          32  bsp.o(.bss)
    .bss                                     0x20002b34   Section       80  ble_conn_params.o(.bss)
    m_timer_data                             0x20002b34   Data          32  ble_conn_params.o(.bss)
    m_conn_params_instances                  0x20002b54   Data          20  ble_conn_params.o(.bss)
    m_conn_params_config                     0x20002b68   Data          28  ble_conn_params.o(.bss)
    .bss                                     0x20002b84   Section      120  ble_conn_state.o(.bss)
    m_bcs                                    0x20002b84   Data         120  ble_conn_state.o(.bss)
    .bss                                     0x20002bfc   Section       20  nrf_drv_clock.o(.bss)
    m_clock_cb                               0x20002bfc   Data          20  nrf_drv_clock.o(.bss)
    .bss                                     0x20002c10   Section       92  nrfx_gpiote.o(.bss)
    m_cb                                     0x20002c10   Data          92  nrfx_gpiote.o(.bss)
    .bss                                     0x20002c6c   Section       44  nrfx_uart.o(.bss)
    m_cb                                     0x20002c6c   Data          44  nrfx_uart.o(.bss)
    .bss                                     0x20002c98   Section       36  nrfx_uarte.o(.bss)
    m_cb                                     0x20002c98   Data          36  nrfx_uarte.o(.bss)
    .bss                                     0x20002cbc   Section       32  app_button.o(.bss)
    m_detection_delay_timer_id_data          0x20002cbc   Data          32  app_button.o(.bss)
    .bss                                     0x20002cdc   Section      268  app_timer.o(.bss)
    m_op_queue                               0x20002cdc   Data         268  app_timer.o(.bss)
    .bss                                     0x20002de8   Section       32  app_uart_fifo.o(.bss)
    m_rx_fifo                                0x20002de8   Data          16  app_uart_fifo.o(.bss)
    m_tx_fifo                                0x20002df8   Data          16  app_uart_fifo.o(.bss)
    .bss                                     0x20002e08   Section       12  app_util_platform.o(.bss)
    .bss                                     0x20002e14   Section       12  nrf_pwr_mgmt.o(.bss)
    m_handlers_iter                          0x20002e14   Data          12  nrf_pwr_mgmt.o(.bss)
    .bss                                     0x20002e20   Section       64  nrf_log_backend_rtt.o(.bss)
    m_string_buff                            0x20002e20   Data          64  nrf_log_backend_rtt.o(.bss)
    .bss                                     0x20002e60   Section      192  nrf_log_frontend.o(.bss)
    log_mempool_nrf_balloc_pool_mem          0x20002e60   Data         192  nrf_log_frontend.o(.bss)
    .bss                                     0x20002f20   Section      128  nrf_log_frontend.o(.bss)
    m_log_push_ringbuf_buf                   0x20002f20   Data         128  nrf_log_frontend.o(.bss)
    .bss                                     0x20002fa0   Section       24  nrf_log_frontend.o(.bss)
    m_log_push_ringbuf_cb                    0x20002fa0   Data          24  nrf_log_frontend.o(.bss)
    .bss                                     0x20002fb8   Section     1060  nrf_log_frontend.o(.bss)
    m_log_data                               0x20002fb8   Data        1060  nrf_log_frontend.o(.bss)
    .bss                                     0x200033dc   Section      648  segger_rtt.o(.bss)
    _acUpBuffer                              0x20003454   Data         512  segger_rtt.o(.bss)
    _acDownBuffer                            0x20003654   Data          16  segger_rtt.o(.bss)
    STACK                                    0x20003668   Section     2048  arm_startup_nrf52810.o(STACK)

    Global Symbols

    Symbol Name                              Value     Ov Type        Size  Object(Section)

    BuildAttributes$$THM_ISAv4$E$P$D$K$B$S$7EM$PE$A:L22UL41UL21$X:L11$S22US41US21$IEEE1$IW$USESV6$~STKCKD$USESV7$~SHL$OSPACE$ROPI$EBA8$MICROLIB$REQ8$EABIv2 0x00000000   Number         0  anon$$obj.o ABSOLUTE
    __ARM_use_no_argv                        0x00000000   Number         0  main.o ABSOLUTE
    _printf_a                                0x00000000   Number         0  stubs.o ABSOLUTE
    _printf_c                                0x00000000   Number         0  stubs.o ABSOLUTE
    _printf_charcount                        0x00000000   Number         0  stubs.o ABSOLUTE
    _printf_d                                0x00000000   Number         0  stubs.o ABSOLUTE
    _printf_e                                0x00000000   Number         0  stubs.o ABSOLUTE
    _printf_f                                0x00000000   Number         0  stubs.o ABSOLUTE
    _printf_flags                            0x00000000   Number         0  stubs.o ABSOLUTE
    _printf_fp_dec                           0x00000000   Number         0  stubs.o ABSOLUTE
    _printf_fp_hex                           0x00000000   Number         0  stubs.o ABSOLUTE
    _printf_g                                0x00000000   Number         0  stubs.o ABSOLUTE
    _printf_i                                0x00000000   Number         0  stubs.o ABSOLUTE
    _printf_int_dec                          0x00000000   Number         0  stubs.o ABSOLUTE
    _printf_l                                0x00000000   Number         0  stubs.o ABSOLUTE
    _printf_lc                               0x00000000   Number         0  stubs.o ABSOLUTE
    _printf_ll                               0x00000000   Number         0  stubs.o ABSOLUTE
    _printf_lld                              0x00000000   Number         0  stubs.o ABSOLUTE
    _printf_lli                              0x00000000   Number         0  stubs.o ABSOLUTE
    _printf_llo                              0x00000000   Number         0  stubs.o ABSOLUTE
    _printf_llu                              0x00000000   Number         0  stubs.o ABSOLUTE
    _printf_llx                              0x00000000   Number         0  stubs.o ABSOLUTE
    _printf_longlong_dec                     0x00000000   Number         0  stubs.o ABSOLUTE
    _printf_longlong_hex                     0x00000000   Number         0  stubs.o ABSOLUTE
    _printf_longlong_oct                     0x00000000   Number         0  stubs.o ABSOLUTE
    _printf_ls                               0x00000000   Number         0  stubs.o ABSOLUTE
    _printf_mbtowc                           0x00000000   Number         0  stubs.o ABSOLUTE
    _printf_n                                0x00000000   Number         0  stubs.o ABSOLUTE
    _printf_o                                0x00000000   Number         0  stubs.o ABSOLUTE
    _printf_p                                0x00000000   Number         0  stubs.o ABSOLUTE
    _printf_percent                          0x00000000   Number         0  stubs.o ABSOLUTE
    _printf_pre_padding                      0x00000000   Number         0  stubs.o ABSOLUTE
    _printf_return_value                     0x00000000   Number         0  stubs.o ABSOLUTE
    _printf_s                                0x00000000   Number         0  stubs.o ABSOLUTE
    _printf_sizespec                         0x00000000   Number         0  stubs.o ABSOLUTE
    _printf_str                              0x00000000   Number         0  stubs.o ABSOLUTE
    _printf_truncate_signed                  0x00000000   Number         0  stubs.o ABSOLUTE
    _printf_truncate_unsigned                0x00000000   Number         0  stubs.o ABSOLUTE
    _printf_u                                0x00000000   Number         0  stubs.o ABSOLUTE
    _printf_wc                               0x00000000   Number         0  stubs.o ABSOLUTE
    _printf_wctomb                           0x00000000   Number         0  stubs.o ABSOLUTE
    _printf_widthprec                        0x00000000   Number         0  stubs.o ABSOLUTE
    _printf_x                                0x00000000   Number         0  stubs.o ABSOLUTE
    __cpp_initialize__aeabi_                  - Undefined Weak Reference
    __cxa_finalize                            - Undefined Weak Reference
    _clock_init                               - Undefined Weak Reference
    _microlib_exit                            - Undefined Weak Reference
    log_dynamic_data$$Base                    - Undefined Reference
    pwr_mgmt_data0$$Base                      - Undefined Reference
    pwr_mgmt_data0$$Limit                     - Undefined Reference
    pwr_mgmt_data1$$Base                      - Undefined Reference
    pwr_mgmt_data1$$Limit                     - Undefined Reference
    pwr_mgmt_data2$$Base                      - Undefined Reference
    pwr_mgmt_data2$$Limit                     - Undefined Reference
    sdh_req_observers0$$Base                  - Undefined Reference
    sdh_req_observers0$$Limit                 - Undefined Reference
    sdh_req_observers1$$Base                  - Undefined Reference
    sdh_req_observers1$$Limit                 - Undefined Reference
    sdh_stack_observers1$$Base                - Undefined Reference
    sdh_stack_observers1$$Limit               - Undefined Reference
    sdh_state_observers1$$Base                - Undefined Reference
    sdh_state_observers1$$Limit               - Undefined Reference
    __Vectors_Size                           0x00000200   Number         0  arm_startup_nrf52810.o ABSOLUTE
    __Vectors                                0x00019000   Data           4  arm_startup_nrf52810.o(RESET)
    __Vectors_End                            0x00019200   Data           0  arm_startup_nrf52810.o(RESET)
    __main                                   0x00019201   Thumb Code     0  entry.o(.ARM.Collect$$$$00000000)
    _main_stk                                0x00019201   Thumb Code     0  entry2.o(.ARM.Collect$$$$00000001)
    _main_scatterload                        0x00019205   Thumb Code     0  entry5.o(.ARM.Collect$$$$00000004)
    __main_after_scatterload                 0x00019209   Thumb Code     0  entry5.o(.ARM.Collect$$$$00000004)
    _main_clock                              0x00019209   Thumb Code     0  entry7b.o(.ARM.Collect$$$$00000008)
    _main_cpp_init                           0x00019209   Thumb Code     0  entry8b.o(.ARM.Collect$$$$0000000A)
    _main_init                               0x00019209   Thumb Code     0  entry9a.o(.ARM.Collect$$$$0000000B)
    __rt_final_cpp                           0x00019211   Thumb Code     0  entry10a.o(.ARM.Collect$$$$0000000D)
    __rt_final_exit                          0x00019211   Thumb Code     0  entry11a.o(.ARM.Collect$$$$0000000F)
    __asm___12_nrf_atomic_c_85ca2469__nrf_atomic_internal_mov 0x00019215   Thumb Code    24  nrf_atomic.o(.emb_text)
    __asm___12_nrf_atomic_c_85ca2469__nrf_atomic_internal_orr 0x0001922d   Thumb Code    26  nrf_atomic.o(.emb_text)
    __asm___12_nrf_atomic_c_85ca2469__nrf_atomic_internal_and 0x00019247   Thumb Code    26  nrf_atomic.o(.emb_text)
    __asm___12_nrf_atomic_c_85ca2469__nrf_atomic_internal_eor 0x00019261   Thumb Code    26  nrf_atomic.o(.emb_text)
    __asm___12_nrf_atomic_c_85ca2469__nrf_atomic_internal_add 0x0001927b   Thumb Code    26  nrf_atomic.o(.emb_text)
    __asm___12_nrf_atomic_c_85ca2469__nrf_atomic_internal_sub 0x00019295   Thumb Code    26  nrf_atomic.o(.emb_text)
    __asm___12_nrf_atomic_c_85ca2469__nrf_atomic_internal_cmp_exch 0x000192af   Thumb Code    42  nrf_atomic.o(.emb_text)
    __asm___12_nrf_atomic_c_85ca2469__nrf_atomic_internal_sub_hs 0x000192d9   Thumb Code    30  nrf_atomic.o(.emb_text)
    Reset_Handler                            0x000192f9   Thumb Code     8  arm_startup_nrf52810.o(.text)
    NMI_Handler                              0x00019301   Thumb Code     2  arm_startup_nrf52810.o(.text)
    HardFault_Handler                        0x00019303   Thumb Code     2  arm_startup_nrf52810.o(.text)
    MemoryManagement_Handler                 0x00019305   Thumb Code     2  arm_startup_nrf52810.o(.text)
    BusFault_Handler                         0x00019307   Thumb Code     2  arm_startup_nrf52810.o(.text)
    UsageFault_Handler                       0x00019309   Thumb Code     2  arm_startup_nrf52810.o(.text)
    SVC_Handler                              0x0001930b   Thumb Code     2  arm_startup_nrf52810.o(.text)
    DebugMon_Handler                         0x0001930d   Thumb Code     2  arm_startup_nrf52810.o(.text)
    PendSV_Handler                           0x0001930f   Thumb Code     2  arm_startup_nrf52810.o(.text)
    SysTick_Handler                          0x00019311   Thumb Code     2  arm_startup_nrf52810.o(.text)
    CCM_AAR_IRQHandler                       0x00019313   Thumb Code     0  arm_startup_nrf52810.o(.text)
    COMP_IRQHandler                          0x00019313   Thumb Code     0  arm_startup_nrf52810.o(.text)
    ECB_IRQHandler                           0x00019313   Thumb Code     0  arm_startup_nrf52810.o(.text)
    PDM_IRQHandler                           0x00019313   Thumb Code     0  arm_startup_nrf52810.o(.text)
    PWM0_IRQHandler                          0x00019313   Thumb Code     0  arm_startup_nrf52810.o(.text)
    QDEC_IRQHandler                          0x00019313   Thumb Code     0  arm_startup_nrf52810.o(.text)
    RADIO_IRQHandler                         0x00019313   Thumb Code     0  arm_startup_nrf52810.o(.text)
    RNG_IRQHandler                           0x00019313   Thumb Code     0  arm_startup_nrf52810.o(.text)
    RTC0_IRQHandler                          0x00019313   Thumb Code     0  arm_startup_nrf52810.o(.text)
    SAADC_IRQHandler                         0x00019313   Thumb Code     0  arm_startup_nrf52810.o(.text)
    SPIM0_SPIS0_SPI0_IRQHandler              0x00019313   Thumb Code     0  arm_startup_nrf52810.o(.text)
    SWI1_EGU1_IRQHandler                     0x00019313   Thumb Code     0  arm_startup_nrf52810.o(.text)
    SWI3_IRQHandler                          0x00019313   Thumb Code     0  arm_startup_nrf52810.o(.text)
    SWI4_IRQHandler                          0x00019313   Thumb Code     0  arm_startup_nrf52810.o(.text)
    SWI5_IRQHandler                          0x00019313   Thumb Code     0  arm_startup_nrf52810.o(.text)
    TEMP_IRQHandler                          0x00019313   Thumb Code     0  arm_startup_nrf52810.o(.text)
    TIMER0_IRQHandler                        0x00019313   Thumb Code     0  arm_startup_nrf52810.o(.text)
    TIMER1_IRQHandler                        0x00019313   Thumb Code     0  arm_startup_nrf52810.o(.text)
    TIMER2_IRQHandler                        0x00019313   Thumb Code     0  arm_startup_nrf52810.o(.text)
    TWIM0_TWIS0_TWI0_IRQHandler              0x00019313   Thumb Code     0  arm_startup_nrf52810.o(.text)
    WDT_IRQHandler                           0x00019313   Thumb Code     0  arm_startup_nrf52810.o(.text)
    __aeabi_uldivmod                         0x0001931d   Thumb Code    98  uldiv.o(.text)
    __aeabi_llsl                             0x0001937f   Thumb Code    30  llshl.o(.text)
    _ll_shift_l                              0x0001937f   Thumb Code     0  llshl.o(.text)
    __rt_ctype_table                         0x0001939d   Thumb Code     4  ctype_o.o(.text)
    __aeabi_memcpy                           0x000193a5   Thumb Code    36  memcpya.o(.text)
    __aeabi_memcpy4                          0x000193a5   Thumb Code     0  memcpya.o(.text)
    __aeabi_memcpy8                          0x000193a5   Thumb Code     0  memcpya.o(.text)
    __aeabi_memset                           0x000193c9   Thumb Code    14  memseta.o(.text)
    __aeabi_memset4                          0x000193c9   Thumb Code     0  memseta.o(.text)
    __aeabi_memset8                          0x000193c9   Thumb Code     0  memseta.o(.text)
    __aeabi_memclr                           0x000193d7   Thumb Code     4  memseta.o(.text)
    __aeabi_memclr4                          0x000193d7   Thumb Code     0  memseta.o(.text)
    __aeabi_memclr8                          0x000193d7   Thumb Code     0  memseta.o(.text)
    _memset$wrapper                          0x000193db   Thumb Code    18  memseta.o(.text)
    strlen                                   0x000193ed   Thumb Code    14  strlen.o(.text)
    strcpy                                   0x000193fb   Thumb Code    18  strcpy.o(.text)
    __aeabi_uidiv                            0x0001940d   Thumb Code     0  uidiv.o(.text)
    __aeabi_uidivmod                         0x0001940d   Thumb Code    44  uidiv.o(.text)
    __aeabi_llsr                             0x00019439   Thumb Code    32  llushr.o(.text)
    _ll_ushift_r                             0x00019439   Thumb Code     0  llushr.o(.text)
    __scatterload                            0x00019459   Thumb Code    28  init.o(.text)
    __scatterload_rt2                        0x00019459   Thumb Code     0  init.o(.text)
    __decompress                             0x0001947d   Thumb Code     0  __dczerorl2.o(.text)
    __decompress1                            0x0001947d   Thumb Code    86  __dczerorl2.o(.text)
    Bin_Search                               0x000194d5   Thumb Code    68  main.o(i.Bin_Search)
    GPIOTE_IRQHandler                        0x00019521   Thumb Code   346  nrfx_gpiote.o(i.GPIOTE_IRQHandler)
    POWER_CLOCK_IRQHandler                   0x000196e9   Thumb Code    82  nrfx_clock.o(i.POWER_CLOCK_IRQHandler)
    RTC1_IRQHandler                          0x00019741   Thumb Code    32  app_timer.o(i.RTC1_IRQHandler)
    SEGGER_RTT_Init                          0x00019765   Thumb Code     4  segger_rtt.o(i.SEGGER_RTT_Init)
    SEGGER_RTT_WriteNoLock                   0x00019769   Thumb Code    86  segger_rtt.o(i.SEGGER_RTT_WriteNoLock)
    SWI0_EGU0_IRQHandler                     0x000197c5   Thumb Code     4  app_timer.o(i.SWI0_EGU0_IRQHandler)
    SWI2_IRQHandler                          0x000197c9   Thumb Code     4  nrf_sdh.o(i.SWI2_IRQHandler)
    SystemInit                               0x000197cd   Thumb Code   664  system_nrf52810.o(i.SystemInit)
    UARTE0_UART0_IRQHandler                  0x00019aad   Thumb Code     6  nrfx_prs.o(i.UARTE0_UART0_IRQHandler)
    __0printf$1                              0x00019bd5   Thumb Code    22  printf1.o(i.__0printf$1)
    __1printf$1                              0x00019bd5   Thumb Code     0  printf1.o(i.__0printf$1)
    __2printf                                0x00019bd5   Thumb Code     0  printf1.o(i.__0printf$1)
    __scatterload_copy                       0x00019bf5   Thumb Code    14  handlers.o(i.__scatterload_copy)
    __scatterload_null                       0x00019c03   Thumb Code     2  handlers.o(i.__scatterload_null)
    __scatterload_zeroinit                   0x00019c05   Thumb Code    14  handlers.o(i.__scatterload_zeroinit)
    app_button_enable                        0x00019dc9   Thumb Code    32  app_button.o(i.app_button_enable)
    app_button_init                          0x00019ded   Thumb Code   102  app_button.o(i.app_button_init)
    app_error_fault_handler                  0x00019e65   Thumb Code    86  app_error_weak.o(i.app_error_fault_handler)
    app_error_handler_bare                   0x00019ee9   Thumb Code    22  app_error.o(i.app_error_handler_bare)
    app_fifo_get                             0x00019eff   Thumb Code    22  app_fifo.o(i.app_fifo_get)
    app_fifo_init                            0x00019f15   Thumb Code    32  app_fifo.o(i.app_fifo_init)
    app_fifo_put                             0x00019f35   Thumb Code    26  app_fifo.o(i.app_fifo_put)
    app_timer_create                         0x00019f51   Thumb Code    32  app_timer.o(i.app_timer_create)
    app_timer_init                           0x00019f75   Thumb Code    70  app_timer.o(i.app_timer_init)
    app_timer_start                          0x00019fc9   Thumb Code   128  app_timer.o(i.app_timer_start)
    app_timer_stop                           0x0001a051   Thumb Code    26  app_timer.o(i.app_timer_stop)
    app_uart_get                             0x0001a071   Thumb Code    42  app_uart_fifo.o(i.app_uart_get)
    app_uart_init                            0x0001a0a5   Thumb Code   148  app_uart_fifo.o(i.app_uart_init)
    app_uart_put                             0x0001a149   Thumb Code    70  app_uart_fifo.o(i.app_uart_put)
    app_util_critical_region_enter           0x0001a19d   Thumb Code    64  app_util_platform.o(i.app_util_critical_region_enter)
    app_util_critical_region_exit            0x0001a1e5   Thumb Code    46  app_util_platform.o(i.app_util_critical_region_exit)
    blcm_link_ctx_get                        0x0001a329   Thumb Code    72  ble_link_ctx_manager.o(i.blcm_link_ctx_get)
    ble_advdata_encode                       0x0001a371   Thumb Code   386  ble_advdata.o(i.ble_advdata_encode)
    ble_advdata_parse                        0x0001a4f3   Thumb Code    32  ble_advdata.o(i.ble_advdata_parse)
    ble_advdata_search                       0x0001a513   Thumb Code    56  ble_advdata.o(i.ble_advdata_search)
    ble_advertising_conn_cfg_tag_set         0x0001a54b   Thumb Code     6  ble_advertising.o(i.ble_advertising_conn_cfg_tag_set)
    ble_advertising_init                     0x0001a551   Thumb Code   234  ble_advertising.o(i.ble_advertising_init)
    ble_advertising_on_ble_evt               0x0001a63b   Thumb Code   106  ble_advertising.o(i.ble_advertising_on_ble_evt)
    ble_advertising_on_sys_evt               0x0001a6a5   Thumb Code     2  ble_advertising.o(i.ble_advertising_on_sys_evt)
    ble_advertising_restart_without_whitelist 0x0001a6a7   Thumb Code    58  ble_advertising.o(i.ble_advertising_restart_without_whitelist)
    ble_advertising_start                    0x0001a6e1   Thumb Code   514  ble_advertising.o(i.ble_advertising_start)
    ble_conn_params_init                     0x0001a8e5   Thumb Code    90  ble_conn_params.o(i.ble_conn_params_init)
    ble_conn_state_conn_idx                  0x0001a94d   Thumb Code    18  ble_conn_state.o(i.ble_conn_state_conn_idx)
    ble_conn_state_valid                     0x0001a961   Thumb Code    16  ble_conn_state.o(i.ble_conn_state_valid)
    ble_nus_data_send                        0x0001ad0d   Thumb Code   102  ble_nus.o(i.ble_nus_data_send)
    ble_nus_init                             0x0001ad75   Thumb Code   206  ble_nus.o(i.ble_nus_init)
    ble_nus_on_ble_evt                       0x0001ae49   Thumb Code   112  ble_nus.o(i.ble_nus_on_ble_evt)
    ble_srv_is_notification_enabled          0x0001aeb9   Thumb Code     8  ble_srv_common.o(i.ble_srv_is_notification_enabled)
    bsp_board_button_idx_to_pin              0x0001aec1   Thumb Code     6  boards.o(i.bsp_board_button_idx_to_pin)
    bsp_board_button_state_get               0x0001aecd   Thumb Code    28  boards.o(i.bsp_board_button_state_get)
    bsp_board_init                           0x0001aeed   Thumb Code    80  boards.o(i.bsp_board_init)
    bsp_board_led_invert                     0x0001af41   Thumb Code    32  boards.o(i.bsp_board_led_invert)
    bsp_board_led_off                        0x0001af65   Thumb Code    10  boards.o(i.bsp_board_led_off)
    bsp_board_led_on                         0x0001af75   Thumb Code    10  boards.o(i.bsp_board_led_on)
    bsp_board_led_state_get                  0x0001af85   Thumb Code    28  boards.o(i.bsp_board_led_state_get)
    bsp_board_leds_off                       0x0001afa5   Thumb Code    18  boards.o(i.bsp_board_leds_off)
    bsp_board_leds_on                        0x0001afb7   Thumb Code    18  boards.o(i.bsp_board_leds_on)
    bsp_board_pin_to_button_idx              0x0001afc9   Thumb Code    30  boards.o(i.bsp_board_pin_to_button_idx)
    bsp_btn_ble_init                         0x0001afed   Thumb Code    52  bsp_btn_ble.o(i.bsp_btn_ble_init)
    bsp_btn_ble_sleep_mode_prepare           0x0001b025   Thumb Code    30  bsp_btn_ble.o(i.bsp_btn_ble_sleep_mode_prepare)
    bsp_button_is_pressed                    0x0001b0d5   Thumb Code    12  bsp.o(i.bsp_button_is_pressed)
    bsp_event_handler                        0x0001b0e1   Thumb Code    66  main.o(i.bsp_event_handler)
    bsp_event_to_button_action_assign        0x0001b12d   Thumb Code    64  bsp.o(i.bsp_event_to_button_action_assign)
    bsp_indication_set                       0x0001b171   Thumb Code    20  bsp.o(i.bsp_indication_set)
    bsp_init                                 0x0001b189   Thumb Code   128  bsp.o(i.bsp_init)
    bsp_wakeup_button_enable                 0x0001b3e5   Thumb Code     6  bsp.o(i.bsp_wakeup_button_enable)
    buffer_is_empty                          0x0001b4ad   Thumb Code    16  nrf_log_frontend.o(i.buffer_is_empty)
    characteristic_add                       0x0001b53d   Thumb Code   400  ble_srv_common.o(i.characteristic_add)
    conn_handle_list_get                     0x0001b7bd   Thumb Code    62  ble_conn_state.o(i.conn_handle_list_get)
    fputc                                    0x0001baf3   Thumb Code    14  retarget.o(i.fputc)
    gatt_evt_handler                         0x0001bb01   Thumb Code    52  main.o(i.gatt_evt_handler)
    gatt_init                                0x0001bb5d   Thumb Code    38  main.o(i.gatt_init)
    main                                     0x0001bfa9   Thumb Code   464  main.o(i.main)
    nrf_atflags_clear                        0x0001c3b7   Thumb Code    22  nrf_atflags.o(i.nrf_atflags_clear)
    nrf_atflags_get                          0x0001c3cd   Thumb Code    22  nrf_atflags.o(i.nrf_atflags_get)
    nrf_atflags_set                          0x0001c3e3   Thumb Code    20  nrf_atflags.o(i.nrf_atflags_set)
    nrf_atomic_flag_clear_fetch              0x0001c3f7   Thumb Code     6  nrf_atomic.o(i.nrf_atomic_flag_clear_fetch)
    nrf_atomic_flag_set                      0x0001c3fd   Thumb Code     6  nrf_atomic.o(i.nrf_atomic_flag_set)
    nrf_atomic_u32_add                       0x0001c403   Thumb Code    12  nrf_atomic.o(i.nrf_atomic_u32_add)
    nrf_atomic_u32_and                       0x0001c40f   Thumb Code    12  nrf_atomic.o(i.nrf_atomic_u32_and)
    nrf_atomic_u32_fetch_and                 0x0001c41b   Thumb Code    10  nrf_atomic.o(i.nrf_atomic_u32_fetch_and)
    nrf_atomic_u32_fetch_store               0x0001c425   Thumb Code    10  nrf_atomic.o(i.nrf_atomic_u32_fetch_store)
    nrf_atomic_u32_or                        0x0001c42f   Thumb Code    12  nrf_atomic.o(i.nrf_atomic_u32_or)
    nrf_atomic_u32_sub                       0x0001c43b   Thumb Code    12  nrf_atomic.o(i.nrf_atomic_u32_sub)
    nrf_balloc_alloc                         0x0001c447   Thumb Code    68  nrf_balloc.o(i.nrf_balloc_alloc)
    nrf_balloc_free                          0x0001c48b   Thumb Code    48  nrf_balloc.o(i.nrf_balloc_free)
    nrf_balloc_init                          0x0001c4bb   Thumb Code    48  nrf_balloc.o(i.nrf_balloc_init)
    nrf_ble_gatt_att_mtu_periph_set          0x0001c50f   Thumb Code    24  nrf_ble_gatt.o(i.nrf_ble_gatt_att_mtu_periph_set)
    nrf_ble_gatt_init                        0x0001c527   Thumb Code    34  nrf_ble_gatt.o(i.nrf_ble_gatt_init)
    nrf_ble_gatt_on_ble_evt                  0x0001c549   Thumb Code   180  nrf_ble_gatt.o(i.nrf_ble_gatt_on_ble_evt)
    nrf_ble_qwr_conn_handle_assign           0x0001c63d   Thumb Code    22  nrf_ble_qwr.o(i.nrf_ble_qwr_conn_handle_assign)
    nrf_ble_qwr_init                         0x0001c653   Thumb Code    36  nrf_ble_qwr.o(i.nrf_ble_qwr_init)
    nrf_ble_qwr_on_ble_evt                   0x0001c677   Thumb Code   182  nrf_ble_qwr.o(i.nrf_ble_qwr_on_ble_evt)
    nrf_drv_clock_init                       0x0001c74d   Thumb Code    48  nrf_drv_clock.o(i.nrf_drv_clock_init)
    nrf_drv_clock_lfclk_release              0x0001c785   Thumb Code    42  nrf_drv_clock.o(i.nrf_drv_clock_lfclk_release)
    nrf_drv_uart_init                        0x0001c7b5   Thumb Code    90  nrf_drv_uart.o(i.nrf_drv_uart_init)
    nrf_fprintf                              0x0001c85d   Thumb Code    26  nrf_fprintf.o(i.nrf_fprintf)
    nrf_fprintf_buffer_flush                 0x0001c877   Thumb Code    24  nrf_fprintf.o(i.nrf_fprintf_buffer_flush)
    nrf_fprintf_fmt                          0x0001c88f   Thumb Code   474  nrf_fprintf_format.o(i.nrf_fprintf_fmt)
    nrf_log_backend_add                      0x0001cbc9   Thumb Code    86  nrf_log_frontend.o(i.nrf_log_backend_add)
    nrf_log_backend_rtt_init                 0x0001cc27   Thumb Code     4  nrf_log_backend_rtt.o(i.nrf_log_backend_rtt_init)
    nrf_log_backend_serial_put               0x0001cc45   Thumb Code   200  nrf_log_backend_serial.o(i.nrf_log_backend_serial_put)
    nrf_log_color_id_get                     0x0001cd0d   Thumb Code    42  nrf_log_frontend.o(i.nrf_log_color_id_get)
    nrf_log_default_backends_init            0x0001cd3d   Thumb Code    24  nrf_log_default_backends.o(i.nrf_log_default_backends_init)
    nrf_log_frontend_dequeue                 0x0001cd59   Thumb Code   528  nrf_log_frontend.o(i.nrf_log_frontend_dequeue)
    nrf_log_frontend_std_0                   0x0001cf8d   Thumb Code     8  nrf_log_frontend.o(i.nrf_log_frontend_std_0)
    nrf_log_frontend_std_1                   0x0001cf95   Thumb Code    14  nrf_log_frontend.o(i.nrf_log_frontend_std_1)
    nrf_log_frontend_std_2                   0x0001cfa3   Thumb Code    16  nrf_log_frontend.o(i.nrf_log_frontend_std_2)
    nrf_log_hexdump_entry_process            0x0001cfb5   Thumb Code   150  nrf_log_str_formatter.o(i.nrf_log_hexdump_entry_process)
    nrf_log_init                             0x0001d065   Thumb Code    46  nrf_log_frontend.o(i.nrf_log_init)
    nrf_log_module_cnt_get                   0x0001d0a1   Thumb Code    10  nrf_log_frontend.o(i.nrf_log_module_cnt_get)
    nrf_log_module_name_get                  0x0001d0b5   Thumb Code    24  nrf_log_frontend.o(i.nrf_log_module_name_get)
    nrf_log_panic                            0x0001d0d1   Thumb Code    38  nrf_log_frontend.o(i.nrf_log_panic)
    nrf_log_std_entry_process                0x0001d0fd   Thumb Code   182  nrf_log_str_formatter.o(i.nrf_log_std_entry_process)
    nrf_memobj_alloc                         0x0001d1b3   Thumb Code    96  nrf_memobj.o(i.nrf_memobj_alloc)
    nrf_memobj_free                          0x0001d213   Thumb Code    50  nrf_memobj.o(i.nrf_memobj_free)
    nrf_memobj_get                           0x0001d245   Thumb Code     8  nrf_memobj.o(i.nrf_memobj_get)
    nrf_memobj_pool_init                     0x0001d24d   Thumb Code     4  nrf_memobj.o(i.nrf_memobj_pool_init)
    nrf_memobj_put                           0x0001d251   Thumb Code    30  nrf_memobj.o(i.nrf_memobj_put)
    nrf_memobj_read                          0x0001d26f   Thumb Code    16  nrf_memobj.o(i.nrf_memobj_read)
    nrf_memobj_write                         0x0001d27f   Thumb Code    16  nrf_memobj.o(i.nrf_memobj_write)
    nrf_pwr_mgmt_init                        0x0001d291   Thumb Code    28  nrf_pwr_mgmt.o(i.nrf_pwr_mgmt_init)
    nrf_pwr_mgmt_run                         0x0001d2b9   Thumb Code    20  nrf_pwr_mgmt.o(i.nrf_pwr_mgmt_run)
    nrf_ringbuf_init                         0x0001d2d1   Thumb Code    28  nrf_ringbuf.o(i.nrf_ringbuf_init)
    nrf_sdh_ble_app_ram_start_get            0x0001d2ed   Thumb Code    16  nrf_sdh_ble.o(i.nrf_sdh_ble_app_ram_start_get)
    nrf_sdh_ble_default_cfg_set              0x0001d301   Thumb Code   264  nrf_sdh_ble.o(i.nrf_sdh_ble_default_cfg_set)
    nrf_sdh_ble_enable                       0x0001d429   Thumb Code   116  nrf_sdh_ble.o(i.nrf_sdh_ble_enable)
    nrf_sdh_enable_request                   0x0001d5b9   Thumb Code   102  nrf_sdh.o(i.nrf_sdh_enable_request)
    nrf_sdh_evts_poll                        0x0001d62d   Thumb Code    32  nrf_sdh.o(i.nrf_sdh_evts_poll)
    nrf_sdh_is_enabled                       0x0001d651   Thumb Code     6  nrf_sdh.o(i.nrf_sdh_is_enabled)
    nrf_section_iter_init                    0x0001d699   Thumb Code    10  nrf_section_iter.o(i.nrf_section_iter_init)
    nrf_section_iter_next                    0x0001d6c7   Thumb Code    32  nrf_section_iter.o(i.nrf_section_iter_next)
    nrf_strerror_find                        0x0001d6e9   Thumb Code    52  nrf_strerror.o(i.nrf_strerror_find)
    nrf_strerror_get                         0x0001d721   Thumb Code    14  nrf_strerror.o(i.nrf_strerror_get)
    nrfx_clock_enable                        0x0001d76d   Thumb Code    34  nrfx_clock.o(i.nrfx_clock_enable)
    nrfx_clock_init                          0x0001d799   Thumb Code    26  nrfx_clock.o(i.nrfx_clock_init)
    nrfx_clock_lfclk_stop                    0x0001d7b9   Thumb Code    20  nrfx_clock.o(i.nrfx_clock_lfclk_stop)
    nrfx_gpiote_in_event_enable              0x0001d7e5   Thumb Code   156  nrfx_gpiote.o(i.nrfx_gpiote_in_event_enable)
    nrfx_gpiote_in_init                      0x0001d889   Thumb Code   194  nrfx_gpiote.o(i.nrfx_gpiote_in_init)
    nrfx_gpiote_in_is_set                    0x0001d959   Thumb Code    20  nrfx_gpiote.o(i.nrfx_gpiote_in_is_set)
    nrfx_gpiote_init                         0x0001d96d   Thumb Code    94  nrfx_gpiote.o(i.nrfx_gpiote_init)
    nrfx_gpiote_is_init                      0x0001d9d9   Thumb Code    14  nrfx_gpiote.o(i.nrfx_gpiote_is_init)
    nrfx_prs_acquire                         0x0001d9fd   Thumb Code    58  nrfx_prs.o(i.nrfx_prs_acquire)
    nrfx_uart_0_irq_handler                  0x0001da39   Thumb Code     8  nrfx_uart.o(i.nrfx_uart_0_irq_handler)
    nrfx_uart_init                           0x0001da49   Thumb Code   196  nrfx_uart.o(i.nrfx_uart_init)
    nrfx_uart_rx                             0x0001db19   Thumb Code   230  nrfx_uart.o(i.nrfx_uart_rx)
    nrfx_uart_tx                             0x0001dc05   Thumb Code   160  nrfx_uart.o(i.nrfx_uart_tx)
    nrfx_uart_tx_in_progress                 0x0001dca9   Thumb Code    26  nrfx_uart.o(i.nrfx_uart_tx_in_progress)
    nrfx_uarte_0_irq_handler                 0x0001dcc9   Thumb Code     8  nrfx_uarte.o(i.nrfx_uarte_0_irq_handler)
    nrfx_uarte_init                          0x0001dcd9   Thumb Code   100  nrfx_uarte.o(i.nrfx_uarte_init)
    nrfx_uarte_rx                            0x0001dd45   Thumb Code   256  nrfx_uarte.o(i.nrfx_uarte_rx)
    nrfx_uarte_tx                            0x0001de49   Thumb Code   138  nrfx_uarte.o(i.nrfx_uarte_tx)
    nrfx_uarte_tx_in_progress                0x0001ded9   Thumb Code    22  nrfx_uarte.o(i.nrfx_uarte_tx_in_progress)
    uart_event_handle                        0x0001e8e1   Thumb Code   112  main.o(i.uart_event_handle)
    nrf_log_backend_rtt_api                  0x0001f128   Data          12  nrf_log_backend_rtt.o(.constdata)
    m_ram_start                              0x0001f1cc   Data           4  nrf_sdh_ble.o(.constdata)
    __ctype_table                            0x0001f1f8   Data         129  ctype_o.o(.constdata)
    Region$$Table$$Base                      0x0001f928   Number         0  anon$$obj.o(Region$$Table)
    Region$$Table$$Limit                     0x0001f948   Number         0  anon$$obj.o(Region$$Table)
    log_const_data$$Base                     0x0001f958   Number         0  nrf_ble_gatt.o(log_const_data)
    m_nrf_log_nrf_ble_gatt_logs_data_const   0x0001f958   Data           8  nrf_ble_gatt.o(log_const_data)
    m_nrf_log_ble_nus_logs_data_const        0x0001f960   Data           8  ble_nus.o(log_const_data)
    m_nrf_log_clock_logs_data_const          0x0001f968   Data           8  nrf_drv_clock.o(log_const_data)
    m_nrf_log_CLOCK_logs_data_const          0x0001f970   Data           8  nrfx_clock.o(log_const_data)
    m_nrf_log_GPIOTE_logs_data_const         0x0001f978   Data           8  nrfx_gpiote.o(log_const_data)
    m_nrf_log_PRS_logs_data_const            0x0001f980   Data           8  nrfx_prs.o(log_const_data)
    m_nrf_log_UART_logs_data_const           0x0001f988   Data           8  nrfx_uart.o(log_const_data)
    m_nrf_log_UARTE_logs_data_const          0x0001f990   Data           8  nrfx_uarte.o(log_const_data)
    m_nrf_log_pwr_mgmt_logs_data_const       0x0001f998   Data           8  nrf_pwr_mgmt.o(log_const_data)
    m_nrf_log_app_logs_data_const            0x0001f9a0   Data           8  nrf_log_frontend.o(log_const_data)
    m_nrf_log_nrf_sdh_logs_data_const        0x0001f9a8   Data           8  nrf_sdh.o(log_const_data)
    m_nrf_log_nrf_sdh_ble_logs_data_const    0x0001f9b0   Data           8  nrf_sdh_ble.o(log_const_data)
    m_nrf_log_nrf_sdh_soc_logs_data_const    0x0001f9b8   Data           8  nrf_sdh_soc.o(log_const_data)
    log_const_data$$Limit                    0x0001f9c0   Number         0  nrf_sdh_soc.o(log_const_data)
    log_mempool                              0x0001f9c0   Data          20  nrf_log_frontend.o(nrf_balloc)
    sdh_ble_observers0$$Base                 0x0001f9d4   Number         0  ble_conn_state.o(sdh_ble_observers0)
    sdh_ble_observers0$$Limit                0x0001f9dc   Number         0  ble_conn_state.o(sdh_ble_observers0)
    sdh_ble_observers1$$Base                 0x0001f9dc   Number         0  main.o(sdh_ble_observers1)
    sdh_ble_observers1$$Limit                0x0001f9fc   Number         0  ble_conn_params.o(sdh_ble_observers1)
    sdh_ble_observers2$$Base                 0x0001f9fc   Number         0  main.o(sdh_ble_observers2)
    sdh_ble_observers2$$Limit                0x0001fa0c   Number         0  main.o(sdh_ble_observers2)
    sdh_ble_observers3$$Base                 0x0001fa0c   Number         0  main.o(sdh_ble_observers3)
    sdh_ble_observers3$$Limit                0x0001fa14   Number         0  main.o(sdh_ble_observers3)
    sdh_soc_observers0$$Base                 0x0001fa14   Number         0  nrf_drv_clock.o(sdh_soc_observers0)
    sdh_soc_observers0$$Limit                0x0001fa1c   Number         0  nrf_drv_clock.o(sdh_soc_observers0)
    sdh_soc_observers1$$Base                 0x0001fa1c   Number         0  main.o(sdh_soc_observers1)
    sdh_soc_observers1$$Limit                0x0001fa24   Number         0  main.o(sdh_soc_observers1)
    sdh_stack_observers0$$Base               0x0001fa24   Number         0  nrf_sdh_ble.o(sdh_stack_observers0)
    sdh_stack_observers0$$Limit              0x0001fa34   Number         0  nrf_sdh_soc.o(sdh_stack_observers0)
    sdh_state_observers0$$Base               0x0001fa34   Number         0  nrf_drv_clock.o(sdh_state_observers0)
    sdh_state_observers0$$Limit              0x0001fa3c   Number         0  nrf_drv_clock.o(sdh_state_observers0)
    Image$$RW_IRAM1$$Base                    0x20002500   Number         0  anon$$obj.o ABSOLUTE
    temp_25_value                            0x20002530   Data         202  main.o(.data)
    nrf_drv_uart_use_easy_dma                0x20002620   Data           1  nrf_drv_uart.o(.data)
    __stdout                                 0x20002698   Data           4  retarget.o(.data)
    SystemCoreClock                          0x200026fc   Data           4  system_nrf52810.o(.data)
    nrf_nvic_state                           0x20002e08   Data          12  app_util_platform.o(.bss)
    _SEGGER_RTT                              0x200033dc   Data         120  segger_rtt.o(.bss)
    __initial_sp                             0x20003e68   Data           0  arm_startup_nrf52810.o(STACK)



==============================================================================

Memory Map of the image

  Image Entry point : 0x00019201

  Load Region LR_IROM1 (Base: 0x00019000, Size: 0x00006c3c, Max: 0x00017000, ABSOLUTE, COMPRESSED[0x00006b40])

    Execution Region ER_IROM1 (Base: 0x00019000, Size: 0x00006a3c, Max: 0x00017000, ABSOLUTE)

    Base Addr    Size         Type   Attr      Idx    E Section Name        Object

    0x00019000   0x00000200   Data   RO         4812    RESET               arm_startup_nrf52810.o
    0x00019200   0x00000000   Code   RO         4868  * .ARM.Collect$$$$00000000  mc_w.l(entry.o)
    0x00019200   0x00000004   Code   RO         5176    .ARM.Collect$$$$00000001  mc_w.l(entry2.o)
    0x00019204   0x00000004   Code   RO         5179    .ARM.Collect$$$$00000004  mc_w.l(entry5.o)
    0x00019208   0x00000000   Code   RO         5181    .ARM.Collect$$$$00000008  mc_w.l(entry7b.o)
    0x00019208   0x00000000   Code   RO         5183    .ARM.Collect$$$$0000000A  mc_w.l(entry8b.o)
    0x00019208   0x00000008   Code   RO         5184    .ARM.Collect$$$$0000000B  mc_w.l(entry9a.o)
    0x00019210   0x00000000   Code   RO         5186    .ARM.Collect$$$$0000000D  mc_w.l(entry10a.o)
    0x00019210   0x00000000   Code   RO         5188    .ARM.Collect$$$$0000000F  mc_w.l(entry11a.o)
    0x00019210   0x00000004   Code   RO         5177    .ARM.Collect$$$$00002712  mc_w.l(entry2.o)
    0x00019214   0x000000e2   Code   RO         3399    .emb_text           nrf_atomic.o
    0x000192f6   0x00000002   PAD
    0x000192f8   0x00000024   Code   RO         4813    .text               arm_startup_nrf52810.o
    0x0001931c   0x00000062   Code   RO         4871    .text               mc_w.l(uldiv.o)
    0x0001937e   0x0000001e   Code   RO         4873    .text               mc_w.l(llshl.o)
    0x0001939c   0x00000008   Code   RO         4875    .text               mc_w.l(ctype_o.o)
    0x000193a4   0x00000024   Code   RO         4903    .text               mc_w.l(memcpya.o)
    0x000193c8   0x00000024   Code   RO         4905    .text               mc_w.l(memseta.o)
    0x000193ec   0x0000000e   Code   RO         4907    .text               mc_w.l(strlen.o)
    0x000193fa   0x00000012   Code   RO         4911    .text               mc_w.l(strcpy.o)
    0x0001940c   0x0000002c   Code   RO         5190    .text               mc_w.l(uidiv.o)
    0x00019438   0x00000020   Code   RO         5192    .text               mc_w.l(llushr.o)
    0x00019458   0x00000024   Code   RO         5205    .text               mc_w.l(init.o)
    0x0001947c   0x00000056   Code   RO         5219    .text               mc_w.l(__dczerorl2.o)
    0x000194d2   0x00000002   PAD
    0x000194d4   0x0000004c   Code   RO            4    i.Bin_Search        main.o
    0x00019520   0x00000164   Code   RO         1933    i.GPIOTE_IRQHandler  nrfx_gpiote.o
    0x00019684   0x00000016   Code   RO         2891    i.NVIC_ClearPendingIRQ  app_timer.o
    0x0001969a   0x00000016   Code   RO         2892    i.NVIC_EnableIRQ    app_timer.o
    0x000196b0   0x00000016   Code   RO         2893    i.NVIC_SetPendingIRQ  app_timer.o
    0x000196c6   0x00000020   Code   RO         2894    i.NVIC_SetPriority  app_timer.o
    0x000196e6   0x00000002   PAD
    0x000196e8   0x00000058   Code   RO         1795    i.POWER_CLOCK_IRQHandler  nrfx_clock.o
    0x00019740   0x00000024   Code   RO         2895    i.RTC1_IRQHandler   app_timer.o
    0x00019764   0x00000004   Code   RO         4352    i.SEGGER_RTT_Init   segger_rtt.o
    0x00019768   0x0000005c   Code   RO         4366    i.SEGGER_RTT_WriteNoLock  segger_rtt.o
    0x000197c4   0x00000004   Code   RO         2896    i.SWI0_EGU0_IRQHandler  app_timer.o
    0x000197c8   0x00000004   Code   RO         4603    i.SWI2_IRQHandler   nrf_sdh.o
    0x000197cc   0x000002e0   Code   RO         4821    i.SystemInit        system_nrf52810.o
    0x00019aac   0x0000000c   Code   RO         2202    i.UARTE0_UART0_IRQHandler  nrfx_prs.o
    0x00019ab8   0x00000068   Code   RO         4370    i._DoInit           segger_rtt.o
    0x00019b20   0x00000016   Code   RO         4371    i._GetAvailWriteSpace  segger_rtt.o
    0x00019b36   0x0000005a   Code   RO         4373    i._WriteBlocking    segger_rtt.o
    0x00019b90   0x00000042   Code   RO         4374    i._WriteNoCheck     segger_rtt.o
    0x00019bd2   0x00000002   PAD
    0x00019bd4   0x00000020   Code   RO         4960    i.__0printf$1       mc_w.l(printf1.o)
    0x00019bf4   0x0000000e   Code   RO         5213    i.__scatterload_copy  mc_w.l(handlers.o)
    0x00019c02   0x00000002   Code   RO         5214    i.__scatterload_null  mc_w.l(handlers.o)
    0x00019c04   0x0000000e   Code   RO         5215    i.__scatterload_zeroinit  mc_w.l(handlers.o)
    0x00019c12   0x00000002   PAD
    0x00019c14   0x00000024   Code   RO         4604    i.__sd_nvic_app_accessible_irq  nrf_sdh.o
    0x00019c38   0x00000154   Code   RO         4967    i._printf_core      mc_w.l(printf1.o)
    0x00019d8c   0x00000036   Code   RO          659    i.advertising_buttons_configure  bsp_btn_ble.o
    0x00019dc2   0x00000006   Code   RO          542    i.alert_timer_handler  bsp.o
    0x00019dc8   0x00000024   Code   RO         2600    i.app_button_enable  app_button.o
    0x00019dec   0x00000078   Code   RO         2601    i.app_button_init   app_button.o
    0x00019e64   0x00000084   Code   RO         2724    i.app_error_fault_handler  app_error_weak.o
    0x00019ee8   0x00000016   Code   RO         2664    i.app_error_handler_bare  app_error.o
    0x00019efe   0x00000016   Code   RO         2768    i.app_fifo_get      app_fifo.o
    0x00019f14   0x00000020   Code   RO         2769    i.app_fifo_init     app_fifo.o
    0x00019f34   0x0000001a   Code   RO         2771    i.app_fifo_put      app_fifo.o
    0x00019f4e   0x00000002   PAD
    0x00019f50   0x00000024   Code   RO         2899    i.app_timer_create  app_timer.o
    0x00019f74   0x00000054   Code   RO         2900    i.app_timer_init    app_timer.o
    0x00019fc8   0x00000088   Code   RO         2903    i.app_timer_start   app_timer.o
    0x0001a050   0x00000020   Code   RO         2904    i.app_timer_stop    app_timer.o
    0x0001a070   0x00000034   Code   RO         3066    i.app_uart_get      app_uart_fifo.o
    0x0001a0a4   0x000000a4   Code   RO         3067    i.app_uart_init     app_uart_fifo.o
    0x0001a148   0x00000054   Code   RO         3068    i.app_uart_put      app_uart_fifo.o
    0x0001a19c   0x00000048   Code   RO         3147    i.app_util_critical_region_enter  app_util_platform.o
    0x0001a1e4   0x00000034   Code   RO         3148    i.app_util_critical_region_exit  app_util_platform.o
    0x0001a218   0x00000088   Code   RO         2256    i.apply_config      nrfx_uart.o
    0x0001a2a0   0x00000088   Code   RO         2444    i.apply_config      nrfx_uarte.o
    0x0001a328   0x00000048   Code   RO         1198    i.blcm_link_ctx_get  ble_link_ctx_manager.o
    0x0001a370   0x00000182   Code   RO          763    i.ble_advdata_encode  ble_advdata.o
    0x0001a4f2   0x00000020   Code   RO          765    i.ble_advdata_parse  ble_advdata.o
    0x0001a512   0x00000038   Code   RO          766    i.ble_advdata_search  ble_advdata.o
    0x0001a54a   0x00000006   Code   RO          870    i.ble_advertising_conn_cfg_tag_set  ble_advertising.o
    0x0001a550   0x000000ea   Code   RO          871    i.ble_advertising_init  ble_advertising.o
    0x0001a63a   0x0000006a   Code   RO          873    i.ble_advertising_on_ble_evt  ble_advertising.o
    0x0001a6a4   0x00000002   Code   RO          874    i.ble_advertising_on_sys_evt  ble_advertising.o
    0x0001a6a6   0x0000003a   Code   RO          876    i.ble_advertising_restart_without_whitelist  ble_advertising.o
    0x0001a6e0   0x00000202   Code   RO          877    i.ble_advertising_start  ble_advertising.o
    0x0001a8e2   0x00000002   PAD
    0x0001a8e4   0x00000068   Code   RO          966    i.ble_conn_params_init  ble_conn_params.o
    0x0001a94c   0x00000012   Code   RO         1041    i.ble_conn_state_conn_idx  ble_conn_state.o
    0x0001a95e   0x00000002   PAD
    0x0001a960   0x00000014   Code   RO         1054    i.ble_conn_state_valid  ble_conn_state.o
    0x0001a974   0x00000060   Code   RO          769    i.ble_device_addr_encode  ble_advdata.o
    0x0001a9d4   0x000000c8   Code   RO            6    i.ble_evt_handler   main.o
    0x0001aa9c   0x00000070   Code   RO          660    i.ble_evt_handler   bsp_btn_ble.o
    0x0001ab0c   0x000000fc   Code   RO          968    i.ble_evt_handler   ble_conn_params.o
    0x0001ac08   0x00000104   Code   RO         1055    i.ble_evt_handler   ble_conn_state.o
    0x0001ad0c   0x00000066   Code   RO         1400    i.ble_nus_data_send  ble_nus.o
    0x0001ad72   0x00000002   PAD
    0x0001ad74   0x000000d4   Code   RO         1401    i.ble_nus_init      ble_nus.o
    0x0001ae48   0x00000070   Code   RO         1402    i.ble_nus_on_ble_evt  ble_nus.o
    0x0001aeb8   0x00000008   Code   RO         1224    i.ble_srv_is_notification_enabled  ble_srv_common.o
    0x0001aec0   0x0000000c   Code   RO          406    i.bsp_board_button_idx_to_pin  boards.o
    0x0001aecc   0x00000020   Code   RO          407    i.bsp_board_button_state_get  boards.o
    0x0001aeec   0x00000054   Code   RO          408    i.bsp_board_init    boards.o
    0x0001af40   0x00000024   Code   RO          410    i.bsp_board_led_invert  boards.o
    0x0001af64   0x00000010   Code   RO          411    i.bsp_board_led_off  boards.o
    0x0001af74   0x00000010   Code   RO          412    i.bsp_board_led_on  boards.o
    0x0001af84   0x00000020   Code   RO          413    i.bsp_board_led_state_get  boards.o
    0x0001afa4   0x00000012   Code   RO          414    i.bsp_board_leds_off  boards.o
    0x0001afb6   0x00000012   Code   RO          415    i.bsp_board_leds_on  boards.o
    0x0001afc8   0x00000024   Code   RO          416    i.bsp_board_pin_to_button_idx  boards.o
    0x0001afec   0x00000038   Code   RO          661    i.bsp_btn_ble_init  bsp_btn_ble.o
    0x0001b024   0x0000001e   Code   RO          662    i.bsp_btn_ble_sleep_mode_prepare  bsp_btn_ble.o
    0x0001b042   0x00000002   PAD
    0x0001b044   0x00000090   Code   RO          543    i.bsp_button_event_handler  bsp.o
    0x0001b0d4   0x0000000c   Code   RO          544    i.bsp_button_is_pressed  bsp.o
    0x0001b0e0   0x0000004c   Code   RO            7    i.bsp_event_handler  main.o
    0x0001b12c   0x00000044   Code   RO          547    i.bsp_event_to_button_action_assign  bsp.o
    0x0001b170   0x00000018   Code   RO          548    i.bsp_indication_set  bsp.o
    0x0001b188   0x00000094   Code   RO          549    i.bsp_init          bsp.o
    0x0001b21c   0x000001c8   Code   RO          550    i.bsp_led_indication  bsp.o
    0x0001b3e4   0x00000006   Code   RO          552    i.bsp_wakeup_button_enable  bsp.o
    0x0001b3ea   0x00000002   PAD
    0x0001b3ec   0x00000090   Code   RO         4107    i.buf_prealloc      nrf_log_frontend.o
    0x0001b47c   0x0000002e   Code   RO         3611    i.buffer_add        nrf_fprintf_format.o
    0x0001b4aa   0x00000002   PAD
    0x0001b4ac   0x00000014   Code   RO         4108    i.buffer_is_empty   nrf_log_frontend.o
    0x0001b4c0   0x00000008   Code   RO          553    i.button_timer_handler  bsp.o
    0x0001b4c8   0x0000001c   Code   RO         1934    i.channel_free      nrfx_gpiote.o
    0x0001b4e4   0x00000048   Code   RO         1935    i.channel_port_alloc  nrfx_gpiote.o
    0x0001b52c   0x00000010   Code   RO         1936    i.channel_port_get  nrfx_gpiote.o
    0x0001b53c   0x00000190   Code   RO         1226    i.characteristic_add  ble_srv_common.o
    0x0001b6cc   0x00000028   Code   RO         1458    i.clock_clk_started_notify  nrf_drv_clock.o
    0x0001b6f4   0x0000001c   Code   RO         1459    i.clock_irq_handler  nrf_drv_clock.o
    0x0001b710   0x000000ac   Code   RO         2906    i.compare_reg_update  app_timer.o
    0x0001b7bc   0x0000003e   Code   RO         1056    i.conn_handle_list_get  ble_conn_state.o
    0x0001b7fa   0x00000088   Code   RO          770    i.conn_int_encode   ble_advdata.o
    0x0001b882   0x00000004   Code   RO            8    i.conn_params_error_handler  main.o
    0x0001b886   0x00000002   PAD
    0x0001b888   0x00000048   Code   RO          969    i.conn_params_negotiation  ble_conn_params.o
    0x0001b8d0   0x0000009c   Code   RO         2603    i.detection_delay_timeout_handler  app_button.o
    0x0001b96c   0x00000014   Code   RO         4109    i.dropped_sat16_get  nrf_log_frontend.o
    0x0001b980   0x00000040   Code   RO         2907    i.elapsed_ticks_acquire  app_timer.o
    0x0001b9c0   0x0000004c   Code   RO         4822    i.errata_136        system_nrf52810.o
    0x0001ba0c   0x0000004c   Code   RO         4823    i.errata_31         system_nrf52810.o
    0x0001ba58   0x0000004c   Code   RO         4824    i.errata_36         system_nrf52810.o
    0x0001baa4   0x00000014   Code   RO         2774    i.fifo_get          app_fifo.o
    0x0001bab8   0x00000012   Code   RO         2775    i.fifo_put          app_fifo.o
    0x0001baca   0x00000028   Code   RO          879    i.flags_set         ble_advertising.o
    0x0001baf2   0x0000000e   Code   RO         3931    i.fputc             retarget.o
    0x0001bb00   0x0000005c   Code   RO            9    i.gatt_evt_handler  main.o
    0x0001bb5c   0x00000030   Code   RO           10    i.gatt_init         main.o
    0x0001bb8c   0x00000084   Code   RO         2604    i.gpiote_event_handler  app_button.o
    0x0001bc10   0x00000014   Code   RO          970    i.instance_get      ble_conn_params.o
    0x0001bc24   0x000000a6   Code   RO         3612    i.int_print         nrf_fprintf_format.o
    0x0001bcca   0x00000002   PAD
    0x0001bccc   0x0000007c   Code   RO         2445    i.interrupts_enable  nrfx_uarte.o
    0x0001bd48   0x00000034   Code   RO         4110    i.invalid_packets_omit  nrf_log_frontend.o
    0x0001bd7c   0x00000044   Code   RO          971    i.is_conn_params_ok  ble_conn_params.o
    0x0001bdc0   0x00000030   Code   RO          554    i.leds_off          bsp.o
    0x0001bdf0   0x00000014   Code   RO          555    i.leds_timer_handler  bsp.o
    0x0001be04   0x00000010   Code   RO         1284    i.link_init         nrf_ble_gatt.o
    0x0001be14   0x000000f8   Code   RO         2908    i.list_insertions_handler  app_timer.o
    0x0001bf0c   0x0000009c   Code   RO         4111    i.log_skip          nrf_log_frontend.o
    0x0001bfa8   0x00000254   Code   RO           11    i.main              main.o
    0x0001c1fc   0x00000064   Code   RO          771    i.manuf_specific_data_encode  ble_advdata.o
    0x0001c260   0x0000007e   Code   RO         3651    i.memobj_op         nrf_memobj.o
    0x0001c2de   0x00000002   PAD
    0x0001c2e0   0x00000030   Code   RO         4112    i.module_idx_get    nrf_log_frontend.o
    0x0001c310   0x000000a6   Code   RO          772    i.name_encode       ble_advdata.o
    0x0001c3b6   0x00000016   Code   RO         3333    i.nrf_atflags_clear  nrf_atflags.o
    0x0001c3cc   0x00000016   Code   RO         3338    i.nrf_atflags_get   nrf_atflags.o
    0x0001c3e2   0x00000014   Code   RO         3340    i.nrf_atflags_set   nrf_atflags.o
    0x0001c3f6   0x00000006   Code   RO         3401    i.nrf_atomic_flag_clear_fetch  nrf_atomic.o
    0x0001c3fc   0x00000006   Code   RO         3402    i.nrf_atomic_flag_set  nrf_atomic.o
    0x0001c402   0x0000000c   Code   RO         3404    i.nrf_atomic_u32_add  nrf_atomic.o
    0x0001c40e   0x0000000c   Code   RO         3405    i.nrf_atomic_u32_and  nrf_atomic.o
    0x0001c41a   0x0000000a   Code   RO         3408    i.nrf_atomic_u32_fetch_and  nrf_atomic.o
    0x0001c424   0x0000000a   Code   RO         3410    i.nrf_atomic_u32_fetch_store  nrf_atomic.o
    0x0001c42e   0x0000000c   Code   RO         3414    i.nrf_atomic_u32_or  nrf_atomic.o
    0x0001c43a   0x0000000c   Code   RO         3416    i.nrf_atomic_u32_sub  nrf_atomic.o
    0x0001c446   0x00000044   Code   RO         3535    i.nrf_balloc_alloc  nrf_balloc.o
    0x0001c48a   0x00000030   Code   RO         3536    i.nrf_balloc_free   nrf_balloc.o
    0x0001c4ba   0x00000030   Code   RO         3537    i.nrf_balloc_init   nrf_balloc.o
    0x0001c4ea   0x00000010   Code   RO         1937    i.nrf_bitmask_bit_is_set  nrfx_gpiote.o
    0x0001c4fa   0x00000014   Code   RO         1938    i.nrf_bitmask_bit_set  nrfx_gpiote.o
    0x0001c50e   0x00000018   Code   RO         1286    i.nrf_ble_gatt_att_mtu_periph_set  nrf_ble_gatt.o
    0x0001c526   0x00000022   Code   RO         1288    i.nrf_ble_gatt_init  nrf_ble_gatt.o
    0x0001c548   0x000000f4   Code   RO         1289    i.nrf_ble_gatt_on_ble_evt  nrf_ble_gatt.o
    0x0001c63c   0x00000016   Code   RO         1359    i.nrf_ble_qwr_conn_handle_assign  nrf_ble_qwr.o
    0x0001c652   0x00000024   Code   RO         1360    i.nrf_ble_qwr_init  nrf_ble_qwr.o
    0x0001c676   0x000000b6   Code   RO         1361    i.nrf_ble_qwr_on_ble_evt  nrf_ble_qwr.o
    0x0001c72c   0x0000000e   Code   RO         1796    i.nrf_clock_event_check  nrfx_clock.o
    0x0001c73a   0x00000010   Code   RO         1797    i.nrf_clock_event_clear  nrfx_clock.o
    0x0001c74a   0x00000002   PAD
    0x0001c74c   0x00000038   Code   RO         1466    i.nrf_drv_clock_init  nrf_drv_clock.o
    0x0001c784   0x00000030   Code   RO         1470    i.nrf_drv_clock_lfclk_release  nrf_drv_clock.o
    0x0001c7b4   0x00000068   Code   RO         1604    i.nrf_drv_uart_init  nrf_drv_uart.o
    0x0001c81c   0x00000020   Code   RO         3069    i.nrf_drv_uart_rx   app_uart_fifo.o
    0x0001c83c   0x00000020   Code   RO         3070    i.nrf_drv_uart_tx   app_uart_fifo.o
    0x0001c85c   0x0000001a   Code   RO         3572    i.nrf_fprintf       nrf_fprintf.o
    0x0001c876   0x00000018   Code   RO         3573    i.nrf_fprintf_buffer_flush  nrf_fprintf.o
    0x0001c88e   0x000001da   Code   RO         3613    i.nrf_fprintf_fmt   nrf_fprintf_format.o
    0x0001ca68   0x00000024   Code   RO          418    i.nrf_gpio_cfg      boards.o
    0x0001ca8c   0x00000024   Code   RO         1939    i.nrf_gpio_cfg      nrfx_gpiote.o
    0x0001cab0   0x00000024   Code   RO         2257    i.nrf_gpio_cfg      nrfx_uart.o
    0x0001cad4   0x00000024   Code   RO         2446    i.nrf_gpio_cfg      nrfx_uarte.o
    0x0001caf8   0x00000012   Code   RO         2259    i.nrf_gpio_cfg_input  nrfx_uart.o
    0x0001cb0a   0x00000012   Code   RO         2448    i.nrf_gpio_cfg_input  nrfx_uarte.o
    0x0001cb1c   0x00000014   Code   RO         2260    i.nrf_gpio_cfg_output  nrfx_uart.o
    0x0001cb30   0x00000014   Code   RO         2449    i.nrf_gpio_cfg_output  nrfx_uarte.o
    0x0001cb44   0x00000022   Code   RO         1941    i.nrf_gpio_cfg_sense_set  nrfx_gpiote.o
    0x0001cb66   0x00000016   Code   RO          419    i.nrf_gpio_pin_write  boards.o
    0x0001cb7c   0x00000028   Code   RO         1942    i.nrf_gpio_ports_read  nrfx_gpiote.o
    0x0001cba4   0x00000014   Code   RO         1943    i.nrf_gpiote_event_clear  nrfx_gpiote.o
    0x0001cbb8   0x00000010   Code   RO         1944    i.nrf_gpiote_event_is_set  nrfx_gpiote.o
    0x0001cbc8   0x0000005c   Code   RO         4113    i.nrf_log_backend_add  nrf_log_frontend.o
    0x0001cc24   0x00000002   Code   RO         3968    i.nrf_log_backend_rtt_flush  nrf_log_backend_rtt.o
    0x0001cc26   0x00000004   Code   RO         3969    i.nrf_log_backend_rtt_init  nrf_log_backend_rtt.o
    0x0001cc2a   0x00000002   Code   RO         3970    i.nrf_log_backend_rtt_panic_set  nrf_log_backend_rtt.o
    0x0001cc2c   0x00000018   Code   RO         3971    i.nrf_log_backend_rtt_put  nrf_log_backend_rtt.o
    0x0001cc44   0x000000c8   Code   RO         4037    i.nrf_log_backend_serial_put  nrf_log_backend_serial.o
    0x0001cd0c   0x00000030   Code   RO         4115    i.nrf_log_color_id_get  nrf_log_frontend.o
    0x0001cd3c   0x0000001c   Code   RO         4071    i.nrf_log_default_backends_init  nrf_log_default_backends.o
    0x0001cd58   0x00000234   Code   RO         4116    i.nrf_log_frontend_dequeue  nrf_log_frontend.o
    0x0001cf8c   0x00000008   Code   RO         4118    i.nrf_log_frontend_std_0  nrf_log_frontend.o
    0x0001cf94   0x0000000e   Code   RO         4119    i.nrf_log_frontend_std_1  nrf_log_frontend.o
    0x0001cfa2   0x00000010   Code   RO         4120    i.nrf_log_frontend_std_2  nrf_log_frontend.o
    0x0001cfb2   0x00000002   PAD
    0x0001cfb4   0x000000b0   Code   RO         4293    i.nrf_log_hexdump_entry_process  nrf_log_str_formatter.o
    0x0001d064   0x0000003c   Code   RO         4125    i.nrf_log_init      nrf_log_frontend.o
    0x0001d0a0   0x00000014   Code   RO         4126    i.nrf_log_module_cnt_get  nrf_log_frontend.o
    0x0001d0b4   0x0000001c   Code   RO         4129    i.nrf_log_module_name_get  nrf_log_frontend.o
    0x0001d0d0   0x0000002c   Code   RO         4130    i.nrf_log_panic     nrf_log_frontend.o
    0x0001d0fc   0x000000b6   Code   RO         4294    i.nrf_log_std_entry_process  nrf_log_str_formatter.o
    0x0001d1b2   0x00000060   Code   RO         3652    i.nrf_memobj_alloc  nrf_memobj.o
    0x0001d212   0x00000032   Code   RO         3653    i.nrf_memobj_free   nrf_memobj.o
    0x0001d244   0x00000008   Code   RO         3654    i.nrf_memobj_get    nrf_memobj.o
    0x0001d24c   0x00000004   Code   RO         3655    i.nrf_memobj_pool_init  nrf_memobj.o
    0x0001d250   0x0000001e   Code   RO         3656    i.nrf_memobj_put    nrf_memobj.o
    0x0001d26e   0x00000010   Code   RO         3657    i.nrf_memobj_read   nrf_memobj.o
    0x0001d27e   0x00000010   Code   RO         3658    i.nrf_memobj_write  nrf_memobj.o
    0x0001d28e   0x00000002   PAD
    0x0001d290   0x00000028   Code   RO         3730    i.nrf_pwr_mgmt_init  nrf_pwr_mgmt.o
    0x0001d2b8   0x00000014   Code   RO         3731    i.nrf_pwr_mgmt_run  nrf_pwr_mgmt.o
    0x0001d2cc   0x00000004   Code   RO           12    i.nrf_qwr_error_handler  main.o
    0x0001d2d0   0x0000001c   Code   RO         3804    i.nrf_ringbuf_init  nrf_ringbuf.o
    0x0001d2ec   0x00000014   Code   RO         4724    i.nrf_sdh_ble_app_ram_start_get  nrf_sdh_ble.o
    0x0001d300   0x00000128   Code   RO         4725    i.nrf_sdh_ble_default_cfg_set  nrf_sdh_ble.o
    0x0001d428   0x00000130   Code   RO         4726    i.nrf_sdh_ble_enable  nrf_sdh_ble.o
    0x0001d558   0x00000060   Code   RO         4727    i.nrf_sdh_ble_evts_poll  nrf_sdh_ble.o
    0x0001d5b8   0x00000074   Code   RO         4606    i.nrf_sdh_enable_request  nrf_sdh.o
    0x0001d62c   0x00000024   Code   RO         4607    i.nrf_sdh_evts_poll  nrf_sdh.o
    0x0001d650   0x0000000c   Code   RO         4608    i.nrf_sdh_is_enabled  nrf_sdh.o
    0x0001d65c   0x0000003c   Code   RO         4778    i.nrf_sdh_soc_evts_poll  nrf_sdh_soc.o
    0x0001d698   0x0000000a   Code   RO         3862    i.nrf_section_iter_init  nrf_section_iter.o
    0x0001d6a2   0x00000024   Code   RO         3863    i.nrf_section_iter_item_set  nrf_section_iter.o
    0x0001d6c6   0x00000020   Code   RO         3864    i.nrf_section_iter_next  nrf_section_iter.o
    0x0001d6e6   0x00000002   PAD
    0x0001d6e8   0x00000038   Code   RO         3897    i.nrf_strerror_find  nrf_strerror.o
    0x0001d720   0x00000014   Code   RO         3898    i.nrf_strerror_get  nrf_strerror.o
    0x0001d734   0x0000000a   Code   RO         2261    i.nrf_uart_event_check  nrfx_uart.o
    0x0001d73e   0x0000000c   Code   RO         2262    i.nrf_uart_event_clear  nrfx_uart.o
    0x0001d74a   0x0000000c   Code   RO         2263    i.nrf_uart_int_enable_check  nrfx_uart.o
    0x0001d756   0x0000000a   Code   RO         2450    i.nrf_uarte_event_check  nrfx_uarte.o
    0x0001d760   0x0000000c   Code   RO         2451    i.nrf_uarte_event_clear  nrfx_uarte.o
    0x0001d76c   0x0000002c   Code   RO         1802    i.nrfx_clock_enable  nrfx_clock.o
    0x0001d798   0x00000020   Code   RO         1805    i.nrfx_clock_init   nrfx_clock.o
    0x0001d7b8   0x0000001c   Code   RO         1808    i.nrfx_clock_lfclk_stop  nrfx_clock.o
    0x0001d7d4   0x00000010   Code   RO         2909    i.nrfx_coredep_delay_us  app_timer.o
    0x0001d7e4   0x000000a4   Code   RO         1949    i.nrfx_gpiote_in_event_enable  nrfx_gpiote.o
    0x0001d888   0x000000d0   Code   RO         1950    i.nrfx_gpiote_in_init  nrfx_gpiote.o
    0x0001d958   0x00000014   Code   RO         1951    i.nrfx_gpiote_in_is_set  nrfx_gpiote.o
    0x0001d96c   0x0000006c   Code   RO         1953    i.nrfx_gpiote_init  nrfx_gpiote.o
    0x0001d9d8   0x00000014   Code   RO         1954    i.nrfx_gpiote_is_init  nrfx_gpiote.o
    0x0001d9ec   0x00000010   Code   RO         2452    i.nrfx_is_in_ram    nrfx_uarte.o
    0x0001d9fc   0x0000003a   Code   RO         2203    i.nrfx_prs_acquire  nrfx_prs.o
    0x0001da36   0x00000002   PAD
    0x0001da38   0x00000010   Code   RO         2264    i.nrfx_uart_0_irq_handler  nrfx_uart.o
    0x0001da48   0x000000d0   Code   RO         2266    i.nrfx_uart_init    nrfx_uart.o
    0x0001db18   0x000000ec   Code   RO         2267    i.nrfx_uart_rx      nrfx_uart.o
    0x0001dc04   0x000000a4   Code   RO         2272    i.nrfx_uart_tx      nrfx_uart.o
    0x0001dca8   0x00000020   Code   RO         2274    i.nrfx_uart_tx_in_progress  nrfx_uart.o
    0x0001dcc8   0x00000010   Code   RO         2453    i.nrfx_uarte_0_irq_handler  nrfx_uarte.o
    0x0001dcd8   0x0000006c   Code   RO         2455    i.nrfx_uarte_init   nrfx_uarte.o
    0x0001dd44   0x00000104   Code   RO         2456    i.nrfx_uarte_rx     nrfx_uarte.o
    0x0001de48   0x00000090   Code   RO         2459    i.nrfx_uarte_tx     nrfx_uarte.o
    0x0001ded8   0x0000001c   Code   RO         2461    i.nrfx_uarte_tx_in_progress  nrfx_uarte.o
    0x0001def4   0x00000098   Code   RO           13    i.nus_data_handler  main.o
    0x0001df8c   0x00000024   Code   RO           14    i.on_adv_evt        main.o
    0x0001dfb0   0x0000001c   Code   RO           15    i.on_conn_params_evt  main.o
    0x0001dfcc   0x0000006a   Code   RO         1403    i.on_connect        ble_nus.o
    0x0001e036   0x00000002   PAD
    0x0001e038   0x0000008c   Code   RO         1290    i.on_connected_evt  nrf_ble_gatt.o
    0x0001e0c4   0x000000b0   Code   RO         1291    i.on_exchange_mtu_request_evt  nrf_ble_gatt.o
    0x0001e174   0x00000084   Code   RO         1404    i.on_write          ble_nus.o
    0x0001e1f8   0x00000012   Code   RO          880    i.phy_is_valid      ble_advertising.o
    0x0001e20a   0x00000002   PAD
    0x0001e20c   0x00000018   Code   RO         1970    i.pin_in_use_by_port  nrfx_gpiote.o
    0x0001e224   0x00000018   Code   RO         1971    i.pin_in_use_by_te  nrfx_gpiote.o
    0x0001e23c   0x0000003c   Code   RO         4296    i.postfix_process   nrf_log_str_formatter.o
    0x0001e278   0x00000098   Code   RO         4297    i.prefix_process    nrf_log_str_formatter.o
    0x0001e310   0x00000018   Code   RO         2205    i.prs_box_get       nrfx_prs.o
    0x0001e328   0x0000003c   Code   RO         2910    i.rtc1_stop         app_timer.o
    0x0001e364   0x00000032   Code   RO         2276    i.rx_byte           nrfx_uart.o
    0x0001e396   0x00000016   Code   RO         2277    i.rx_done_event     nrfx_uart.o
    0x0001e3ac   0x00000016   Code   RO         2463    i.rx_done_event     nrfx_uarte.o
    0x0001e3c2   0x00000020   Code   RO         2278    i.rx_enable         nrfx_uart.o
    0x0001e3e2   0x00000002   PAD
    0x0001e3e4   0x00000050   Code   RO         1473    i.sd_state_evt_handler  nrf_drv_clock.o
    0x0001e434   0x00000030   Code   RO         4613    i.sdh_request_observer_notify  nrf_sdh.o
    0x0001e464   0x0000002c   Code   RO         4614    i.sdh_state_observer_notify  nrf_sdh.o
    0x0001e490   0x00000010   Code   RO          972    i.send_error_evt    ble_conn_params.o
    0x0001e4a0   0x00000050   Code   RO         3972    i.serial_tx         nrf_log_backend_rtt.o
    0x0001e4f0   0x00000088   Code   RO          773    i.service_data_encode  ble_advdata.o
    0x0001e578   0x00000030   Code   RO         1228    i.set_security_req  ble_srv_common.o
    0x0001e5a8   0x00000028   Code   RO           16    i.sleep_mode_enter  main.o
    0x0001e5d0   0x00000018   Code   RO         1474    i.soc_evt_handler   nrf_drv_clock.o
    0x0001e5e8   0x00000058   Code   RO         4616    i.softdevices_evt_irq_enable  nrf_sdh.o
    0x0001e640   0x0000008c   Code   RO         4132    i.std_n             nrf_log_frontend.o
    0x0001e6cc   0x00000080   Code   RO         2911    i.timer_list_handler  app_timer.o
    0x0001e74c   0x0000003c   Code   RO         2912    i.timer_list_insert  app_timer.o
    0x0001e788   0x00000060   Code   RO         2913    i.timer_list_remove  app_timer.o
    0x0001e7e8   0x00000048   Code   RO         2914    i.timer_stop_op_schedule  app_timer.o
    0x0001e830   0x00000074   Code   RO         2915    i.timer_timeouts_check  app_timer.o
    0x0001e8a4   0x00000020   Code   RO         2279    i.tx_byte           nrfx_uart.o
    0x0001e8c4   0x0000001a   Code   RO         2280    i.tx_done_event     nrfx_uart.o
    0x0001e8de   0x00000002   PAD
    0x0001e8e0   0x00000078   Code   RO           17    i.uart_event_handle  main.o
    0x0001e958   0x000000a0   Code   RO         3071    i.uart_event_handler  app_uart_fifo.o
    0x0001e9f8   0x00000030   Code   RO         1605    i.uart_evt_handler  nrf_drv_uart.o
    0x0001ea28   0x00000128   Code   RO         2281    i.uart_irq_handler  nrfx_uart.o
    0x0001eb50   0x00000030   Code   RO         1606    i.uarte_evt_handler  nrf_drv_uart.o
    0x0001eb80   0x000000f2   Code   RO         2464    i.uarte_irq_handler  nrfx_uarte.o
    0x0001ec72   0x0000000a   Code   RO          774    i.uint16_encode     ble_advdata.o
    0x0001ec7c   0x000000b4   Code   RO         3614    i.unsigned_print    nrf_fprintf_format.o
    0x0001ed30   0x00000068   Code   RO          973    i.update_timeout_handler  ble_conn_params.o
    0x0001ed98   0x00000018   Code   RO          881    i.use_whitelist     ble_advertising.o
    0x0001edb0   0x00000024   Code   RO         1362    i.user_mem_reply    nrf_ble_qwr.o
    0x0001edd4   0x00000030   Code   RO         2916    i.user_op_alloc     app_timer.o
    0x0001ee04   0x00000030   Code   RO          775    i.uuid_list_encode  ble_advdata.o
    0x0001ee34   0x0000009e   Code   RO          776    i.uuid_list_sized_encode  ble_advdata.o
    0x0001eed2   0x0000003a   Code   RO          556    i.wakeup_button_cfg  bsp.o
    0x0001ef0c   0x00000018   Data   RO           19    .constdata          main.o
    0x0001ef24   0x00000008   Data   RO          420    .constdata          boards.o
    0x0001ef2c   0x0000002c   Data   RO          561    .constdata          bsp.o
    0x0001ef58   0x0000000e   Data   RO         1292    .constdata          nrf_ble_gatt.o
    0x0001ef66   0x00000002   PAD
    0x0001ef68   0x00000010   Data   RO         1405    .constdata          ble_nus.o
    0x0001ef78   0x00000004   Data   RO         1973    .constdata          nrfx_gpiote.o
    0x0001ef7c   0x00000004   Data   RO         2284    .constdata          nrfx_uart.o
    0x0001ef80   0x00000004   Data   RO         2467    .constdata          nrfx_uarte.o
    0x0001ef84   0x00000008   Data   RO         2606    .constdata          app_button.o
    0x0001ef8c   0x00000004   PAD
    0x0001ef90   0x00000006   Data   RO         2918    .constdata          app_timer.o
    0x0001ef96   0x00000002   PAD
    0x0001ef98   0x00000020   Data   RO         3073    .constdata          app_uart_fifo.o
    0x0001efb8   0x00000010   Data   RO         3615    .constdata          nrf_fprintf_format.o
    0x0001efc8   0x00000018   Data   RO         3735    .constdata          nrf_pwr_mgmt.o
    0x0001efe0   0x0000000c   Data   RO         3736    .constdata          nrf_pwr_mgmt.o
    0x0001efec   0x0000013c   Data   RO         3899    .constdata          nrf_strerror.o
    0x0001f128   0x0000000c   Data   RO         3974    .constdata          nrf_log_backend_rtt.o
    0x0001f134   0x0000000c   PAD
    0x0001f140   0x00000006   Data   RO         3975    .constdata          nrf_log_backend_rtt.o
    0x0001f146   0x00000002   PAD
    0x0001f148   0x0000000c   Data   RO         4137    .constdata          nrf_log_frontend.o
    0x0001f154   0x00000010   Data   RO         4617    .constdata          nrf_sdh.o
    0x0001f164   0x00000028   Data   RO         4618    .constdata          nrf_sdh.o
    0x0001f18c   0x00000010   Data   RO         4619    .constdata          nrf_sdh.o
    0x0001f19c   0x00000010   Data   RO         4620    .constdata          nrf_sdh.o
    0x0001f1ac   0x00000020   Data   RO         4728    .constdata          nrf_sdh_ble.o
    0x0001f1cc   0x00000010   Data   RO         4729    .constdata          nrf_sdh_ble.o
    0x0001f1dc   0x00000010   Data   RO         4779    .constdata          nrf_sdh_soc.o
    0x0001f1ec   0x0000000c   Data   RO         4780    .constdata          nrf_sdh_soc.o
    0x0001f1f8   0x00000081   Data   RO         4876    .constdata          mc_w.l(ctype_o.o)
    0x0001f279   0x00000003   PAD
    0x0001f27c   0x00000004   Data   RO         4877    .constdata          mc_w.l(ctype_o.o)
    0x0001f280   0x000003eb   Data   RO         3900    .conststring        nrf_strerror.o
    0x0001f66b   0x00000001   PAD
    0x0001f66c   0x00000066   Data   RO         4298    .conststring        nrf_log_str_formatter.o
    0x0001f6d2   0x00000002   PAD
    0x0001f6d4   0x000001cf   Data   RO         4730    .conststring        nrf_sdh_ble.o
    0x0001f8a3   0x00000001   PAD
    0x0001f8a4   0x0000000d   Data   RO         1293    .conststrlit        nrf_ble_gatt.o
    0x0001f8b1   0x00000003   PAD
    0x0001f8b4   0x00000008   Data   RO         1406    .conststrlit        ble_nus.o
    0x0001f8bc   0x00000006   Data   RO         1480    .conststrlit        nrf_drv_clock.o
    0x0001f8c2   0x00000002   PAD
    0x0001f8c4   0x00000006   Data   RO         1812    .conststrlit        nrfx_clock.o
    0x0001f8ca   0x00000002   PAD
    0x0001f8cc   0x00000007   Data   RO         1977    .conststrlit        nrfx_gpiote.o
    0x0001f8d3   0x00000001   PAD
    0x0001f8d4   0x00000004   Data   RO         2207    .conststrlit        nrfx_prs.o
    0x0001f8d8   0x00000005   Data   RO         2287    .conststrlit        nrfx_uart.o
    0x0001f8dd   0x00000003   PAD
    0x0001f8e0   0x00000006   Data   RO         2470    .conststrlit        nrfx_uarte.o
    0x0001f8e6   0x00000002   PAD
    0x0001f8e8   0x00000009   Data   RO         3737    .conststrlit        nrf_pwr_mgmt.o
    0x0001f8f1   0x00000003   PAD
    0x0001f8f4   0x00000010   Data   RO         4072    .conststrlit        nrf_log_default_backends.o
    0x0001f904   0x00000004   Data   RO         4138    .conststrlit        nrf_log_frontend.o
    0x0001f908   0x00000008   Data   RO         4621    .conststrlit        nrf_sdh.o
    0x0001f910   0x0000000c   Data   RO         4731    .conststrlit        nrf_sdh_ble.o
    0x0001f91c   0x0000000c   Data   RO         4781    .conststrlit        nrf_sdh_soc.o
    0x0001f928   0x00000020   Data   RO         5211    Region$$Table       anon$$obj.o
    0x0001f948   0x00000010   Data   RO         4074    log_backends        nrf_log_default_backends.o
    0x0001f958   0x00000008   Data   RO         1294    log_const_data      nrf_ble_gatt.o
    0x0001f960   0x00000008   Data   RO         1407    log_const_data      ble_nus.o
    0x0001f968   0x00000008   Data   RO         1481    log_const_data      nrf_drv_clock.o
    0x0001f970   0x00000008   Data   RO         1814    log_const_data      nrfx_clock.o
    0x0001f978   0x00000008   Data   RO         1978    log_const_data      nrfx_gpiote.o
    0x0001f980   0x00000008   Data   RO         2209    log_const_data      nrfx_prs.o
    0x0001f988   0x00000008   Data   RO         2288    log_const_data      nrfx_uart.o
    0x0001f990   0x00000008   Data   RO         2471    log_const_data      nrfx_uarte.o
    0x0001f998   0x00000008   Data   RO         3739    log_const_data      nrf_pwr_mgmt.o
    0x0001f9a0   0x00000008   Data   RO         4141    log_const_data      nrf_log_frontend.o
    0x0001f9a8   0x00000008   Data   RO         4623    log_const_data      nrf_sdh.o
    0x0001f9b0   0x00000008   Data   RO         4733    log_const_data      nrf_sdh_ble.o
    0x0001f9b8   0x00000008   Data   RO         4782    log_const_data      nrf_sdh_soc.o
    0x0001f9c0   0x00000014   Data   RO         4142    nrf_balloc          nrf_log_frontend.o
    0x0001f9d4   0x00000008   Data   RO         1060    sdh_ble_observers0  ble_conn_state.o
    0x0001f9dc   0x00000010   Data   RO           23    sdh_ble_observers1  main.o
    0x0001f9ec   0x00000008   Data   RO          664    sdh_ble_observers1  bsp_btn_ble.o
    0x0001f9f4   0x00000008   Data   RO          976    sdh_ble_observers1  ble_conn_params.o
    0x0001f9fc   0x00000010   Data   RO           24    sdh_ble_observers2  main.o
    0x0001fa0c   0x00000008   Data   RO           25    sdh_ble_observers3  main.o
    0x0001fa14   0x00000008   Data   RO         1482    sdh_soc_observers0  nrf_drv_clock.o
    0x0001fa1c   0x00000008   Data   RO           26    sdh_soc_observers1  main.o
    0x0001fa24   0x00000008   Data   RO         4734    sdh_stack_observers0  nrf_sdh_ble.o
    0x0001fa2c   0x00000008   Data   RO         4783    sdh_stack_observers0  nrf_sdh_soc.o
    0x0001fa34   0x00000008   Data   RO         1483    sdh_state_observers0  nrf_drv_clock.o


    Execution Region RW_IRAM1 (Base: 0x20002500, Size: 0x00001968, Max: 0x00003b00, ABSOLUTE, COMPRESSED[0x00000104])

    Base Addr    Size         Type   Attr      Idx    E Section Name        Object

    0x20002500   0x00000008   Data   RW           20    .data               main.o
    0x20002508   0x000000f2   Data   RW           21    .data               main.o
    0x200025fa   0x00000002   PAD
    0x200025fc   0x00000004   Data   RW           22    .data               main.o
    0x20002600   0x00000010   Data   RW          562    .data               bsp.o
    0x20002610   0x00000008   Data   RW          663    .data               bsp_btn_ble.o
    0x20002618   0x00000008   Data   RW          975    .data               ble_conn_params.o
    0x20002620   0x0000000c   Data   RW         1607    .data               nrf_drv_uart.o
    0x2000262c   0x00000008   Data   RW         1813    .data               nrfx_clock.o
    0x20002634   0x00000008   Data   RW         2208    .data               nrfx_prs.o
    0x2000263c   0x00000004   PAD
    0x20002640   0x00000020   Data   RW         2607    .data               app_button.o
    0x20002660   0x00000014   Data   RW         2919    .data               app_timer.o
    0x20002674   0x0000001c   Data   RW         3074    .data               app_uart_fifo.o
    0x20002690   0x00000008   Data   RW         3738    .data               nrf_pwr_mgmt.o
    0x20002698   0x00000004   Data   RW         3932    .data               retarget.o
    0x2000269c   0x00000001   Data   RW         3976    .data               nrf_log_backend_rtt.o
    0x2000269d   0x00000003   PAD
    0x200026a0   0x00000008   Data   RW         4073    .data               nrf_log_default_backends.o
    0x200026a8   0x00000008   Data   RW         4139    .data               nrf_log_frontend.o
    0x200026b0   0x00000008   Data   RW         4140    .data               nrf_log_frontend.o
    0x200026b8   0x00000040   Data   RW         4299    .data               nrf_log_str_formatter.o
    0x200026f8   0x00000003   Data   RW         4622    .data               nrf_sdh.o
    0x200026fb   0x00000001   Data   RW         4732    .data               nrf_sdh_ble.o
    0x200026fc   0x00000004   Data   RW         4825    .data               system_nrf52810.o
    0x20002700   0x000003c8   Zero   RW           18    .bss                main.o
    0x20002ac8   0x00000020   Zero   RW          557    .bss                bsp.o
    0x20002ae8   0x00000020   Zero   RW          558    .bss                bsp.o
    0x20002b08   0x0000000c   Zero   RW          559    .bss                bsp.o
    0x20002b14   0x00000020   Zero   RW          560    .bss                bsp.o
    0x20002b34   0x00000050   Zero   RW          974    .bss                ble_conn_params.o
    0x20002b84   0x00000078   Zero   RW         1059    .bss                ble_conn_state.o
    0x20002bfc   0x00000014   Zero   RW         1475    .bss                nrf_drv_clock.o
    0x20002c10   0x0000005c   Zero   RW         1972    .bss                nrfx_gpiote.o
    0x20002c6c   0x0000002c   Zero   RW         2282    .bss                nrfx_uart.o
    0x20002c98   0x00000024   Zero   RW         2465    .bss                nrfx_uarte.o
    0x20002cbc   0x00000020   Zero   RW         2605    .bss                app_button.o
    0x20002cdc   0x0000010c   Zero   RW         2917    .bss                app_timer.o
    0x20002de8   0x00000020   Zero   RW         3072    .bss                app_uart_fifo.o
    0x20002e08   0x0000000c   Zero   RW         3153    .bss                app_util_platform.o
    0x20002e14   0x0000000c   Zero   RW         3734    .bss                nrf_pwr_mgmt.o
    0x20002e20   0x00000040   Zero   RW         3973    .bss                nrf_log_backend_rtt.o
    0x20002e60   0x000000c0   Zero   RW         4133    .bss                nrf_log_frontend.o
    0x20002f20   0x00000080   Zero   RW         4134    .bss                nrf_log_frontend.o
    0x20002fa0   0x00000018   Zero   RW         4135    .bss                nrf_log_frontend.o
    0x20002fb8   0x00000424   Zero   RW         4136    .bss                nrf_log_frontend.o
    0x200033dc   0x00000288   Zero   RW         4375    .bss                segger_rtt.o
    0x20003664   0x00000004   PAD
    0x20003668   0x00000800   Zero   RW         4810    STACK               arm_startup_nrf52810.o


==============================================================================

Image component sizes


      Code (inc. data)   RO Data    RW Data    ZI Data      Debug   Object Name

       444         38          8         32         32      12782   app_button.o
        22          0          0          0          0       2369   app_error.o
       132         46          0          0          0      28049   app_error_weak.o
       118          0          0          0          0       4646   app_fifo.o
      1506        118          6         20        268      44583   app_timer.o
       524         60         32         28         32      20718   app_uart_fifo.o
       124         14          0          0         12       9374   app_util_platform.o
        36          8        512          0       2048        868   arm_startup_nrf52810.o
      1324          0          0          0          0      52484   ble_advdata.o
      1002          6          0          0          0      10244   ble_advertising.o
       636         44          8          8         80       8747   ble_conn_params.o
       360         10          8          0        120       6583   ble_conn_state.o
        72          0          0          0          0       1564   ble_link_ctx_manager.o
       664          6         32          0          0       6584   ble_nus.o
       456          6          0          0          0       3155   ble_srv_common.o
       358         40          8          0          0      41883   boards.o
       998         84         44         16        108      14751   bsp.o
       252         10          8          8          0       4504   bsp_btn_ble.o
      1472        302         72        254        968     169306   main.o
        64          0          0          0          0       2748   nrf_atflags.o
       306          0          0          0          0       7407   nrf_atomic.o
       164          0          0          0          0       3416   nrf_balloc.o
       634        186         35          0          0       7997   nrf_ble_gatt.o
       276          0          0          0          0       4421   nrf_ble_qwr.o
       276         34         30          0         20      34812   nrf_drv_clock.o
       200         26          0         12          0      17540   nrf_drv_uart.o
        50          0          0          0          0       3365   nrf_fprintf.o
       866          4         16          0          0       5226   nrf_fprintf_format.o
       112         18         18          1         64       5733   nrf_log_backend_rtt.o
       200          0          0          0          0      10741   nrf_log_backend_serial.o
        28          4         32          8          0       3241   nrf_log_default_backends.o
      1474        114         44         16       1404      28534   nrf_log_frontend.o
       570        108        102         64          0       5356   nrf_log_str_formatter.o
       346          0          0          0          0       9023   nrf_memobj.o
        60         12         53          8         12       4779   nrf_pwr_mgmt.o
        28          0          0          0          0       2267   nrf_ringbuf.o
       384         46        104          3          0      36178   nrf_sdh.o
       716        232        539          1          0       5617   nrf_sdh_ble.o
        60          4         56          0          0       2368   nrf_sdh_soc.o
        78          0          0          0          0       2564   nrf_section_iter.o
        76         10       1319          0          0       2575   nrf_strerror.o
       222         30         14          8          0      40402   nrfx_clock.o
      1222         92         19          0         92      55591   nrfx_gpiote.o
        94         16         12          8          0       3533   nrfx_prs.o
      1358         36         17          0         44      28877   nrfx_uart.o
      1192         38         18          0         36      23147   nrfx_uarte.o
        14          0          0          4          0       2770   retarget.o
       378         34          0          0        648       8549   segger_rtt.o
       964         90          0          4          0       4403   system_nrf52810.o

    ----------------------------------------------------------------------
     22956       1926       3240        512       5992     816374   Object Totals
         0          0         32          0          0          0   (incl. Generated)
        44          0         42          9          4          0   (incl. Padding)

    ----------------------------------------------------------------------

      Code (inc. data)   RO Data    RW Data    ZI Data      Debug   Library Member Name

        86          0          0          0          0          0   __dczerorl2.o
         8          4        133          0          0         68   ctype_o.o
         0          0          0          0          0          0   entry.o
         0          0          0          0          0          0   entry10a.o
         0          0          0          0          0          0   entry11a.o
         8          4          0          0          0          0   entry2.o
         4          0          0          0          0          0   entry5.o
         0          0          0          0          0          0   entry7b.o
         0          0          0          0          0          0   entry8b.o
         8          4          0          0          0          0   entry9a.o
        30          0          0          0          0          0   handlers.o
        36          8          0          0          0         68   init.o
        30          0          0          0          0         68   llshl.o
        32          0          0          0          0         68   llushr.o
        36          0          0          0          0         68   memcpya.o
        36          0          0          0          0        108   memseta.o
       372         14          0          0          0        184   printf1.o
        18          0          0          0          0         68   strcpy.o
        14          0          0          0          0         68   strlen.o
        44          0          0          0          0         80   uidiv.o
        98          0          0          0          0         92   uldiv.o

    ----------------------------------------------------------------------
       864         34        136          0          0        940   Library Totals
         4          0          3          0          0          0   (incl. Padding)

    ----------------------------------------------------------------------

      Code (inc. data)   RO Data    RW Data    ZI Data      Debug   Library Name

       860         34        133          0          0        940   mc_w.l

    ----------------------------------------------------------------------
       864         34        136          0          0        940   Library Totals

    ----------------------------------------------------------------------

==============================================================================


      Code (inc. data)   RO Data    RW Data    ZI Data      Debug   

     23820       1960       3376        512       5992     802206   Grand Totals
     23820       1960       3376        260       5992     802206   ELF Image Totals (compressed)
     23820       1960       3376        260          0          0   ROM Totals

==============================================================================

    Total RO  Size (Code + RO Data)                27196 (  26.56kB)
    Total RW  Size (RW Data + ZI Data)              6504 (   6.35kB)
    Total ROM Size (Code + RO Data + RW Data)      27456 (  26.81kB)

==============================================================================

