Component: ARM Compiler 5.06 update 4 (build 422) Tool: armlink [4d35d2]

==============================================================================

Section Cross References

    main.o(i.assert_nrf_callback) refers to app_error_handler_keil.o(.emb_text) for app_error_handler
    main.o(i.ble_evt_handler) refers to printf5.o(i.__0printf$5) for __2printf
    main.o(i.ble_evt_handler) refers to ble_nus_c.o(i.ble_nus_c_handles_assign) for ble_nus_c_handles_assign
    main.o(i.ble_evt_handler) refers to app_error.o(i.app_error_handler_bare) for app_error_handler_bare
    main.o(i.ble_evt_handler) refers to bsp.o(i.bsp_indication_set) for bsp_indication_set
    main.o(i.ble_evt_handler) refers to ble_db_discovery.o(i.ble_db_discovery_start) for ble_db_discovery_start
    main.o(i.ble_evt_handler) refers to main.o(i.scan_start) for scan_start
    main.o(i.ble_evt_handler) refers to main.o(.bss) for .bss
    main.o(i.ble_evt_handler) refers to main.o(.data) for .data
    main.o(i.ble_nus_c_evt_handler) refers to printf5.o(i.__0printf$5) for __2printf
    main.o(i.ble_nus_c_evt_handler) refers to ble_nus_c.o(i.ble_nus_c_handles_assign) for ble_nus_c_handles_assign
    main.o(i.ble_nus_c_evt_handler) refers to app_error.o(i.app_error_handler_bare) for app_error_handler_bare
    main.o(i.ble_nus_c_evt_handler) refers to ble_nus_c.o(i.ble_nus_c_tx_notif_enable) for ble_nus_c_tx_notif_enable
    main.o(i.ble_nus_c_evt_handler) refers to main.o(i.ble_nus_chars_received_uart_print) for ble_nus_chars_received_uart_print
    main.o(i.ble_nus_chars_received_uart_print) refers to app_uart_fifo.o(i.app_uart_put) for app_uart_put
    main.o(i.ble_nus_chars_received_uart_print) refers to nrf_log_frontend.o(i.nrf_log_frontend_std_1) for nrf_log_frontend_std_1
    main.o(i.ble_nus_chars_received_uart_print) refers to app_error.o(i.app_error_handler_bare) for app_error_handler_bare
    main.o(i.ble_nus_chars_received_uart_print) refers to ble_nus_c.o(i.ble_nus_c_string_send) for ble_nus_c_string_send
    main.o(i.ble_nus_chars_received_uart_print) refers to nrf_log_frontend.o(log_const_data) for m_nrf_log_app_logs_data_const
    main.o(i.ble_nus_chars_received_uart_print) refers to main.o(.bss) for .bss
    main.o(i.bsp_event_handler) refers to nrf_pwr_mgmt.o(i.nrf_pwr_mgmt_shutdown) for nrf_pwr_mgmt_shutdown
    main.o(i.db_disc_handler) refers to ble_nus_c.o(i.ble_nus_c_on_db_disc_evt) for ble_nus_c_on_db_disc_evt
    main.o(i.db_disc_handler) refers to main.o(.bss) for .bss
    main.o(i.gatt_evt_handler) refers to nrf_log_frontend.o(i.nrf_log_frontend_std_0) for nrf_log_frontend_std_0
    main.o(i.gatt_evt_handler) refers to nrf_log_frontend.o(i.nrf_log_frontend_std_2) for nrf_log_frontend_std_2
    main.o(i.gatt_evt_handler) refers to nrf_log_frontend.o(log_const_data) for m_nrf_log_app_logs_data_const
    main.o(i.gatt_evt_handler) refers to main.o(.data) for .data
    main.o(i.gatt_init) refers to nrf_ble_gatt.o(i.nrf_ble_gatt_init) for nrf_ble_gatt_init
    main.o(i.gatt_init) refers to app_error.o(i.app_error_handler_bare) for app_error_handler_bare
    main.o(i.gatt_init) refers to nrf_ble_gatt.o(i.nrf_ble_gatt_att_mtu_central_set) for nrf_ble_gatt_att_mtu_central_set
    main.o(i.gatt_init) refers to main.o(i.gatt_evt_handler) for gatt_evt_handler
    main.o(i.gatt_init) refers to main.o(.bss) for .bss
    main.o(i.main) refers to nrf_log_frontend.o(i.nrf_log_init) for nrf_log_init
    main.o(i.main) refers to app_error.o(i.app_error_handler_bare) for app_error_handler_bare
    main.o(i.main) refers to nrf_log_default_backends.o(i.nrf_log_default_backends_init) for nrf_log_default_backends_init
    main.o(i.main) refers to app_timer.o(i.app_timer_init) for app_timer_init
    main.o(i.main) refers to memcpya.o(.text) for __aeabi_memcpy4
    main.o(i.main) refers to app_uart_fifo.o(i.app_uart_init) for app_uart_init
    main.o(i.main) refers to bsp.o(i.bsp_init) for bsp_init
    main.o(i.main) refers to bsp_btn_ble.o(i.bsp_btn_ble_init) for bsp_btn_ble_init
    main.o(i.main) refers to ble_db_discovery.o(i.ble_db_discovery_init) for ble_db_discovery_init
    main.o(i.main) refers to nrf_pwr_mgmt.o(i.nrf_pwr_mgmt_init) for nrf_pwr_mgmt_init
    main.o(i.main) refers to nrf_sdh.o(i.nrf_sdh_enable_request) for nrf_sdh_enable_request
    main.o(i.main) refers to nrf_sdh_ble.o(i.nrf_sdh_ble_default_cfg_set) for nrf_sdh_ble_default_cfg_set
    main.o(i.main) refers to nrf_sdh_ble.o(i.nrf_sdh_ble_enable) for nrf_sdh_ble_enable
    main.o(i.main) refers to main.o(i.gatt_init) for gatt_init
    main.o(i.main) refers to ble_nus_c.o(i.ble_nus_c_init) for ble_nus_c_init
    main.o(i.main) refers to main.o(i.scan_init) for scan_init
    main.o(i.main) refers to printf5.o(i.__0printf$5) for __2printf
    main.o(i.main) refers to nrf_log_frontend.o(i.nrf_log_frontend_std_0) for nrf_log_frontend_std_0
    main.o(i.main) refers to main.o(i.scan_start) for scan_start
[...]
    m_num_of_handlers_reg                    0x20005d50   Data           4  ble_db_discovery.o(.data)
    .data                                    0x20005d54   Section       12  nrf_drv_uart.o(.data)
    m_handlers                               0x20005d58   Data           4  nrf_drv_uart.o(.data)
    m_contexts                               0x20005d5c   Data           4  nrf_drv_uart.o(.data)
    .data                                    0x20005d60   Section        8  nrfx_clock.o(.data)
    m_clock_cb                               0x20005d60   Data           8  nrfx_clock.o(.data)
    .data                                    0x20005d68   Section        8  nrfx_prs.o(.data)
    m_prs_box_4                              0x20005d68   Data           8  nrfx_prs.o(.data)
    .data                                    0x20005d70   Section       32  app_button.o(.data)
    m_button_count                           0x20005d70   Data           1  app_button.o(.data)
    mp_buttons                               0x20005d74   Data           4  app_button.o(.data)
    m_detection_delay                        0x20005d78   Data           4  app_button.o(.data)
    m_pin_state                              0x20005d80   Data           8  app_button.o(.data)
    m_pin_transition                         0x20005d88   Data           8  app_button.o(.data)
    .data                                    0x20005d90   Section       20  app_timer.o(.data)
    m_ticks_elapsed_q_read_ind               0x20005d90   Data           1  app_timer.o(.data)
    m_ticks_elapsed_q_write_ind              0x20005d91   Data           1  app_timer.o(.data)
    m_rtc1_running                           0x20005d92   Data           1  app_timer.o(.data)
    m_rtc1_reset                             0x20005d93   Data           1  app_timer.o(.data)
    mp_timer_id_head                         0x20005d94   Data           4  app_timer.o(.data)
    m_ticks_latest                           0x20005d98   Data           4  app_timer.o(.data)
    m_ticks_elapsed                          0x20005d9c   Data           8  app_timer.o(.data)
    .data                                    0x20005da4   Section       28  app_uart_fifo.o(.data)
    tx_buffer                                0x20005da4   Data           1  app_uart_fifo.o(.data)
    rx_buffer                                0x20005da5   Data           1  app_uart_fifo.o(.data)
    m_rx_ovf                                 0x20005da6   Data           1  app_uart_fifo.o(.data)
    m_event_handler                          0x20005da8   Data           4  app_uart_fifo.o(.data)
    app_uart_inst                            0x20005dac   Data          20  app_uart_fifo.o(.data)
    .data                                    0x20005dc0   Section        8  nrf_pwr_mgmt.o(.data)
    m_pwr_mgmt_evt                           0x20005dc0   Data           1  nrf_pwr_mgmt.o(.data)
    m_shutdown_started                       0x20005dc1   Data           1  nrf_pwr_mgmt.o(.data)
    m_sysoff_mtx                             0x20005dc4   Data           4  nrf_pwr_mgmt.o(.data)
    .data                                    0x20005dc8   Section        4  retarget.o(.data)
    .data                                    0x20005dcc   Section        1  nrf_log_backend_rtt.o(.data)
    m_host_present                           0x20005dcc   Data           1  nrf_log_backend_rtt.o(.data)
    .data                                    0x20005dd0   Section        8  nrf_log_default_backends.o(.data)
    log_backend_cb_rtt_log_backend           0x20005dd0   Data           8  nrf_log_default_backends.o(.data)
    .data                                    0x20005dd8   Section        8  nrf_log_frontend.o(.data)
    log_mempool_nrf_balloc_pool_stack        0x20005dd8   Data           8  nrf_log_frontend.o(.data)
    .data                                    0x20005de0   Section        8  nrf_log_frontend.o(.data)
    log_mempool_nrf_balloc_cb                0x20005de0   Data           8  nrf_log_frontend.o(.data)
    .data                                    0x20005de8   Section       64  nrf_log_str_formatter.o(.data)
    m_freq                                   0x20005de8   Data           4  nrf_log_str_formatter.o(.data)
    m_timestamp_div                          0x20005dec   Data           4  nrf_log_str_formatter.o(.data)
    severity_names                           0x20005df0   Data          20  nrf_log_str_formatter.o(.data)
    m_colors                                 0x20005e04   Data          36  nrf_log_str_formatter.o(.data)
    .data                                    0x20005e28   Section        3  nrf_sdh.o(.data)
    m_nrf_sdh_enabled                        0x20005e28   Data           1  nrf_sdh.o(.data)
    m_nrf_sdh_suspended                      0x20005e29   Data           1  nrf_sdh.o(.data)
    m_nrf_sdh_continue                       0x20005e2a   Data           1  nrf_sdh.o(.data)
    .data                                    0x20005e2c   Section        8  nrf_sdh_ble.o(.data)
    m_stack_is_enabled                       0x20005e2c   Data           1  nrf_sdh_ble.o(.data)
    .data                                    0x20005e34   Section        4  system_nrf52.o(.data)
    __tagsym$$used                           0x20005e34   Number         0  system_nrf52.o(.data)
    .bss                                     0x20005e38   Section      944  main.o(.bss)
    data_array                               0x20005e38   Data         244  main.o(.bss)
    rx_buf                                   0x20005f2c   Data         256  main.o(.bss)
    tx_buf                                   0x2000602c   Data         256  main.o(.bss)
    m_ble_nus_c                              0x2000612c   Data          64  main.o(.bss)
    m_gatt                                   0x2000616c   Data          44  main.o(.bss)
    m_scan                                   0x20006198   Data          80  main.o(.bss)
    .bss                                     0x200061e8   Section       32  bsp.o(.bss)
    m_bsp_leds_tmr_data                      0x200061e8   Data          32  bsp.o(.bss)
    .bss                                     0x20006208   Section       32  bsp.o(.bss)
    m_bsp_alert_tmr_data                     0x20006208   Data          32  bsp.o(.bss)
    .bss                                     0x20006228   Section       12  bsp.o(.bss)
    m_events_list                            0x20006228   Data          12  bsp.o(.bss)
    .bss                                     0x20006234   Section       32  bsp.o(.bss)
    m_bsp_button_tmr_data                    0x20006234   Data          32  bsp.o(.bss)
    .bss                                     0x20006254   Section      792  ble_db_discovery.o(.bss)
    m_registered_handlers                    0x20006254   Data          24  ble_db_discovery.o(.bss)
    m_pending_user_evts                      0x2000626c   Data         768  ble_db_discovery.o(.bss)
    .bss                                     0x2000656c   Section       20  nrf_drv_clock.o(.bss)
    m_clock_cb                               0x2000656c   Data          20  nrf_drv_clock.o(.bss)
    .bss                                     0x20006580   Section       92  nrfx_gpiote.o(.bss)
    m_cb                                     0x20006580   Data          92  nrfx_gpiote.o(.bss)
    .bss                                     0x200065dc   Section       44  nrfx_uart.o(.bss)
    m_cb                                     0x200065dc   Data          44  nrfx_uart.o(.bss)
    .bss                                     0x20006608   Section       36  nrfx_uarte.o(.bss)
    m_cb                                     0x20006608   Data          36  nrfx_uarte.o(.bss)
    .bss                                     0x2000662c   Section       32  app_button.o(.bss)
    m_detection_delay_timer_id_data          0x2000662c   Data          32  app_button.o(.bss)
    .bss                                     0x2000664c   Section      268  app_timer.o(.bss)
    m_op_queue                               0x2000664c   Data         268  app_timer.o(.bss)
    .bss                                     0x20006758   Section       32  app_uart_fifo.o(.bss)
    m_rx_fifo                                0x20006758   Data          16  app_uart_fifo.o(.bss)
    m_tx_fifo                                0x20006768   Data          16  app_uart_fifo.o(.bss)
    .bss                                     0x20006778   Section       12  app_util_platform.o(.bss)
    .bss                                     0x20006784   Section       12  nrf_pwr_mgmt.o(.bss)
    m_handlers_iter                          0x20006784   Data          12  nrf_pwr_mgmt.o(.bss)
    .bss                                     0x20006790   Section       64  nrf_log_backend_rtt.o(.bss)
    m_string_buff                            0x20006790   Data          64  nrf_log_backend_rtt.o(.bss)
    .bss                                     0x200067d0   Section      192  nrf_log_frontend.o(.bss)
    log_mempool_nrf_balloc_pool_mem          0x200067d0   Data         192  nrf_log_frontend.o(.bss)
    .bss                                     0x20006890   Section      128  nrf_log_frontend.o(.bss)
    m_log_push_ringbuf_buf                   0x20006890   Data         128  nrf_log_frontend.o(.bss)
    .bss                                     0x20006910   Section       24  nrf_log_frontend.o(.bss)
    m_log_push_ringbuf_cb                    0x20006910   Data          24  nrf_log_frontend.o(.bss)
    .bss                                     0x20006928   Section     1060  nrf_log_frontend.o(.bss)
    m_log_data                               0x20006928   Data        1060  nrf_log_frontend.o(.bss)
    .bss                                     0x20006d4c   Section      648  segger_rtt.o(.bss)
    _acUpBuffer                              0x20006dc4   Data         512  segger_rtt.o(.bss)
    _acDownBuffer                            0x20006fc4   Data          16  segger_rtt.o(.bss)
    STACK                                    0x20006fd8   Section     8192  arm_startup_nrf52.o(STACK)

    Global Symbols

    Symbol Name                              Value     Ov Type        Size  Object(Section)

    BuildAttributes$$THM_ISAv4$E$P$D$K$B$S$7EM$VFPi3$EXTD16$VFPS$VFMA$PE$A:L22UL41UL21$X:L11$S22US41US21$IEEE1$IW$USESV6$~STKCKD$USESV7$~SHL$OSPACE$ROPI$EBA8$MICROLIB$REQ8$EABIv2 0x00000000   Number         0  anon$$obj.o ABSOLUTE
    __ARM_use_no_argv                        0x00000000   Number         0  main.o ABSOLUTE
    _printf_a                                0x00000000   Number         0  stubs.o ABSOLUTE
    _printf_c                                0x00000000   Number         0  stubs.o ABSOLUTE
    _printf_charcount                        0x00000000   Number         0  stubs.o ABSOLUTE
    _printf_d                                0x00000000   Number         0  stubs.o ABSOLUTE
    _printf_e                                0x00000000   Number         0  stubs.o ABSOLUTE
    _printf_f                                0x00000000   Number         0  stubs.o ABSOLUTE
    _printf_flags                            0x00000000   Number         0  stubs.o ABSOLUTE
    _printf_fp_dec                           0x00000000   Number         0  stubs.o ABSOLUTE
    _printf_fp_hex                           0x00000000   Number         0  stubs.o ABSOLUTE
    _printf_g                                0x00000000   Number         0  stubs.o ABSOLUTE
    _printf_i                                0x00000000   Number         0  stubs.o ABSOLUTE
    _printf_int_dec                          0x00000000   Number         0  stubs.o ABSOLUTE
    _printf_l                                0x00000000   Number         0  stubs.o ABSOLUTE
    _printf_lc                               0x00000000   Number         0  stubs.o ABSOLUTE
    _printf_ll                               0x00000000   Number         0  stubs.o ABSOLUTE
    _printf_lld                              0x00000000   Number         0  stubs.o ABSOLUTE
    _printf_lli                              0x00000000   Number         0  stubs.o ABSOLUTE
    _printf_llo                              0x00000000   Number         0  stubs.o ABSOLUTE
    _printf_llu                              0x00000000   Number         0  stubs.o ABSOLUTE
    _printf_llx                              0x00000000   Number         0  stubs.o ABSOLUTE
    _printf_longlong_dec                     0x00000000   Number         0  stubs.o ABSOLUTE
    _printf_longlong_hex                     0x00000000   Number         0  stubs.o ABSOLUTE
    _printf_longlong_oct                     0x00000000   Number         0  stubs.o ABSOLUTE
    _printf_ls                               0x00000000   Number         0  stubs.o ABSOLUTE
    _printf_mbtowc                           0x00000000   Number         0  stubs.o ABSOLUTE
    _printf_n                                0x00000000   Number         0  stubs.o ABSOLUTE
    _printf_o                                0x00000000   Number         0  stubs.o ABSOLUTE
    _printf_p                                0x00000000   Number         0  stubs.o ABSOLUTE
    _printf_percent                          0x00000000   Number         0  stubs.o ABSOLUTE
    _printf_pre_padding                      0x00000000   Number         0  stubs.o ABSOLUTE
    _printf_return_value                     0x00000000   Number         0  stubs.o ABSOLUTE
    _printf_s                                0x00000000   Number         0  stubs.o ABSOLUTE
    _printf_sizespec                         0x00000000   Number         0  stubs.o ABSOLUTE
    _printf_str                              0x00000000   Number         0  stubs.o ABSOLUTE
    _printf_truncate_signed                  0x00000000   Number         0  stubs.o ABSOLUTE
    _printf_truncate_unsigned                0x00000000   Number         0  stubs.o ABSOLUTE
    _printf_u                                0x00000000   Number         0  stubs.o ABSOLUTE
    _printf_wc                               0x00000000   Number         0  stubs.o ABSOLUTE
    _printf_wctomb                           0x00000000   Number         0  stubs.o ABSOLUTE
    _printf_widthprec                        0x00000000   Number         0  stubs.o ABSOLUTE
    _printf_x                                0x00000000   Number         0  stubs.o ABSOLUTE
    __cpp_initialize__aeabi_                  - Undefined Weak Reference
    __cxa_finalize                            - Undefined Weak Reference
    _clock_init                               - Undefined Weak Reference
    _microlib_exit                            - Undefined Weak Reference
    log_dynamic_data$$Base                    - Undefined Reference
    pwr_mgmt_data0$$Base                      - Undefined Reference
    pwr_mgmt_data0$$Limit                     - Undefined Reference
    pwr_mgmt_data2$$Base                      - Undefined Reference
    pwr_mgmt_data2$$Limit                     - Undefined Reference
    sdh_ble_observers0$$Base                  - Undefined Reference
    sdh_ble_observers0$$Limit                 - Undefined Reference
    sdh_req_observers0$$Base                  - Undefined Reference
    sdh_req_observers0$$Limit                 - Undefined Reference
    sdh_req_observers1$$Base                  - Undefined Reference
    sdh_req_observers1$$Limit                 - Undefined Reference
    sdh_soc_observers1$$Base                  - Undefined Reference
    sdh_soc_observers1$$Limit                 - Undefined Reference
    sdh_stack_observers1$$Base                - Undefined Reference
    sdh_stack_observers1$$Limit               - Undefined Reference
    sdh_state_observers1$$Base                - Undefined Reference
    sdh_state_observers1$$Limit               - Undefined Reference
    __Vectors_Size                           0x00000200   Number         0  arm_startup_nrf52.o ABSOLUTE
    __Vectors                                0x00026000   Data           4  arm_startup_nrf52.o(RESET)
    __Vectors_End                            0x00026200   Data           0  arm_startup_nrf52.o(RESET)
    __main                                   0x00026201   Thumb Code     0  entry.o(.ARM.Collect$$$$00000000)
    _main_stk                                0x00026201   Thumb Code     0  entry2.o(.ARM.Collect$$$$00000001)
    _main_scatterload                        0x00026205   Thumb Code     0  entry5.o(.ARM.Collect$$$$00000004)
    __main_after_scatterload                 0x00026209   Thumb Code     0  entry5.o(.ARM.Collect$$$$00000004)
    _main_clock                              0x00026209   Thumb Code     0  entry7b.o(.ARM.Collect$$$$00000008)
    _main_cpp_init                           0x00026209   Thumb Code     0  entry8b.o(.ARM.Collect$$$$0000000A)
    _main_init                               0x00026209   Thumb Code     0  entry9a.o(.ARM.Collect$$$$0000000B)
    __rt_final_cpp                           0x00026211   Thumb Code     0  entry10a.o(.ARM.Collect$$$$0000000D)
    __rt_final_exit                          0x00026211   Thumb Code     0  entry11a.o(.ARM.Collect$$$$0000000F)
    __asm___12_nrf_atomic_c_85ca2469__nrf_atomic_internal_mov 0x00026215   Thumb Code    24  nrf_atomic.o(.emb_text)
    __asm___12_nrf_atomic_c_85ca2469__nrf_atomic_internal_orr 0x0002622d   Thumb Code    26  nrf_atomic.o(.emb_text)
    __asm___12_nrf_atomic_c_85ca2469__nrf_atomic_internal_and 0x00026247   Thumb Code    26  nrf_atomic.o(.emb_text)
    __asm___12_nrf_atomic_c_85ca2469__nrf_atomic_internal_eor 0x00026261   Thumb Code    26  nrf_atomic.o(.emb_text)
    __asm___12_nrf_atomic_c_85ca2469__nrf_atomic_internal_add 0x0002627b   Thumb Code    26  nrf_atomic.o(.emb_text)
    __asm___12_nrf_atomic_c_85ca2469__nrf_atomic_internal_sub 0x00026295   Thumb Code    26  nrf_atomic.o(.emb_text)
    __asm___12_nrf_atomic_c_85ca2469__nrf_atomic_internal_cmp_exch 0x000262af   Thumb Code    42  nrf_atomic.o(.emb_text)
    __asm___12_nrf_atomic_c_85ca2469__nrf_atomic_internal_sub_hs 0x000262d9   Thumb Code    30  nrf_atomic.o(.emb_text)
    Reset_Handler                            0x000262f9   Thumb Code     8  arm_startup_nrf52.o(.text)
    NMI_Handler                              0x00026301   Thumb Code     2  arm_startup_nrf52.o(.text)
    HardFault_Handler                        0x00026303   Thumb Code     2  arm_startup_nrf52.o(.text)
    MemoryManagement_Handler                 0x00026305   Thumb Code     2  arm_startup_nrf52.o(.text)
    BusFault_Handler                         0x00026307   Thumb Code     2  arm_startup_nrf52.o(.text)
    UsageFault_Handler                       0x00026309   Thumb Code     2  arm_startup_nrf52.o(.text)
    SVC_Handler                              0x0002630b   Thumb Code     2  arm_startup_nrf52.o(.text)
    DebugMon_Handler                         0x0002630d   Thumb Code     2  arm_startup_nrf52.o(.text)
    PendSV_Handler                           0x0002630f   Thumb Code     2  arm_startup_nrf52.o(.text)
    SysTick_Handler                          0x00026311   Thumb Code     2  arm_startup_nrf52.o(.text)
    CCM_AAR_IRQHandler                       0x00026313   Thumb Code     0  arm_startup_nrf52.o(.text)
    COMP_LPCOMP_IRQHandler                   0x00026313   Thumb Code     0  arm_startup_nrf52.o(.text)
    ECB_IRQHandler                           0x00026313   Thumb Code     0  arm_startup_nrf52.o(.text)
    FPU_IRQHandler                           0x00026313   Thumb Code     0  arm_startup_nrf52.o(.text)
    I2S_IRQHandler                           0x00026313   Thumb Code     0  arm_startup_nrf52.o(.text)
    MWU_IRQHandler                           0x00026313   Thumb Code     0  arm_startup_nrf52.o(.text)
    NFCT_IRQHandler                          0x00026313   Thumb Code     0  arm_startup_nrf52.o(.text)
    PDM_IRQHandler                           0x00026313   Thumb Code     0  arm_startup_nrf52.o(.text)
    PWM0_IRQHandler                          0x00026313   Thumb Code     0  arm_startup_nrf52.o(.text)
    PWM1_IRQHandler                          0x00026313   Thumb Code     0  arm_startup_nrf52.o(.text)
    PWM2_IRQHandler                          0x00026313   Thumb Code     0  arm_startup_nrf52.o(.text)
    QDEC_IRQHandler                          0x00026313   Thumb Code     0  arm_startup_nrf52.o(.text)
    RADIO_IRQHandler                         0x00026313   Thumb Code     0  arm_startup_nrf52.o(.text)
    RNG_IRQHandler                           0x00026313   Thumb Code     0  arm_startup_nrf52.o(.text)
    RTC0_IRQHandler                          0x00026313   Thumb Code     0  arm_startup_nrf52.o(.text)
    RTC2_IRQHandler                          0x00026313   Thumb Code     0  arm_startup_nrf52.o(.text)
    SAADC_IRQHandler                         0x00026313   Thumb Code     0  arm_startup_nrf52.o(.text)
    SPIM0_SPIS0_TWIM0_TWIS0_SPI0_TWI0_IRQHandler 0x00026313   Thumb Code     0  arm_startup_nrf52.o(.text)
    SPIM1_SPIS1_TWIM1_TWIS1_SPI1_TWI1_IRQHandler 0x00026313   Thumb Code     0  arm_startup_nrf52.o(.text)
    SPIM2_SPIS2_SPI2_IRQHandler              0x00026313   Thumb Code     0  arm_startup_nrf52.o(.text)
    SWI1_EGU1_IRQHandler                     0x00026313   Thumb Code     0  arm_startup_nrf52.o(.text)
    SWI3_EGU3_IRQHandler                     0x00026313   Thumb Code     0  arm_startup_nrf52.o(.text)
    SWI4_EGU4_IRQHandler                     0x00026313   Thumb Code     0  arm_startup_nrf52.o(.text)
    SWI5_EGU5_IRQHandler                     0x00026313   Thumb Code     0  arm_startup_nrf52.o(.text)
    TEMP_IRQHandler                          0x00026313   Thumb Code     0  arm_startup_nrf52.o(.text)
    TIMER0_IRQHandler                        0x00026313   Thumb Code     0  arm_startup_nrf52.o(.text)
    TIMER1_IRQHandler                        0x00026313   Thumb Code     0  arm_startup_nrf52.o(.text)
    TIMER2_IRQHandler                        0x00026313   Thumb Code     0  arm_startup_nrf52.o(.text)
    TIMER3_IRQHandler                        0x00026313   Thumb Code     0  arm_startup_nrf52.o(.text)
    TIMER4_IRQHandler                        0x00026313   Thumb Code     0  arm_startup_nrf52.o(.text)
    WDT_IRQHandler                           0x00026313   Thumb Code     0  arm_startup_nrf52.o(.text)
    __aeabi_uldivmod                         0x0002631d   Thumb Code    98  uldiv.o(.text)
    __aeabi_llsl                             0x0002637f   Thumb Code    30  llshl.o(.text)
    _ll_shift_l                              0x0002637f   Thumb Code     0  llshl.o(.text)
    __rt_ctype_table                         0x0002639d   Thumb Code     4  ctype_o.o(.text)
    __aeabi_memcpy                           0x000263a5   Thumb Code    36  memcpya.o(.text)
    __aeabi_memcpy4                          0x000263a5   Thumb Code     0  memcpya.o(.text)
    __aeabi_memcpy8                          0x000263a5   Thumb Code     0  memcpya.o(.text)
    __aeabi_memset                           0x000263c9   Thumb Code    14  memseta.o(.text)
    __aeabi_memset4                          0x000263c9   Thumb Code     0  memseta.o(.text)
    __aeabi_memset8                          0x000263c9   Thumb Code     0  memseta.o(.text)
    __aeabi_memclr                           0x000263d7   Thumb Code     4  memseta.o(.text)
    __aeabi_memclr4                          0x000263d7   Thumb Code     0  memseta.o(.text)
    __aeabi_memclr8                          0x000263d7   Thumb Code     0  memseta.o(.text)
    _memset$wrapper                          0x000263db   Thumb Code    18  memseta.o(.text)
    strlen                                   0x000263ed   Thumb Code    14  strlen.o(.text)
    memcmp                                   0x000263fb   Thumb Code    26  memcmp.o(.text)
    strcpy                                   0x00026415   Thumb Code    18  strcpy.o(.text)
    __aeabi_llsr                             0x00026427   Thumb Code    32  llushr.o(.text)
    _ll_ushift_r                             0x00026427   Thumb Code     0  llushr.o(.text)
    __scatterload                            0x00026449   Thumb Code    28  init.o(.text)
    __scatterload_rt2                        0x00026449   Thumb Code     0  init.o(.text)
    __decompress                             0x0002646d   Thumb Code     0  __dczerorl2.o(.text)
    __decompress1                            0x0002646d   Thumb Code    86  __dczerorl2.o(.text)
    GPIOTE_IRQHandler                        0x000264c5   Thumb Code   346  nrfx_gpiote.o(i.GPIOTE_IRQHandler)
    POWER_CLOCK_IRQHandler                   0x0002668d   Thumb Code    82  nrfx_clock.o(i.POWER_CLOCK_IRQHandler)
    RTC1_IRQHandler                          0x000266e5   Thumb Code    32  app_timer.o(i.RTC1_IRQHandler)
    SEGGER_RTT_Init                          0x00026709   Thumb Code     4  segger_rtt.o(i.SEGGER_RTT_Init)
    SEGGER_RTT_WriteNoLock                   0x0002670d   Thumb Code    86  segger_rtt.o(i.SEGGER_RTT_WriteNoLock)
    SWI0_EGU0_IRQHandler                     0x00026769   Thumb Code     4  app_timer.o(i.SWI0_EGU0_IRQHandler)
    SWI2_EGU2_IRQHandler                     0x0002676d   Thumb Code     4  nrf_sdh.o(i.SWI2_EGU2_IRQHandler)
    SystemInit                               0x00026771   Thumb Code   726  system_nrf52.o(i.SystemInit)
    UARTE0_UART0_IRQHandler                  0x00026a8d   Thumb Code     6  nrfx_prs.o(i.UARTE0_UART0_IRQHandler)
    __0printf$5                              0x00026bb5   Thumb Code    22  printf5.o(i.__0printf$5)
    __1printf$5                              0x00026bb5   Thumb Code     0  printf5.o(i.__0printf$5)
    __2printf                                0x00026bb5   Thumb Code     0  printf5.o(i.__0printf$5)
    __scatterload_copy                       0x00026bd5   Thumb Code    14  handlers.o(i.__scatterload_copy)
    __scatterload_null                       0x00026be3   Thumb Code     2  handlers.o(i.__scatterload_null)
    __scatterload_zeroinit                   0x00026be5   Thumb Code    14  handlers.o(i.__scatterload_zeroinit)
    app_button_enable                        0x00026f15   Thumb Code    32  app_button.o(i.app_button_enable)
    app_button_init                          0x00026f39   Thumb Code   102  app_button.o(i.app_button_init)
    app_error_fault_handler                  0x00026fb1   Thumb Code    86  app_error_weak.o(i.app_error_fault_handler)
    app_error_handler_bare                   0x00027035   Thumb Code    22  app_error.o(i.app_error_handler_bare)
    app_fifo_get                             0x0002704b   Thumb Code    22  app_fifo.o(i.app_fifo_get)
    app_fifo_init                            0x00027061   Thumb Code    32  app_fifo.o(i.app_fifo_init)
    app_fifo_put                             0x00027081   Thumb Code    26  app_fifo.o(i.app_fifo_put)
    app_timer_create                         0x0002709d   Thumb Code    32  app_timer.o(i.app_timer_create)
    app_timer_init                           0x000270c1   Thumb Code    70  app_timer.o(i.app_timer_init)
    app_timer_start                          0x00027115   Thumb Code   128  app_timer.o(i.app_timer_start)
    app_timer_stop                           0x0002719d   Thumb Code    26  app_timer.o(i.app_timer_stop)
    app_uart_get                             0x000271bd   Thumb Code    42  app_uart_fifo.o(i.app_uart_get)
    app_uart_init                            0x000271f1   Thumb Code   148  app_uart_fifo.o(i.app_uart_init)
    app_uart_put                             0x00027295   Thumb Code    70  app_uart_fifo.o(i.app_uart_put)
    app_util_critical_region_enter           0x000272e9   Thumb Code    64  app_util_platform.o(i.app_util_critical_region_enter)
    app_util_critical_region_exit            0x00027331   Thumb Code    46  app_util_platform.o(i.app_util_critical_region_exit)
    ble_advdata_search                       0x00027475   Thumb Code    56  ble_advdata.o(i.ble_advdata_search)
    ble_advdata_uuid_find                    0x000274ad   Thumb Code   182  ble_advdata.o(i.ble_advdata_uuid_find)
    ble_db_discovery_evt_register            0x00027565   Thumb Code    56  ble_db_discovery.o(i.ble_db_discovery_evt_register)
    ble_db_discovery_init                    0x000275a5   Thumb Code    24  ble_db_discovery.o(i.ble_db_discovery_init)
    ble_db_discovery_on_ble_evt              0x000275c1   Thumb Code   138  ble_db_discovery.o(i.ble_db_discovery_on_ble_evt)
    ble_db_discovery_start                   0x00027651   Thumb Code    34  ble_db_discovery.o(i.ble_db_discovery_start)
    ble_nus_c_handles_assign                 0x000278d1   Thumb Code    26  ble_nus_c.o(i.ble_nus_c_handles_assign)
    ble_nus_c_init                           0x000278ed   Thumb Code    72  ble_nus_c.o(i.ble_nus_c_init)
    ble_nus_c_on_ble_evt                     0x00027939   Thumb Code   108  ble_nus_c.o(i.ble_nus_c_on_ble_evt)
    ble_nus_c_on_db_disc_evt                 0x000279a5   Thumb Code   128  ble_nus_c.o(i.ble_nus_c_on_db_disc_evt)
    ble_nus_c_string_send                    0x00027a25   Thumb Code    86  ble_nus_c.o(i.ble_nus_c_string_send)
    ble_nus_c_tx_notif_enable                0x00027ab9   Thumb Code    66  ble_nus_c.o(i.ble_nus_c_tx_notif_enable)
    bsp_board_button_idx_to_pin              0x00027bdd   Thumb Code     6  boards.o(i.bsp_board_button_idx_to_pin)
    bsp_board_button_state_get               0x00027be9   Thumb Code    28  boards.o(i.bsp_board_button_state_get)
    bsp_board_init                           0x00027c09   Thumb Code    80  boards.o(i.bsp_board_init)
    bsp_board_led_invert                     0x00027c5d   Thumb Code    32  boards.o(i.bsp_board_led_invert)
    bsp_board_led_off                        0x00027c81   Thumb Code    10  boards.o(i.bsp_board_led_off)
    bsp_board_led_on                         0x00027c91   Thumb Code    10  boards.o(i.bsp_board_led_on)
    bsp_board_led_state_get                  0x00027ca1   Thumb Code    28  boards.o(i.bsp_board_led_state_get)
    bsp_board_leds_off                       0x00027cc1   Thumb Code    18  boards.o(i.bsp_board_leds_off)
    bsp_board_leds_on                        0x00027cd3   Thumb Code    18  boards.o(i.bsp_board_leds_on)
    bsp_board_pin_to_button_idx              0x00027ce5   Thumb Code    30  boards.o(i.bsp_board_pin_to_button_idx)
    bsp_btn_ble_init                         0x00027d09   Thumb Code    52  bsp_btn_ble.o(i.bsp_btn_ble_init)
    bsp_btn_ble_sleep_mode_prepare           0x00027d41   Thumb Code    30  bsp_btn_ble.o(i.bsp_btn_ble_sleep_mode_prepare)
    bsp_button_is_pressed                    0x00027df1   Thumb Code    12  bsp.o(i.bsp_button_is_pressed)
    bsp_event_handler                        0x00027dfd   Thumb Code    16  main.o(i.bsp_event_handler)
    bsp_event_to_button_action_assign        0x00027e0d   Thumb Code    64  bsp.o(i.bsp_event_to_button_action_assign)
    bsp_indication_set                       0x00027e51   Thumb Code    20  bsp.o(i.bsp_indication_set)
    bsp_init                                 0x00027e69   Thumb Code   128  bsp.o(i.bsp_init)
    bsp_wakeup_button_enable                 0x000280c5   Thumb Code     6  bsp.o(i.bsp_wakeup_button_enable)
    buffer_is_empty                          0x0002818d   Thumb Code    16  nrf_log_frontend.o(i.buffer_is_empty)
    fputc                                    0x000286ef   Thumb Code    14  retarget.o(i.fputc)
    gatt_evt_handler                         0x000286fd   Thumb Code    62  main.o(i.gatt_evt_handler)
    gatt_init                                0x0002878d   Thumb Code    38  main.o(i.gatt_init)
    is_whitelist_used                        0x000289e5   Thumb Code    22  nrf_ble_scan.o(i.is_whitelist_used)
    main                                     0x00028bed   Thumb Code   250  main.o(i.main)
    nrf_atomic_flag_clear_fetch              0x00028e0d   Thumb Code     6  nrf_atomic.o(i.nrf_atomic_flag_clear_fetch)
    nrf_atomic_flag_set                      0x00028e13   Thumb Code     6  nrf_atomic.o(i.nrf_atomic_flag_set)
    nrf_atomic_u32_add                       0x00028e19   Thumb Code    12  nrf_atomic.o(i.nrf_atomic_u32_add)
    nrf_atomic_u32_fetch_and                 0x00028e25   Thumb Code    10  nrf_atomic.o(i.nrf_atomic_u32_fetch_and)
    nrf_atomic_u32_fetch_store               0x00028e2f   Thumb Code    10  nrf_atomic.o(i.nrf_atomic_u32_fetch_store)
    nrf_atomic_u32_or                        0x00028e39   Thumb Code    12  nrf_atomic.o(i.nrf_atomic_u32_or)
    nrf_atomic_u32_sub                       0x00028e45   Thumb Code    12  nrf_atomic.o(i.nrf_atomic_u32_sub)
    nrf_balloc_alloc                         0x00028e51   Thumb Code    68  nrf_balloc.o(i.nrf_balloc_alloc)
    nrf_balloc_free                          0x00028e95   Thumb Code    48  nrf_balloc.o(i.nrf_balloc_free)
    nrf_balloc_init                          0x00028ec5   Thumb Code    48  nrf_balloc.o(i.nrf_balloc_init)
    nrf_ble_gatt_att_mtu_central_set         0x00028f19   Thumb Code    24  nrf_ble_gatt.o(i.nrf_ble_gatt_att_mtu_central_set)
    nrf_ble_gatt_init                        0x00028f31   Thumb Code    44  nrf_ble_gatt.o(i.nrf_ble_gatt_init)
    nrf_ble_gatt_on_ble_evt                  0x00028f5d   Thumb Code   302  nrf_ble_gatt.o(i.nrf_ble_gatt_on_ble_evt)
    nrf_ble_scan_filter_set                  0x0002914b   Thumb Code    66  nrf_ble_scan.o(i.nrf_ble_scan_filter_set)
    nrf_ble_scan_filters_disable             0x0002918d   Thumb Code    14  nrf_ble_scan.o(i.nrf_ble_scan_filters_disable)
    nrf_ble_scan_filters_enable              0x0002919b   Thumb Code    54  nrf_ble_scan.o(i.nrf_ble_scan_filters_enable)
    nrf_ble_scan_init                        0x000291d1   Thumb Code   106  nrf_ble_scan.o(i.nrf_ble_scan_init)
    nrf_ble_scan_on_ble_evt                  0x00029337   Thumb Code   174  nrf_ble_scan.o(i.nrf_ble_scan_on_ble_evt)
    nrf_ble_scan_start                       0x000293e5   Thumb Code    92  nrf_ble_scan.o(i.nrf_ble_scan_start)
    nrf_drv_clock_init                       0x0002948d   Thumb Code    48  nrf_drv_clock.o(i.nrf_drv_clock_init)
    nrf_drv_clock_lfclk_release              0x000294c5   Thumb Code    42  nrf_drv_clock.o(i.nrf_drv_clock_lfclk_release)
    nrf_drv_uart_init                        0x000294f5   Thumb Code    90  nrf_drv_uart.o(i.nrf_drv_uart_init)
    nrf_fprintf                              0x0002959d   Thumb Code    26  nrf_fprintf.o(i.nrf_fprintf)
    nrf_fprintf_buffer_flush                 0x000295b7   Thumb Code    24  nrf_fprintf.o(i.nrf_fprintf_buffer_flush)
    nrf_fprintf_fmt                          0x000295cf   Thumb Code   474  nrf_fprintf_format.o(i.nrf_fprintf_fmt)
    nrf_log_backend_add                      0x00029909   Thumb Code    86  nrf_log_frontend.o(i.nrf_log_backend_add)
    nrf_log_backend_rtt_init                 0x00029967   Thumb Code     4  nrf_log_backend_rtt.o(i.nrf_log_backend_rtt_init)
    nrf_log_backend_serial_put               0x00029985   Thumb Code   200  nrf_log_backend_serial.o(i.nrf_log_backend_serial_put)
    nrf_log_color_id_get                     0x00029a4d   Thumb Code    42  nrf_log_frontend.o(i.nrf_log_color_id_get)
    nrf_log_default_backends_init            0x00029a7d   Thumb Code    24  nrf_log_default_backends.o(i.nrf_log_default_backends_init)
    nrf_log_frontend_dequeue                 0x00029a99   Thumb Code   528  nrf_log_frontend.o(i.nrf_log_frontend_dequeue)
    nrf_log_frontend_std_0                   0x00029ccd   Thumb Code     8  nrf_log_frontend.o(i.nrf_log_frontend_std_0)
    nrf_log_frontend_std_1                   0x00029cd5   Thumb Code    14  nrf_log_frontend.o(i.nrf_log_frontend_std_1)
    nrf_log_frontend_std_2                   0x00029ce3   Thumb Code    16  nrf_log_frontend.o(i.nrf_log_frontend_std_2)
    nrf_log_frontend_std_6                   0x00029cf3   Thumb Code    28  nrf_log_frontend.o(i.nrf_log_frontend_std_6)
    nrf_log_hexdump_entry_process            0x00029d11   Thumb Code   150  nrf_log_str_formatter.o(i.nrf_log_hexdump_entry_process)
    nrf_log_init                             0x00029dc1   Thumb Code    46  nrf_log_frontend.o(i.nrf_log_init)
    nrf_log_module_cnt_get                   0x00029dfd   Thumb Code    10  nrf_log_frontend.o(i.nrf_log_module_cnt_get)
    nrf_log_module_name_get                  0x00029e11   Thumb Code    24  nrf_log_frontend.o(i.nrf_log_module_name_get)
    nrf_log_panic                            0x00029e2d   Thumb Code    38  nrf_log_frontend.o(i.nrf_log_panic)
    nrf_log_std_entry_process                0x00029e59   Thumb Code   182  nrf_log_str_formatter.o(i.nrf_log_std_entry_process)
    nrf_memobj_alloc                         0x00029f0f   Thumb Code    96  nrf_memobj.o(i.nrf_memobj_alloc)
    nrf_memobj_free                          0x00029f6f   Thumb Code    50  nrf_memobj.o(i.nrf_memobj_free)
    nrf_memobj_get                           0x00029fa1   Thumb Code     8  nrf_memobj.o(i.nrf_memobj_get)
    nrf_memobj_pool_init                     0x00029fa9   Thumb Code     4  nrf_memobj.o(i.nrf_memobj_pool_init)
    nrf_memobj_put                           0x00029fad   Thumb Code    30  nrf_memobj.o(i.nrf_memobj_put)
    nrf_memobj_read                          0x00029fcb   Thumb Code    16  nrf_memobj.o(i.nrf_memobj_read)
    nrf_memobj_write                         0x00029fdb   Thumb Code    16  nrf_memobj.o(i.nrf_memobj_write)
    nrf_pwr_mgmt_init                        0x00029fed   Thumb Code    28  nrf_pwr_mgmt.o(i.nrf_pwr_mgmt_init)
    nrf_pwr_mgmt_run                         0x0002a015   Thumb Code    64  nrf_pwr_mgmt.o(i.nrf_pwr_mgmt_run)
    nrf_pwr_mgmt_shutdown                    0x0002a059   Thumb Code    54  nrf_pwr_mgmt.o(i.nrf_pwr_mgmt_shutdown)
    nrf_ringbuf_init                         0x0002a095   Thumb Code    28  nrf_ringbuf.o(i.nrf_ringbuf_init)
    nrf_sdh_ble_app_ram_start_get            0x0002a0b1   Thumb Code    16  nrf_sdh_ble.o(i.nrf_sdh_ble_app_ram_start_get)
    nrf_sdh_ble_default_cfg_set              0x0002a0c5   Thumb Code   274  nrf_sdh_ble.o(i.nrf_sdh_ble_default_cfg_set)
    nrf_sdh_ble_enable                       0x0002a1f9   Thumb Code   132  nrf_sdh_ble.o(i.nrf_sdh_ble_enable)
    nrf_sdh_enable_request                   0x0002a405   Thumb Code   102  nrf_sdh.o(i.nrf_sdh_enable_request)
    nrf_sdh_evts_poll                        0x0002a479   Thumb Code    32  nrf_sdh.o(i.nrf_sdh_evts_poll)
    nrf_sdh_is_enabled                       0x0002a49d   Thumb Code     6  nrf_sdh.o(i.nrf_sdh_is_enabled)
    nrf_section_iter_init                    0x0002a4e5   Thumb Code    10  nrf_section_iter.o(i.nrf_section_iter_init)
    nrf_section_iter_next                    0x0002a513   Thumb Code    32  nrf_section_iter.o(i.nrf_section_iter_next)
    nrf_strerror_find                        0x0002a535   Thumb Code    52  nrf_strerror.o(i.nrf_strerror_find)
    nrf_strerror_get                         0x0002a56d   Thumb Code    14  nrf_strerror.o(i.nrf_strerror_get)
    nrfx_clock_enable                        0x0002a5b9   Thumb Code    34  nrfx_clock.o(i.nrfx_clock_enable)
    nrfx_clock_init                          0x0002a5e5   Thumb Code    26  nrfx_clock.o(i.nrfx_clock_init)
    nrfx_clock_lfclk_stop                    0x0002a605   Thumb Code    20  nrfx_clock.o(i.nrfx_clock_lfclk_stop)
    nrfx_gpiote_in_event_enable              0x0002a631   Thumb Code   156  nrfx_gpiote.o(i.nrfx_gpiote_in_event_enable)
    nrfx_gpiote_in_init                      0x0002a6d5   Thumb Code   194  nrfx_gpiote.o(i.nrfx_gpiote_in_init)
    nrfx_gpiote_in_is_set                    0x0002a7a5   Thumb Code    20  nrfx_gpiote.o(i.nrfx_gpiote_in_is_set)
    nrfx_gpiote_init                         0x0002a7b9   Thumb Code    94  nrfx_gpiote.o(i.nrfx_gpiote_init)
    nrfx_gpiote_is_init                      0x0002a825   Thumb Code    14  nrfx_gpiote.o(i.nrfx_gpiote_is_init)
    nrfx_prs_acquire                         0x0002a849   Thumb Code    58  nrfx_prs.o(i.nrfx_prs_acquire)
    nrfx_uart_0_irq_handler                  0x0002a885   Thumb Code     8  nrfx_uart.o(i.nrfx_uart_0_irq_handler)
    nrfx_uart_init                           0x0002a895   Thumb Code   196  nrfx_uart.o(i.nrfx_uart_init)
    nrfx_uart_rx                             0x0002a965   Thumb Code   230  nrfx_uart.o(i.nrfx_uart_rx)
    nrfx_uart_tx                             0x0002aa51   Thumb Code   160  nrfx_uart.o(i.nrfx_uart_tx)
    nrfx_uart_tx_in_progress                 0x0002aaf5   Thumb Code    26  nrfx_uart.o(i.nrfx_uart_tx_in_progress)
    nrfx_uarte_0_irq_handler                 0x0002ab15   Thumb Code     8  nrfx_uarte.o(i.nrfx_uarte_0_irq_handler)
    nrfx_uarte_init                          0x0002ab25   Thumb Code   100  nrfx_uarte.o(i.nrfx_uarte_init)
    nrfx_uarte_rx                            0x0002ab91   Thumb Code   256  nrfx_uarte.o(i.nrfx_uarte_rx)
    nrfx_uarte_tx                            0x0002ac95   Thumb Code   138  nrfx_uarte.o(i.nrfx_uarte_tx)
    nrfx_uarte_tx_in_progress                0x0002ad25   Thumb Code    22  nrfx_uarte.o(i.nrfx_uarte_tx_in_progress)
    uart_event_handle                        0x0002b9a1   Thumb Code    62  main.o(i.uart_event_handle)
    nrf_log_backend_rtt_api                  0x0002c118   Data          12  nrf_log_backend_rtt.o(.constdata)
    m_ram_start                              0x0002c1bc   Data           4  nrf_sdh_ble.o(.constdata)
    __ctype_table                            0x0002c1e8   Data         129  ctype_o.o(.constdata)
    Region$$Table$$Base                      0x0002ca7c   Number         0  anon$$obj.o(Region$$Table)
    Region$$Table$$Limit                     0x0002ca9c   Number         0  anon$$obj.o(Region$$Table)
    log_const_data$$Base                     0x0002caac   Number         0  ble_db_discovery.o(log_const_data)
    m_nrf_log_ble_db_disc_logs_data_const    0x0002caac   Data           8  ble_db_discovery.o(log_const_data)
    m_nrf_log_nrf_ble_gatt_logs_data_const   0x0002cab4   Data           8  nrf_ble_gatt.o(log_const_data)
    m_nrf_log_ble_scan_logs_data_const       0x0002cabc   Data           8  nrf_ble_scan.o(log_const_data)
    m_nrf_log_ble_nus_c_logs_data_const      0x0002cac4   Data           8  ble_nus_c.o(log_const_data)
    m_nrf_log_clock_logs_data_const          0x0002cacc   Data           8  nrf_drv_clock.o(log_const_data)
    m_nrf_log_CLOCK_logs_data_const          0x0002cad4   Data           8  nrfx_clock.o(log_const_data)
    m_nrf_log_GPIOTE_logs_data_const         0x0002cadc   Data           8  nrfx_gpiote.o(log_const_data)
    m_nrf_log_PRS_logs_data_const            0x0002cae4   Data           8  nrfx_prs.o(log_const_data)
    m_nrf_log_UART_logs_data_const           0x0002caec   Data           8  nrfx_uart.o(log_const_data)
    m_nrf_log_UARTE_logs_data_const          0x0002caf4   Data           8  nrfx_uarte.o(log_const_data)
    m_nrf_log_pwr_mgmt_logs_data_const       0x0002cafc   Data           8  nrf_pwr_mgmt.o(log_const_data)
    m_nrf_log_app_logs_data_const            0x0002cb04   Data           8  nrf_log_frontend.o(log_const_data)
    m_nrf_log_nrf_sdh_logs_data_const        0x0002cb0c   Data           8  nrf_sdh.o(log_const_data)
    m_nrf_log_nrf_sdh_ble_logs_data_const    0x0002cb14   Data           8  nrf_sdh_ble.o(log_const_data)
    m_nrf_log_nrf_sdh_soc_logs_data_const    0x0002cb1c   Data           8  nrf_sdh_soc.o(log_const_data)
    log_const_data$$Limit                    0x0002cb24   Number         0  nrf_sdh_soc.o(log_const_data)
    log_mempool                              0x0002cb24   Data          20  nrf_log_frontend.o(nrf_balloc)
    pwr_mgmt_data1$$Base                     0x0002cb38   Number         0  main.o(pwr_mgmt_data1)
    pwr_mgmt_data1$$Limit                    0x0002cb3c   Number         0  main.o(pwr_mgmt_data1)
    sdh_ble_observers1$$Base                 0x0002cb3c   Number         0  main.o(sdh_ble_observers1)
    sdh_ble_observers1$$Limit                0x0002cb74   Number         0  bsp_btn_ble.o(sdh_ble_observers1)
    sdh_ble_observers2$$Base                 0x0002cb74   Number         0  main.o(sdh_ble_observers2)
    sdh_ble_observers2$$Limit                0x0002cb94   Number         0  main.o(sdh_ble_observers2)
    sdh_ble_observers3$$Base                 0x0002cb94   Number         0  main.o(sdh_ble_observers3)
    sdh_ble_observers3$$Limit                0x0002cb9c   Number         0  main.o(sdh_ble_observers3)
    sdh_soc_observers0$$Base                 0x0002cb9c   Number         0  nrf_drv_clock.o(sdh_soc_observers0)
    sdh_soc_observers0$$Limit                0x0002cba4   Number         0  nrf_drv_clock.o(sdh_soc_observers0)
    sdh_stack_observers0$$Base               0x0002cba4   Number         0  nrf_sdh_ble.o(sdh_stack_observers0)
    sdh_stack_observers0$$Limit              0x0002cbb4   Number         0  nrf_sdh_soc.o(sdh_stack_observers0)
    sdh_state_observers0$$Base               0x0002cbb4   Number         0  nrf_drv_clock.o(sdh_state_observers0)
    sdh_state_observers0$$Limit              0x0002cbbc   Number         0  nrf_drv_clock.o(sdh_state_observers0)
    Image$$RW_IRAM1$$Base                    0x200051f8   Number         0  anon$$obj.o ABSOLUTE
    nrf_drv_uart_use_easy_dma                0x20005d54   Data           1  nrf_drv_uart.o(.data)
    __stdout                                 0x20005dc8   Data           4  retarget.o(.data)
    addr_test                                0x20005e30   Data           4  nrf_sdh_ble.o(.data)
    SystemCoreClock                          0x20005e34   Data           4  system_nrf52.o(.data)
    nrf_nvic_state                           0x20006778   Data          12  app_util_platform.o(.bss)
    _SEGGER_RTT                              0x20006d4c   Data         120  segger_rtt.o(.bss)
    __initial_sp                             0x20008fd8   Data           0  arm_startup_nrf52.o(STACK)



==============================================================================

Memory Map of the image

  Image Entry point : 0x00026201

  Load Region LR_IROM1 (Base: 0x00026000, Size: 0x000077fc, Max: 0x0005a000, ABSOLUTE, COMPRESSED[0x00006c18])

    Execution Region ER_IROM1 (Base: 0x00026000, Size: 0x00006bbc, Max: 0x0005a000, ABSOLUTE)

    Base Addr    Size         Type   Attr      Idx    E Section Name        Object

    0x00026000   0x00000200   Data   RO         4637    RESET               arm_startup_nrf52.o
    0x00026200   0x00000000   Code   RO         4678  * .ARM.Collect$$$$00000000  mc_w.l(entry.o)
    0x00026200   0x00000004   Code   RO         4986    .ARM.Collect$$$$00000001  mc_w.l(entry2.o)
    0x00026204   0x00000004   Code   RO         4989    .ARM.Collect$$$$00000004  mc_w.l(entry5.o)
    0x00026208   0x00000000   Code   RO         4991    .ARM.Collect$$$$00000008  mc_w.l(entry7b.o)
    0x00026208   0x00000000   Code   RO         4993    .ARM.Collect$$$$0000000A  mc_w.l(entry8b.o)
    0x00026208   0x00000008   Code   RO         4994    .ARM.Collect$$$$0000000B  mc_w.l(entry9a.o)
    0x00026210   0x00000000   Code   RO         4996    .ARM.Collect$$$$0000000D  mc_w.l(entry10a.o)
    0x00026210   0x00000000   Code   RO         4998    .ARM.Collect$$$$0000000F  mc_w.l(entry11a.o)
    0x00026210   0x00000004   Code   RO         4987    .ARM.Collect$$$$00002712  mc_w.l(entry2.o)
    0x00026214   0x000000e2   Code   RO         3213    .emb_text           nrf_atomic.o
    0x000262f6   0x00000002   PAD
    0x000262f8   0x00000024   Code   RO         4638    .text               arm_startup_nrf52.o
    0x0002631c   0x00000062   Code   RO         4681    .text               mc_w.l(uldiv.o)
    0x0002637e   0x0000001e   Code   RO         4683    .text               mc_w.l(llshl.o)
    0x0002639c   0x00000008   Code   RO         4685    .text               mc_w.l(ctype_o.o)
    0x000263a4   0x00000024   Code   RO         4713    .text               mc_w.l(memcpya.o)
    0x000263c8   0x00000024   Code   RO         4715    .text               mc_w.l(memseta.o)
    0x000263ec   0x0000000e   Code   RO         4717    .text               mc_w.l(strlen.o)
    0x000263fa   0x0000001a   Code   RO         4719    .text               mc_w.l(memcmp.o)
    0x00026414   0x00000012   Code   RO         4721    .text               mc_w.l(strcpy.o)
    0x00026426   0x00000020   Code   RO         5002    .text               mc_w.l(llushr.o)
    0x00026446   0x00000002   PAD
    0x00026448   0x00000024   Code   RO         5015    .text               mc_w.l(init.o)
    0x0002646c   0x00000056   Code   RO         5029    .text               mc_w.l(__dczerorl2.o)
    0x000264c2   0x00000002   PAD
    0x000264c4   0x00000164   Code   RO         1826    i.GPIOTE_IRQHandler  nrfx_gpiote.o
    0x00026628   0x00000016   Code   RO         2771    i.NVIC_ClearPendingIRQ  app_timer.o
    0x0002663e   0x00000016   Code   RO         2772    i.NVIC_EnableIRQ    app_timer.o
    0x00026654   0x00000016   Code   RO         2773    i.NVIC_SetPendingIRQ  app_timer.o
    0x0002666a   0x00000020   Code   RO         2774    i.NVIC_SetPriority  app_timer.o
    0x0002668a   0x00000002   PAD
    0x0002668c   0x00000058   Code   RO         1688    i.POWER_CLOCK_IRQHandler  nrfx_clock.o
    0x000266e4   0x00000024   Code   RO         2775    i.RTC1_IRQHandler   app_timer.o
    0x00026708   0x00000004   Code   RO         4172    i.SEGGER_RTT_Init   segger_rtt.o
    0x0002670c   0x0000005c   Code   RO         4186    i.SEGGER_RTT_WriteNoLock  segger_rtt.o
    0x00026768   0x00000004   Code   RO         2776    i.SWI0_EGU0_IRQHandler  app_timer.o
    0x0002676c   0x00000004   Code   RO         4423    i.SWI2_EGU2_IRQHandler  nrf_sdh.o
    0x00026770   0x0000031c   Code   RO         4646    i.SystemInit        system_nrf52.o
    0x00026a8c   0x0000000c   Code   RO         2095    i.UARTE0_UART0_IRQHandler  nrfx_prs.o
    0x00026a98   0x00000068   Code   RO         4190    i._DoInit           segger_rtt.o
    0x00026b00   0x00000016   Code   RO         4191    i._GetAvailWriteSpace  segger_rtt.o
    0x00026b16   0x0000005a   Code   RO         4193    i._WriteBlocking    segger_rtt.o
    0x00026b70   0x00000042   Code   RO         4194    i._WriteNoCheck     segger_rtt.o
    0x00026bb2   0x00000002   PAD
    0x00026bb4   0x00000020   Code   RO         4858    i.__0printf$5       mc_w.l(printf5.o)
    0x00026bd4   0x0000000e   Code   RO         5023    i.__scatterload_copy  mc_w.l(handlers.o)
    0x00026be2   0x00000002   Code   RO         5024    i.__scatterload_null  mc_w.l(handlers.o)
    0x00026be4   0x0000000e   Code   RO         5025    i.__scatterload_zeroinit  mc_w.l(handlers.o)
    0x00026bf2   0x00000002   PAD
    0x00026bf4   0x00000024   Code   RO         4424    i.__sd_nvic_app_accessible_irq  nrf_sdh.o
    0x00026c18   0x000002c0   Code   RO         4865    i._printf_core      mc_w.l(printf5.o)
    0x00026ed8   0x00000036   Code   RO          637    i.advertising_buttons_configure  bsp_btn_ble.o
    0x00026f0e   0x00000006   Code   RO          520    i.alert_timer_handler  bsp.o
    0x00026f14   0x00000024   Code   RO         2493    i.app_button_enable  app_button.o
    0x00026f38   0x00000078   Code   RO         2494    i.app_button_init   app_button.o
    0x00026fb0   0x00000084   Code   RO         2613    i.app_error_fault_handler  app_error_weak.o
    0x00027034   0x00000016   Code   RO         2557    i.app_error_handler_bare  app_error.o
    0x0002704a   0x00000016   Code   RO         2648    i.app_fifo_get      app_fifo.o
    0x00027060   0x00000020   Code   RO         2649    i.app_fifo_init     app_fifo.o
    0x00027080   0x0000001a   Code   RO         2651    i.app_fifo_put      app_fifo.o
    0x0002709a   0x00000002   PAD
    0x0002709c   0x00000024   Code   RO         2779    i.app_timer_create  app_timer.o
    0x000270c0   0x00000054   Code   RO         2780    i.app_timer_init    app_timer.o
    0x00027114   0x00000088   Code   RO         2783    i.app_timer_start   app_timer.o
    0x0002719c   0x00000020   Code   RO         2784    i.app_timer_stop    app_timer.o
    0x000271bc   0x00000034   Code   RO         2946    i.app_uart_get      app_uart_fifo.o
    0x000271f0   0x000000a4   Code   RO         2947    i.app_uart_init     app_uart_fifo.o
    0x00027294   0x00000054   Code   RO         2948    i.app_uart_put      app_uart_fifo.o
    0x000272e8   0x00000048   Code   RO         3027    i.app_util_critical_region_enter  app_util_platform.o
    0x00027330   0x00000034   Code   RO         3028    i.app_util_critical_region_exit  app_util_platform.o
    0x00027364   0x00000088   Code   RO         2149    i.apply_config      nrfx_uart.o
    0x000273ec   0x00000088   Code   RO         2337    i.apply_config      nrfx_uarte.o
    0x00027474   0x00000038   Code   RO          744    i.ble_advdata_search  ble_advdata.o
    0x000274ac   0x000000b6   Code   RO          746    i.ble_advdata_uuid_find  ble_advdata.o
    0x00027562   0x00000002   PAD
    0x00027564   0x00000040   Code   RO          857    i.ble_db_discovery_evt_register  ble_db_discovery.o
    0x000275a4   0x0000001c   Code   RO          858    i.ble_db_discovery_init  ble_db_discovery.o
    0x000275c0   0x00000090   Code   RO          859    i.ble_db_discovery_on_ble_evt  ble_db_discovery.o
    0x00027650   0x00000028   Code   RO          860    i.ble_db_discovery_start  ble_db_discovery.o
    0x00027678   0x00000118   Code   RO            5    i.ble_evt_handler   main.o
    0x00027790   0x00000070   Code   RO          638    i.ble_evt_handler   bsp_btn_ble.o
    0x00027800   0x000000d0   Code   RO            6    i.ble_nus_c_evt_handler  main.o
    0x000278d0   0x0000001a   Code   RO         1267    i.ble_nus_c_handles_assign  ble_nus_c.o
    0x000278ea   0x00000002   PAD
    0x000278ec   0x0000004c   Code   RO         1268    i.ble_nus_c_init    ble_nus_c.o
    0x00027938   0x0000006c   Code   RO         1269    i.ble_nus_c_on_ble_evt  ble_nus_c.o
    0x000279a4   0x00000080   Code   RO         1270    i.ble_nus_c_on_db_disc_evt  ble_nus_c.o
    0x00027a24   0x00000094   Code   RO         1271    i.ble_nus_c_string_send  ble_nus_c.o
    0x00027ab8   0x00000048   Code   RO         1272    i.ble_nus_c_tx_notif_enable  ble_nus_c.o
    0x00027b00   0x000000dc   Code   RO            7    i.ble_nus_chars_received_uart_print  main.o
    0x00027bdc   0x0000000c   Code   RO          384    i.bsp_board_button_idx_to_pin  boards.o
    0x00027be8   0x00000020   Code   RO          385    i.bsp_board_button_state_get  boards.o
    0x00027c08   0x00000054   Code   RO          386    i.bsp_board_init    boards.o
    0x00027c5c   0x00000024   Code   RO          388    i.bsp_board_led_invert  boards.o
    0x00027c80   0x00000010   Code   RO          389    i.bsp_board_led_off  boards.o
    0x00027c90   0x00000010   Code   RO          390    i.bsp_board_led_on  boards.o
    0x00027ca0   0x00000020   Code   RO          391    i.bsp_board_led_state_get  boards.o
    0x00027cc0   0x00000012   Code   RO          392    i.bsp_board_leds_off  boards.o
    0x00027cd2   0x00000012   Code   RO          393    i.bsp_board_leds_on  boards.o
    0x00027ce4   0x00000024   Code   RO          394    i.bsp_board_pin_to_button_idx  boards.o
    0x00027d08   0x00000038   Code   RO          639    i.bsp_btn_ble_init  bsp_btn_ble.o
    0x00027d40   0x0000001e   Code   RO          640    i.bsp_btn_ble_sleep_mode_prepare  bsp_btn_ble.o
    0x00027d5e   0x00000002   PAD
    0x00027d60   0x00000090   Code   RO          521    i.bsp_button_event_handler  bsp.o
    0x00027df0   0x0000000c   Code   RO          522    i.bsp_button_is_pressed  bsp.o
    0x00027dfc   0x00000010   Code   RO            8    i.bsp_event_handler  main.o
    0x00027e0c   0x00000044   Code   RO          525    i.bsp_event_to_button_action_assign  bsp.o
    0x00027e50   0x00000018   Code   RO          526    i.bsp_indication_set  bsp.o
    0x00027e68   0x00000094   Code   RO          527    i.bsp_init          bsp.o
    0x00027efc   0x000001c8   Code   RO          528    i.bsp_led_indication  bsp.o
    0x000280c4   0x00000006   Code   RO          530    i.bsp_wakeup_button_enable  bsp.o
    0x000280ca   0x00000002   PAD
    0x000280cc   0x00000090   Code   RO         3927    i.buf_prealloc      nrf_log_frontend.o
    0x0002815c   0x0000002e   Code   RO         3428    i.buffer_add        nrf_fprintf_format.o
    0x0002818a   0x00000002   PAD
    0x0002818c   0x00000014   Code   RO         3928    i.buffer_is_empty   nrf_log_frontend.o
    0x000281a0   0x00000008   Code   RO          531    i.button_timer_handler  bsp.o
    0x000281a8   0x0000001c   Code   RO         1827    i.channel_free      nrfx_gpiote.o
    0x000281c4   0x00000048   Code   RO         1828    i.channel_port_alloc  nrfx_gpiote.o
    0x0002820c   0x00000010   Code   RO         1829    i.channel_port_get  nrfx_gpiote.o
    0x0002821c   0x00000042   Code   RO          861    i.characteristics_discover  ble_db_discovery.o
    0x0002825e   0x00000002   PAD
    0x00028260   0x00000028   Code   RO         1348    i.clock_clk_started_notify  nrf_drv_clock.o
    0x00028288   0x0000001c   Code   RO         1349    i.clock_irq_handler  nrf_drv_clock.o
    0x000282a4   0x000000ac   Code   RO         2786    i.compare_reg_update  app_timer.o
    0x00028350   0x000000c0   Code   RO         1042    i.data_length_update  nrf_ble_gatt.o
    0x00028410   0x00000014   Code   RO            9    i.db_disc_handler   main.o
    0x00028424   0x0000008c   Code   RO          862    i.descriptors_discover  ble_db_discovery.o
    0x000284b0   0x0000009c   Code   RO         2496    i.detection_delay_timeout_handler  app_button.o
    0x0002854c   0x00000090   Code   RO          863    i.discovery_complete_evt_trigger  ble_db_discovery.o
    0x000285dc   0x0000003c   Code   RO          864    i.discovery_error_evt_trigger  ble_db_discovery.o
    0x00028618   0x0000005c   Code   RO          865    i.discovery_start   ble_db_discovery.o
    0x00028674   0x00000014   Code   RO         3929    i.dropped_sat16_get  nrf_log_frontend.o
    0x00028688   0x00000040   Code   RO         2787    i.elapsed_ticks_acquire  app_timer.o
    0x000286c8   0x00000014   Code   RO         2654    i.fifo_get          app_fifo.o
    0x000286dc   0x00000012   Code   RO         2655    i.fifo_put          app_fifo.o
    0x000286ee   0x0000000e   Code   RO         3751    i.fputc             retarget.o
    0x000286fc   0x00000090   Code   RO           10    i.gatt_evt_handler  main.o
    0x0002878c   0x00000030   Code   RO           11    i.gatt_init         main.o
    0x000287bc   0x00000084   Code   RO         2497    i.gpiote_event_handler  app_button.o
    0x00028840   0x000000a6   Code   RO         3429    i.int_print         nrf_fprintf_format.o
    0x000288e6   0x00000002   PAD
    0x000288e8   0x0000007c   Code   RO         2338    i.interrupts_enable  nrfx_uarte.o
    0x00028964   0x00000034   Code   RO         3930    i.invalid_packets_omit  nrf_log_frontend.o
    0x00028998   0x0000004c   Code   RO          866    i.is_desc_discovery_reqd  ble_db_discovery.o
    0x000289e4   0x00000016   Code   RO         1144    i.is_whitelist_used  nrf_ble_scan.o
    0x000289fa   0x00000002   PAD
    0x000289fc   0x00000030   Code   RO          532    i.leds_off          bsp.o
    0x00028a2c   0x00000014   Code   RO          533    i.leds_timer_handler  bsp.o
    0x00028a40   0x00000018   Code   RO         1043    i.link_init         nrf_ble_gatt.o
    0x00028a58   0x000000f8   Code   RO         2788    i.list_insertions_handler  app_timer.o
    0x00028b50   0x0000009c   Code   RO         3931    i.log_skip          nrf_log_frontend.o
    0x00028bec   0x00000170   Code   RO           12    i.main              main.o
    0x00028d5c   0x0000007e   Code   RO         3468    i.memobj_op         nrf_memobj.o
    0x00028dda   0x00000002   PAD
    0x00028ddc   0x00000030   Code   RO         3932    i.module_idx_get    nrf_log_frontend.o
    0x00028e0c   0x00000006   Code   RO         3215    i.nrf_atomic_flag_clear_fetch  nrf_atomic.o
    0x00028e12   0x00000006   Code   RO         3216    i.nrf_atomic_flag_set  nrf_atomic.o
    0x00028e18   0x0000000c   Code   RO         3218    i.nrf_atomic_u32_add  nrf_atomic.o
    0x00028e24   0x0000000a   Code   RO         3222    i.nrf_atomic_u32_fetch_and  nrf_atomic.o
    0x00028e2e   0x0000000a   Code   RO         3224    i.nrf_atomic_u32_fetch_store  nrf_atomic.o
    0x00028e38   0x0000000c   Code   RO         3228    i.nrf_atomic_u32_or  nrf_atomic.o
    0x00028e44   0x0000000c   Code   RO         3230    i.nrf_atomic_u32_sub  nrf_atomic.o
    0x00028e50   0x00000044   Code   RO         3352    i.nrf_balloc_alloc  nrf_balloc.o
    0x00028e94   0x00000030   Code   RO         3353    i.nrf_balloc_free   nrf_balloc.o
    0x00028ec4   0x00000030   Code   RO         3354    i.nrf_balloc_init   nrf_balloc.o
    0x00028ef4   0x00000010   Code   RO         1830    i.nrf_bitmask_bit_is_set  nrfx_gpiote.o
    0x00028f04   0x00000014   Code   RO         1831    i.nrf_bitmask_bit_set  nrfx_gpiote.o
    0x00028f18   0x00000018   Code   RO         1044    i.nrf_ble_gatt_att_mtu_central_set  nrf_ble_gatt.o
    0x00028f30   0x0000002c   Code   RO         1049    i.nrf_ble_gatt_init  nrf_ble_gatt.o
    0x00028f5c   0x00000170   Code   RO         1050    i.nrf_ble_gatt_on_ble_evt  nrf_ble_gatt.o
    0x000290cc   0x0000004c   Code   RO         1146    i.nrf_ble_scan_connect_with_target  nrf_ble_scan.o
    0x00029118   0x00000014   Code   RO         1148    i.nrf_ble_scan_default_conn_param_set  nrf_ble_scan.o
    0x0002912c   0x0000001e   Code   RO         1149    i.nrf_ble_scan_default_param_set  nrf_ble_scan.o
    0x0002914a   0x00000042   Code   RO         1151    i.nrf_ble_scan_filter_set  nrf_ble_scan.o
    0x0002918c   0x0000000e   Code   RO         1152    i.nrf_ble_scan_filters_disable  nrf_ble_scan.o
    0x0002919a   0x00000036   Code   RO         1153    i.nrf_ble_scan_filters_enable  nrf_ble_scan.o
    0x000291d0   0x0000006a   Code   RO         1154    i.nrf_ble_scan_init  nrf_ble_scan.o
    0x0002923a   0x000000fc   Code   RO         1155    i.nrf_ble_scan_on_adv_report  nrf_ble_scan.o
    0x00029336   0x000000ae   Code   RO         1156    i.nrf_ble_scan_on_ble_evt  nrf_ble_scan.o
    0x000293e4   0x00000088   Code   RO         1158    i.nrf_ble_scan_start  nrf_ble_scan.o
    0x0002946c   0x0000000e   Code   RO         1689    i.nrf_clock_event_check  nrfx_clock.o
    0x0002947a   0x00000010   Code   RO         1690    i.nrf_clock_event_clear  nrfx_clock.o
    0x0002948a   0x00000002   PAD
    0x0002948c   0x00000038   Code   RO         1356    i.nrf_drv_clock_init  nrf_drv_clock.o
    0x000294c4   0x00000030   Code   RO         1360    i.nrf_drv_clock_lfclk_release  nrf_drv_clock.o
    0x000294f4   0x00000068   Code   RO         1497    i.nrf_drv_uart_init  nrf_drv_uart.o
    0x0002955c   0x00000020   Code   RO         2949    i.nrf_drv_uart_rx   app_uart_fifo.o
    0x0002957c   0x00000020   Code   RO         2950    i.nrf_drv_uart_tx   app_uart_fifo.o
    0x0002959c   0x0000001a   Code   RO         3389    i.nrf_fprintf       nrf_fprintf.o
    0x000295b6   0x00000018   Code   RO         3390    i.nrf_fprintf_buffer_flush  nrf_fprintf.o
    0x000295ce   0x000001da   Code   RO         3430    i.nrf_fprintf_fmt   nrf_fprintf_format.o
    0x000297a8   0x00000024   Code   RO          396    i.nrf_gpio_cfg      boards.o
    0x000297cc   0x00000024   Code   RO         1832    i.nrf_gpio_cfg      nrfx_gpiote.o
    0x000297f0   0x00000024   Code   RO         2150    i.nrf_gpio_cfg      nrfx_uart.o
    0x00029814   0x00000024   Code   RO         2339    i.nrf_gpio_cfg      nrfx_uarte.o
    0x00029838   0x00000012   Code   RO         2152    i.nrf_gpio_cfg_input  nrfx_uart.o
    0x0002984a   0x00000012   Code   RO         2341    i.nrf_gpio_cfg_input  nrfx_uarte.o
    0x0002985c   0x00000014   Code   RO         2153    i.nrf_gpio_cfg_output  nrfx_uart.o
    0x00029870   0x00000014   Code   RO         2342    i.nrf_gpio_cfg_output  nrfx_uarte.o
    0x00029884   0x00000022   Code   RO         1834    i.nrf_gpio_cfg_sense_set  nrfx_gpiote.o
    0x000298a6   0x00000016   Code   RO          397    i.nrf_gpio_pin_write  boards.o
    0x000298bc   0x00000028   Code   RO         1835    i.nrf_gpio_ports_read  nrfx_gpiote.o
    0x000298e4   0x00000014   Code   RO         1836    i.nrf_gpiote_event_clear  nrfx_gpiote.o
    0x000298f8   0x00000010   Code   RO         1837    i.nrf_gpiote_event_is_set  nrfx_gpiote.o
    0x00029908   0x0000005c   Code   RO         3933    i.nrf_log_backend_add  nrf_log_frontend.o
    0x00029964   0x00000002   Code   RO         3788    i.nrf_log_backend_rtt_flush  nrf_log_backend_rtt.o
    0x00029966   0x00000004   Code   RO         3789    i.nrf_log_backend_rtt_init  nrf_log_backend_rtt.o
    0x0002996a   0x00000002   Code   RO         3790    i.nrf_log_backend_rtt_panic_set  nrf_log_backend_rtt.o
    0x0002996c   0x00000018   Code   RO         3791    i.nrf_log_backend_rtt_put  nrf_log_backend_rtt.o
    0x00029984   0x000000c8   Code   RO         3857    i.nrf_log_backend_serial_put  nrf_log_backend_serial.o
    0x00029a4c   0x00000030   Code   RO         3935    i.nrf_log_color_id_get  nrf_log_frontend.o
    0x00029a7c   0x0000001c   Code   RO         3891    i.nrf_log_default_backends_init  nrf_log_default_backends.o
    0x00029a98   0x00000234   Code   RO         3936    i.nrf_log_frontend_dequeue  nrf_log_frontend.o
    0x00029ccc   0x00000008   Code   RO         3938    i.nrf_log_frontend_std_0  nrf_log_frontend.o
    0x00029cd4   0x0000000e   Code   RO         3939    i.nrf_log_frontend_std_1  nrf_log_frontend.o
    0x00029ce2   0x00000010   Code   RO         3940    i.nrf_log_frontend_std_2  nrf_log_frontend.o
    0x00029cf2   0x0000001c   Code   RO         3944    i.nrf_log_frontend_std_6  nrf_log_frontend.o
    0x00029d0e   0x00000002   PAD
    0x00029d10   0x000000b0   Code   RO         4113    i.nrf_log_hexdump_entry_process  nrf_log_str_formatter.o
    0x00029dc0   0x0000003c   Code   RO         3945    i.nrf_log_init      nrf_log_frontend.o
    0x00029dfc   0x00000014   Code   RO         3946    i.nrf_log_module_cnt_get  nrf_log_frontend.o
    0x00029e10   0x0000001c   Code   RO         3949    i.nrf_log_module_name_get  nrf_log_frontend.o
    0x00029e2c   0x0000002c   Code   RO         3950    i.nrf_log_panic     nrf_log_frontend.o
    0x00029e58   0x000000b6   Code   RO         4114    i.nrf_log_std_entry_process  nrf_log_str_formatter.o
    0x00029f0e   0x00000060   Code   RO         3469    i.nrf_memobj_alloc  nrf_memobj.o
    0x00029f6e   0x00000032   Code   RO         3470    i.nrf_memobj_free   nrf_memobj.o
    0x00029fa0   0x00000008   Code   RO         3471    i.nrf_memobj_get    nrf_memobj.o
    0x00029fa8   0x00000004   Code   RO         3472    i.nrf_memobj_pool_init  nrf_memobj.o
    0x00029fac   0x0000001e   Code   RO         3473    i.nrf_memobj_put    nrf_memobj.o
    0x00029fca   0x00000010   Code   RO         3474    i.nrf_memobj_read   nrf_memobj.o
    0x00029fda   0x00000010   Code   RO         3475    i.nrf_memobj_write  nrf_memobj.o
    0x00029fea   0x00000002   PAD
    0x00029fec   0x00000028   Code   RO         3547    i.nrf_pwr_mgmt_init  nrf_pwr_mgmt.o
    0x0002a014   0x00000044   Code   RO         3548    i.nrf_pwr_mgmt_run  nrf_pwr_mgmt.o
    0x0002a058   0x0000003c   Code   RO         3549    i.nrf_pwr_mgmt_shutdown  nrf_pwr_mgmt.o
    0x0002a094   0x0000001c   Code   RO         3624    i.nrf_ringbuf_init  nrf_ringbuf.o
    0x0002a0b0   0x00000014   Code   RO         4544    i.nrf_sdh_ble_app_ram_start_get  nrf_sdh_ble.o
    0x0002a0c4   0x00000134   Code   RO         4545    i.nrf_sdh_ble_default_cfg_set  nrf_sdh_ble.o
    0x0002a1f8   0x000001ac   Code   RO         4546    i.nrf_sdh_ble_enable  nrf_sdh_ble.o
    0x0002a3a4   0x00000060   Code   RO         4547    i.nrf_sdh_ble_evts_poll  nrf_sdh_ble.o
    0x0002a404   0x00000074   Code   RO         4426    i.nrf_sdh_enable_request  nrf_sdh.o
    0x0002a478   0x00000024   Code   RO         4427    i.nrf_sdh_evts_poll  nrf_sdh.o
    0x0002a49c   0x0000000c   Code   RO         4428    i.nrf_sdh_is_enabled  nrf_sdh.o
    0x0002a4a8   0x0000003c   Code   RO         4603    i.nrf_sdh_soc_evts_poll  nrf_sdh_soc.o
    0x0002a4e4   0x0000000a   Code   RO         3682    i.nrf_section_iter_init  nrf_section_iter.o
    0x0002a4ee   0x00000024   Code   RO         3683    i.nrf_section_iter_item_set  nrf_section_iter.o
    0x0002a512   0x00000020   Code   RO         3684    i.nrf_section_iter_next  nrf_section_iter.o
    0x0002a532   0x00000002   PAD
    0x0002a534   0x00000038   Code   RO         3717    i.nrf_strerror_find  nrf_strerror.o
    0x0002a56c   0x00000014   Code   RO         3718    i.nrf_strerror_get  nrf_strerror.o
    0x0002a580   0x0000000a   Code   RO         2154    i.nrf_uart_event_check  nrfx_uart.o
    0x0002a58a   0x0000000c   Code   RO         2155    i.nrf_uart_event_clear  nrfx_uart.o
    0x0002a596   0x0000000c   Code   RO         2156    i.nrf_uart_int_enable_check  nrfx_uart.o
    0x0002a5a2   0x0000000a   Code   RO         2343    i.nrf_uarte_event_check  nrfx_uarte.o
    0x0002a5ac   0x0000000c   Code   RO         2344    i.nrf_uarte_event_clear  nrfx_uarte.o
    0x0002a5b8   0x0000002c   Code   RO         1695    i.nrfx_clock_enable  nrfx_clock.o
    0x0002a5e4   0x00000020   Code   RO         1698    i.nrfx_clock_init   nrfx_clock.o
    0x0002a604   0x0000001c   Code   RO         1701    i.nrfx_clock_lfclk_stop  nrfx_clock.o
    0x0002a620   0x00000010   Code   RO         2789    i.nrfx_coredep_delay_us  app_timer.o
    0x0002a630   0x000000a4   Code   RO         1842    i.nrfx_gpiote_in_event_enable  nrfx_gpiote.o
    0x0002a6d4   0x000000d0   Code   RO         1843    i.nrfx_gpiote_in_init  nrfx_gpiote.o
    0x0002a7a4   0x00000014   Code   RO         1844    i.nrfx_gpiote_in_is_set  nrfx_gpiote.o
    0x0002a7b8   0x0000006c   Code   RO         1846    i.nrfx_gpiote_init  nrfx_gpiote.o
    0x0002a824   0x00000014   Code   RO         1847    i.nrfx_gpiote_is_init  nrfx_gpiote.o
    0x0002a838   0x00000010   Code   RO         2345    i.nrfx_is_in_ram    nrfx_uarte.o
    0x0002a848   0x0000003a   Code   RO         2096    i.nrfx_prs_acquire  nrfx_prs.o
    0x0002a882   0x00000002   PAD
    0x0002a884   0x00000010   Code   RO         2157    i.nrfx_uart_0_irq_handler  nrfx_uart.o
    0x0002a894   0x000000d0   Code   RO         2159    i.nrfx_uart_init    nrfx_uart.o
    0x0002a964   0x000000ec   Code   RO         2160    i.nrfx_uart_rx      nrfx_uart.o
    0x0002aa50   0x000000a4   Code   RO         2165    i.nrfx_uart_tx      nrfx_uart.o
    0x0002aaf4   0x00000020   Code   RO         2167    i.nrfx_uart_tx_in_progress  nrfx_uart.o
    0x0002ab14   0x00000010   Code   RO         2346    i.nrfx_uarte_0_irq_handler  nrfx_uarte.o
    0x0002ab24   0x0000006c   Code   RO         2348    i.nrfx_uarte_init   nrfx_uarte.o
    0x0002ab90   0x00000104   Code   RO         2349    i.nrfx_uarte_rx     nrfx_uarte.o
    0x0002ac94   0x00000090   Code   RO         2352    i.nrfx_uarte_tx     nrfx_uarte.o
    0x0002ad24   0x0000001c   Code   RO         2354    i.nrfx_uarte_tx_in_progress  nrfx_uarte.o
    0x0002ad40   0x00000150   Code   RO          867    i.on_characteristic_discovery_rsp  ble_db_discovery.o
    0x0002ae90   0x000000a8   Code   RO         1051    i.on_connected_evt  nrf_ble_gatt.o
    0x0002af38   0x000000f0   Code   RO          868    i.on_descriptor_discovery_rsp  ble_db_discovery.o
    0x0002b028   0x000000ac   Code   RO         1052    i.on_exchange_mtu_request_evt  nrf_ble_gatt.o
    0x0002b0d4   0x00000068   Code   RO          869    i.on_primary_srv_discovery_rsp  ble_db_discovery.o
    0x0002b13c   0x0000007c   Code   RO          870    i.on_srv_disc_completion  ble_db_discovery.o
    0x0002b1b8   0x00000018   Code   RO         1863    i.pin_in_use_by_port  nrfx_gpiote.o
    0x0002b1d0   0x00000018   Code   RO         1864    i.pin_in_use_by_te  nrfx_gpiote.o
    0x0002b1e8   0x0000003c   Code   RO         4116    i.postfix_process   nrf_log_str_formatter.o
    0x0002b224   0x00000098   Code   RO         4117    i.prefix_process    nrf_log_str_formatter.o
    0x0002b2bc   0x00000018   Code   RO         2098    i.prs_box_get       nrfx_prs.o
    0x0002b2d4   0x00000010   Code   RO         4548    i.ram_end_address_get  nrf_sdh_ble.o
    0x0002b2e4   0x00000038   Code   RO          871    i.registered_handler_get  ble_db_discovery.o
    0x0002b31c   0x0000003c   Code   RO         2790    i.rtc1_stop         app_timer.o
    0x0002b358   0x00000032   Code   RO         2169    i.rx_byte           nrfx_uart.o
    0x0002b38a   0x00000016   Code   RO         2170    i.rx_done_event     nrfx_uart.o
    0x0002b3a0   0x00000016   Code   RO         2356    i.rx_done_event     nrfx_uarte.o
    0x0002b3b6   0x00000020   Code   RO         2171    i.rx_enable         nrfx_uart.o
    0x0002b3d6   0x00000002   PAD
    0x0002b3d8   0x000000a0   Code   RO           13    i.scan_evt_handler  main.o
    0x0002b478   0x00000058   Code   RO           14    i.scan_init         main.o
    0x0002b4d0   0x00000028   Code   RO           15    i.scan_start        main.o
    0x0002b4f8   0x00000050   Code   RO         1363    i.sd_state_evt_handler  nrf_drv_clock.o
    0x0002b548   0x00000030   Code   RO         4433    i.sdh_request_observer_notify  nrf_sdh.o
    0x0002b578   0x0000002c   Code   RO         4434    i.sdh_state_observer_notify  nrf_sdh.o
    0x0002b5a4   0x00000050   Code   RO         3792    i.serial_tx         nrf_log_backend_rtt.o
    0x0002b5f4   0x00000020   Code   RO           16    i.shutdown_handler  main.o
    0x0002b614   0x0000007c   Code   RO         3550    i.shutdown_process  nrf_pwr_mgmt.o
    0x0002b690   0x00000018   Code   RO         1364    i.soc_evt_handler   nrf_drv_clock.o
    0x0002b6a8   0x00000058   Code   RO         4436    i.softdevices_evt_irq_enable  nrf_sdh.o
    0x0002b700   0x0000008c   Code   RO         3952    i.std_n             nrf_log_frontend.o
    0x0002b78c   0x00000080   Code   RO         2791    i.timer_list_handler  app_timer.o
    0x0002b80c   0x0000003c   Code   RO         2792    i.timer_list_insert  app_timer.o
    0x0002b848   0x00000060   Code   RO         2793    i.timer_list_remove  app_timer.o
    0x0002b8a8   0x00000048   Code   RO         2794    i.timer_stop_op_schedule  app_timer.o
    0x0002b8f0   0x00000074   Code   RO         2795    i.timer_timeouts_check  app_timer.o
    0x0002b964   0x00000020   Code   RO         2172    i.tx_byte           nrfx_uart.o
    0x0002b984   0x0000001a   Code   RO         2173    i.tx_done_event     nrfx_uart.o
    0x0002b99e   0x00000002   PAD
    0x0002b9a0   0x0000007c   Code   RO           17    i.uart_event_handle  main.o
    0x0002ba1c   0x000000a0   Code   RO         2951    i.uart_event_handler  app_uart_fifo.o
    0x0002babc   0x00000030   Code   RO         1498    i.uart_evt_handler  nrf_drv_uart.o
    0x0002baec   0x00000128   Code   RO         2174    i.uart_irq_handler  nrfx_uart.o
    0x0002bc14   0x00000030   Code   RO         1499    i.uarte_evt_handler  nrf_drv_uart.o
    0x0002bc44   0x000000f2   Code   RO         2357    i.uarte_irq_handler  nrfx_uarte.o
    0x0002bd36   0x00000002   PAD
    0x0002bd38   0x000000b4   Code   RO         3431    i.unsigned_print    nrf_fprintf_format.o
    0x0002bdec   0x00000030   Code   RO         2796    i.user_op_alloc     app_timer.o
    0x0002be1c   0x0000003a   Code   RO          534    i.wakeup_button_cfg  bsp.o
    0x0002be56   0x00000002   PAD
    0x0002be58   0x0000001c   Data   RO           19    .constdata          main.o
    0x0002be74   0x00000008   Data   RO          398    .constdata          boards.o
    0x0002be7c   0x0000002c   Data   RO          539    .constdata          bsp.o
    0x0002bea8   0x0000007c   Data   RO          873    .constdata          ble_db_discovery.o
    0x0002bf24   0x00000016   Data   RO         1053    .constdata          nrf_ble_gatt.o
    0x0002bf3a   0x00000002   PAD
    0x0002bf3c   0x00000028   Data   RO         1273    .constdata          ble_nus_c.o
    0x0002bf64   0x00000004   Data   RO         1866    .constdata          nrfx_gpiote.o
    0x0002bf68   0x00000004   Data   RO         2177    .constdata          nrfx_uart.o
    0x0002bf6c   0x00000004   Data   RO         2360    .constdata          nrfx_uarte.o
    0x0002bf70   0x00000008   Data   RO         2499    .constdata          app_button.o
    0x0002bf78   0x00000008   PAD
    0x0002bf80   0x00000006   Data   RO         2798    .constdata          app_timer.o
    0x0002bf86   0x00000002   PAD
    0x0002bf88   0x00000020   Data   RO         2953    .constdata          app_uart_fifo.o
    0x0002bfa8   0x00000010   Data   RO         3432    .constdata          nrf_fprintf_format.o
    0x0002bfb8   0x00000018   Data   RO         3552    .constdata          nrf_pwr_mgmt.o
    0x0002bfd0   0x0000000c   Data   RO         3553    .constdata          nrf_pwr_mgmt.o
    0x0002bfdc   0x0000013c   Data   RO         3719    .constdata          nrf_strerror.o
    0x0002c118   0x0000000c   Data   RO         3794    .constdata          nrf_log_backend_rtt.o
    0x0002c124   0x0000000c   PAD
    0x0002c130   0x00000006   Data   RO         3795    .constdata          nrf_log_backend_rtt.o
    0x0002c136   0x00000002   PAD
    0x0002c138   0x0000000c   Data   RO         3957    .constdata          nrf_log_frontend.o
    0x0002c144   0x00000010   Data   RO         4437    .constdata          nrf_sdh.o
    0x0002c154   0x00000028   Data   RO         4438    .constdata          nrf_sdh.o
    0x0002c17c   0x00000010   Data   RO         4439    .constdata          nrf_sdh.o
    0x0002c18c   0x00000010   Data   RO         4440    .constdata          nrf_sdh.o
    0x0002c19c   0x00000020   Data   RO         4549    .constdata          nrf_sdh_ble.o
    0x0002c1bc   0x00000010   Data   RO         4550    .constdata          nrf_sdh_ble.o
    0x0002c1cc   0x00000010   Data   RO         4604    .constdata          nrf_sdh_soc.o
    0x0002c1dc   0x0000000c   Data   RO         4605    .constdata          nrf_sdh_soc.o
    0x0002c1e8   0x00000081   Data   RO         4686    .constdata          mc_w.l(ctype_o.o)
    0x0002c269   0x00000003   PAD
    0x0002c26c   0x00000004   Data   RO         4687    .constdata          mc_w.l(ctype_o.o)
    0x0002c270   0x000000a2   Data   RO          874    .conststring        ble_db_discovery.o
    0x0002c312   0x00000002   PAD
    0x0002c314   0x000000a2   Data   RO         1054    .conststring        nrf_ble_gatt.o
    0x0002c3b6   0x00000002   PAD
    0x0002c3b8   0x000003eb   Data   RO         3720    .conststring        nrf_strerror.o
    0x0002c7a3   0x00000001   PAD
    0x0002c7a4   0x00000066   Data   RO         4118    .conststring        nrf_log_str_formatter.o
    0x0002c80a   0x00000002   PAD
    0x0002c80c   0x000001cf   Data   RO         4551    .conststring        nrf_sdh_ble.o
    0x0002c9db   0x00000001   PAD
    0x0002c9dc   0x0000000c   Data   RO          875    .conststrlit        ble_db_discovery.o
    0x0002c9e8   0x0000000d   Data   RO         1055    .conststrlit        nrf_ble_gatt.o
    0x0002c9f5   0x00000003   PAD
    0x0002c9f8   0x00000009   Data   RO         1160    .conststrlit        nrf_ble_scan.o
    0x0002ca01   0x00000003   PAD
    0x0002ca04   0x0000000a   Data   RO         1274    .conststrlit        ble_nus_c.o
    0x0002ca0e   0x00000002   PAD
    0x0002ca10   0x00000006   Data   RO         1370    .conststrlit        nrf_drv_clock.o
    0x0002ca16   0x00000002   PAD
    0x0002ca18   0x00000006   Data   RO         1705    .conststrlit        nrfx_clock.o
    0x0002ca1e   0x00000002   PAD
    0x0002ca20   0x00000007   Data   RO         1870    .conststrlit        nrfx_gpiote.o
    0x0002ca27   0x00000001   PAD
    0x0002ca28   0x00000004   Data   RO         2100    .conststrlit        nrfx_prs.o
    0x0002ca2c   0x00000005   Data   RO         2180    .conststrlit        nrfx_uart.o
    0x0002ca31   0x00000003   PAD
    0x0002ca34   0x00000006   Data   RO         2363    .conststrlit        nrfx_uarte.o
    0x0002ca3a   0x00000002   PAD
    0x0002ca3c   0x00000009   Data   RO         3554    .conststrlit        nrf_pwr_mgmt.o
    0x0002ca45   0x00000003   PAD
    0x0002ca48   0x00000010   Data   RO         3892    .conststrlit        nrf_log_default_backends.o
    0x0002ca58   0x00000004   Data   RO         3958    .conststrlit        nrf_log_frontend.o
    0x0002ca5c   0x00000008   Data   RO         4441    .conststrlit        nrf_sdh.o
    0x0002ca64   0x0000000c   Data   RO         4552    .conststrlit        nrf_sdh_ble.o
    0x0002ca70   0x0000000c   Data   RO         4606    .conststrlit        nrf_sdh_soc.o
    0x0002ca7c   0x00000020   Data   RO         5021    Region$$Table       anon$$obj.o
    0x0002ca9c   0x00000010   Data   RO         3894    log_backends        nrf_log_default_backends.o
    0x0002caac   0x00000008   Data   RO          877    log_const_data      ble_db_discovery.o
    0x0002cab4   0x00000008   Data   RO         1056    log_const_data      nrf_ble_gatt.o
    0x0002cabc   0x00000008   Data   RO         1161    log_const_data      nrf_ble_scan.o
    0x0002cac4   0x00000008   Data   RO         1275    log_const_data      ble_nus_c.o
    0x0002cacc   0x00000008   Data   RO         1371    log_const_data      nrf_drv_clock.o
    0x0002cad4   0x00000008   Data   RO         1707    log_const_data      nrfx_clock.o
    0x0002cadc   0x00000008   Data   RO         1871    log_const_data      nrfx_gpiote.o
    0x0002cae4   0x00000008   Data   RO         2102    log_const_data      nrfx_prs.o
    0x0002caec   0x00000008   Data   RO         2181    log_const_data      nrfx_uart.o
    0x0002caf4   0x00000008   Data   RO         2364    log_const_data      nrfx_uarte.o
    0x0002cafc   0x00000008   Data   RO         3556    log_const_data      nrf_pwr_mgmt.o
    0x0002cb04   0x00000008   Data   RO         3961    log_const_data      nrf_log_frontend.o
    0x0002cb0c   0x00000008   Data   RO         4443    log_const_data      nrf_sdh.o
    0x0002cb14   0x00000008   Data   RO         4554    log_const_data      nrf_sdh_ble.o
    0x0002cb1c   0x00000008   Data   RO         4607    log_const_data      nrf_sdh_soc.o
    0x0002cb24   0x00000014   Data   RO         3962    nrf_balloc          nrf_log_frontend.o
    0x0002cb38   0x00000004   Data   RO           21    pwr_mgmt_data1      main.o
    0x0002cb3c   0x00000030   Data   RO           22    sdh_ble_observers1  main.o
    0x0002cb6c   0x00000008   Data   RO          642    sdh_ble_observers1  bsp_btn_ble.o
    0x0002cb74   0x00000020   Data   RO           23    sdh_ble_observers2  main.o
    0x0002cb94   0x00000008   Data   RO           24    sdh_ble_observers3  main.o
    0x0002cb9c   0x00000008   Data   RO         1372    sdh_soc_observers0  nrf_drv_clock.o
    0x0002cba4   0x00000008   Data   RO         4555    sdh_stack_observers0  nrf_sdh_ble.o
    0x0002cbac   0x00000008   Data   RO         4608    sdh_stack_observers0  nrf_sdh_soc.o
    0x0002cbb4   0x00000008   Data   RO         1373    sdh_state_observers0  nrf_drv_clock.o


    Execution Region RW_IRAM1 (Base: 0x200051f8, Size: 0x00003de0, Max: 0x0000ae08, ABSOLUTE, COMPRESSED[0x0000005c])

    Base Addr    Size         Type   Attr      Idx    E Section Name        Object

    0x200051f8   0x00000b34   Data   RW           20    .data               main.o
    0x20005d2c   0x00000010   Data   RW          540    .data               bsp.o
    0x20005d3c   0x00000008   Data   RW          641    .data               bsp_btn_ble.o
    0x20005d44   0x00000010   Data   RW          876    .data               ble_db_discovery.o
    0x20005d54   0x0000000c   Data   RW         1500    .data               nrf_drv_uart.o
    0x20005d60   0x00000008   Data   RW         1706    .data               nrfx_clock.o
    0x20005d68   0x00000008   Data   RW         2101    .data               nrfx_prs.o
    0x20005d70   0x00000020   Data   RW         2500    .data               app_button.o
    0x20005d90   0x00000014   Data   RW         2799    .data               app_timer.o
    0x20005da4   0x0000001c   Data   RW         2954    .data               app_uart_fifo.o
    0x20005dc0   0x00000008   Data   RW         3555    .data               nrf_pwr_mgmt.o
    0x20005dc8   0x00000004   Data   RW         3752    .data               retarget.o
    0x20005dcc   0x00000001   Data   RW         3796    .data               nrf_log_backend_rtt.o
    0x20005dcd   0x00000003   PAD
    0x20005dd0   0x00000008   Data   RW         3893    .data               nrf_log_default_backends.o
    0x20005dd8   0x00000008   Data   RW         3959    .data               nrf_log_frontend.o
    0x20005de0   0x00000008   Data   RW         3960    .data               nrf_log_frontend.o
    0x20005de8   0x00000040   Data   RW         4119    .data               nrf_log_str_formatter.o
    0x20005e28   0x00000003   Data   RW         4442    .data               nrf_sdh.o
    0x20005e2b   0x00000001   PAD
    0x20005e2c   0x00000008   Data   RW         4553    .data               nrf_sdh_ble.o
    0x20005e34   0x00000004   Data   RW         4647    .data               system_nrf52.o
    0x20005e38   0x000003b0   Zero   RW           18    .bss                main.o
    0x200061e8   0x00000020   Zero   RW          535    .bss                bsp.o
    0x20006208   0x00000020   Zero   RW          536    .bss                bsp.o
    0x20006228   0x0000000c   Zero   RW          537    .bss                bsp.o
    0x20006234   0x00000020   Zero   RW          538    .bss                bsp.o
    0x20006254   0x00000318   Zero   RW          872    .bss                ble_db_discovery.o
    0x2000656c   0x00000014   Zero   RW         1365    .bss                nrf_drv_clock.o
    0x20006580   0x0000005c   Zero   RW         1865    .bss                nrfx_gpiote.o
    0x200065dc   0x0000002c   Zero   RW         2175    .bss                nrfx_uart.o
    0x20006608   0x00000024   Zero   RW         2358    .bss                nrfx_uarte.o
    0x2000662c   0x00000020   Zero   RW         2498    .bss                app_button.o
    0x2000664c   0x0000010c   Zero   RW         2797    .bss                app_timer.o
    0x20006758   0x00000020   Zero   RW         2952    .bss                app_uart_fifo.o
    0x20006778   0x0000000c   Zero   RW         3033    .bss                app_util_platform.o
    0x20006784   0x0000000c   Zero   RW         3551    .bss                nrf_pwr_mgmt.o
    0x20006790   0x00000040   Zero   RW         3793    .bss                nrf_log_backend_rtt.o
    0x200067d0   0x000000c0   Zero   RW         3953    .bss                nrf_log_frontend.o
    0x20006890   0x00000080   Zero   RW         3954    .bss                nrf_log_frontend.o
    0x20006910   0x00000018   Zero   RW         3955    .bss                nrf_log_frontend.o
    0x20006928   0x00000424   Zero   RW         3956    .bss                nrf_log_frontend.o
    0x20006d4c   0x00000288   Zero   RW         4195    .bss                segger_rtt.o
    0x20006fd4   0x00000004   PAD
    0x20006fd8   0x00002000   Zero   RW         4635    STACK               arm_startup_nrf52.o


==============================================================================

Image component sizes


      Code (inc. data)   RO Data    RW Data    ZI Data      Debug   Object Name

       444         38          8         32         32      12954   app_button.o
        22          0          0          0          0       2413   app_error.o
       132         46          0          0          0      30537   app_error_weak.o
       118          0          0          0          0       4866   app_fifo.o
      1506        118          6         20        268      48019   app_timer.o
       524         60         32         28         32      20978   app_uart_fifo.o
       124         14          0          0         12       9490   app_util_platform.o
        36          8        512          0       8192        908   arm_startup_nrf52.o
       238          0          0          0          0      44483   ble_advdata.o
      1714         94        306         16        792      18527   ble_db_discovery.o
       558         72         58          0          0      18968   ble_nus_c.o
       358         40          8          0          0      48551   boards.o
       998         84         44         16        108      15287   bsp.o
       252         10          8          8          0       4684   bsp_btn_ble.o
      1748        670        120       2868        944     129787   main.o
       294          0          0          0          0       7679   nrf_atomic.o
       164          0          0          0          0       3552   nrf_balloc.o
       992        272        205          0          0      37202   nrf_ble_gatt.o
       950         44         17          0          0      12623   nrf_ble_scan.o
       276         34         30          0         20      37520   nrf_drv_clock.o
       200         26          0         12          0      17668   nrf_drv_uart.o
        50          0          0          0          0       3449   nrf_fprintf.o
       866          4         16          0          0       5410   nrf_fprintf_format.o
       112         18         18          1         64       5949   nrf_log_backend_rtt.o
       200          0          0          0          0      10777   nrf_log_backend_serial.o
        28          4         32          8          0       3277   nrf_log_default_backends.o
      1502        114         44         16       1404      30123   nrf_log_frontend.o
       570        108        102         64          0       5540   nrf_log_str_formatter.o
       346          0          0          0          0       9391   nrf_memobj.o
       292         42         53          8         12      38030   nrf_pwr_mgmt.o
        28          0          0          0          0       2303   nrf_ringbuf.o
       384         46        104          3          0      38991   nrf_sdh.o
       868        342        539          8          0       6379   nrf_sdh_ble.o
        60          4         56          0          0       2408   nrf_sdh_soc.o
        78          0          0          0          0       2704   nrf_section_iter.o
        76         10       1319          0          0       2663   nrf_strerror.o
       222         30         14          8          0      43346   nrfx_clock.o
      1222         92         19          0         92      58851   nrfx_gpiote.o
        94         16         12          8          0       3661   nrfx_prs.o
      1358         36         17          0         44      29697   nrfx_uart.o
      1192         38         18          0         36      23815   nrfx_uarte.o
        14          0          0          4          0       2814   retarget.o
       378         34          0          0        648       8813   segger_rtt.o
       796         70          0          4          0       2883   system_nrf52.o

    ----------------------------------------------------------------------
     22428       2638       3804       3136      12704     867970   Object Totals
         0          0         32          0          0          0   (incl. Generated)
        44          0         55          4          4          0   (incl. Padding)

    ----------------------------------------------------------------------

      Code (inc. data)   RO Data    RW Data    ZI Data      Debug   Library Member Name

        86          0          0          0          0          0   __dczerorl2.o
         8          4        133          0          0         68   ctype_o.o
         0          0          0          0          0          0   entry.o
         0          0          0          0          0          0   entry10a.o
         0          0          0          0          0          0   entry11a.o
         8          4          0          0          0          0   entry2.o
         4          0          0          0          0          0   entry5.o
         0          0          0          0          0          0   entry7b.o
         0          0          0          0          0          0   entry8b.o
         8          4          0          0          0          0   entry9a.o
        30          0          0          0          0          0   handlers.o
        36          8          0          0          0         68   init.o
        30          0          0          0          0         68   llshl.o
        32          0          0          0          0         68   llushr.o
        26          0          0          0          0         80   memcmp.o
        36          0          0          0          0         68   memcpya.o
        36          0          0          0          0        108   memseta.o
       736         56          0          0          0        184   printf5.o
        18          0          0          0          0         68   strcpy.o
        14          0          0          0          0         68   strlen.o
        98          0          0          0          0         92   uldiv.o

    ----------------------------------------------------------------------
      1212         76        136          0          0        940   Library Totals
         6          0          3          0          0          0   (incl. Padding)

    ----------------------------------------------------------------------

      Code (inc. data)   RO Data    RW Data    ZI Data      Debug   Library Name

      1206         76        133          0          0        940   mc_w.l

    ----------------------------------------------------------------------
      1212         76        136          0          0        940   Library Totals

    ----------------------------------------------------------------------

==============================================================================


      Code (inc. data)   RO Data    RW Data    ZI Data      Debug   

     23640       2714       3940       3136      12704     841730   Grand Totals
     23640       2714       3940         92      12704     841730   ELF Image Totals (compressed)
     23640       2714       3940         92          0          0   ROM Totals

==============================================================================

    Total RO  Size (Code + RO Data)                27580 (  26.93kB)
    Total RW  Size (RW Data + ZI Data)             15840 (  15.47kB)
    Total ROM Size (Code + RO Data + RW Data)      27672 (  27.02kB)

==============================================================================

