Component: ARM Compiler 5.06 update 4 (build 422) Tool: armlink [4d35d2]

==============================================================================

Section Cross References

    main.o(i.assert_nrf_callback) refers to app_error_handler_keil.o(.emb_text) for app_error_handler
    main.o(i.ble_evt_handler) refers to nrf_log_frontend.o(i.nrf_log_frontend_std_2) for nrf_log_frontend_std_2
    main.o(i.ble_evt_handler) refers to ble_conn_state.o(i.ble_conn_state_central_conn_count) for ble_conn_state_central_conn_count
    main.o(i.ble_evt_handler) refers to nrf_log_frontend.o(i.nrf_log_frontend_std_1) for nrf_log_frontend_std_1
    main.o(i.ble_evt_handler) refers to app_error.o(i.app_error_handler_bare) for app_error_handler_bare
    main.o(i.ble_evt_handler) refers to ble_lbs_c.o(i.ble_lbs_c_handles_assign) for ble_lbs_c_handles_assign
    main.o(i.ble_evt_handler) refers to ble_db_discovery.o(i.ble_db_discovery_start) for ble_db_discovery_start
    main.o(i.ble_evt_handler) refers to boards.o(i.bsp_board_led_on) for bsp_board_led_on
    main.o(i.ble_evt_handler) refers to main.o(i.scan_start) for scan_start
    main.o(i.ble_evt_handler) refers to boards.o(i.bsp_board_led_off) for bsp_board_led_off
    main.o(i.ble_evt_handler) refers to app_button.o(i.app_button_disable) for app_button_disable
    main.o(i.ble_evt_handler) refers to nrf_log_frontend.o(log_const_data) for m_nrf_log_app_logs_data_const
    main.o(i.ble_evt_handler) refers to main.o(.bss) for .bss
    main.o(i.ble_evt_handler) refers to main.o(.data) for .data
    main.o(i.button_event_handler) refers to app_error.o(i.app_error_handler_bare) for app_error_handler_bare
    main.o(i.button_event_handler) refers to ble_lbs_c.o(i.ble_lbs_led_status_send) for ble_lbs_led_status_send
    main.o(i.button_event_handler) refers to nrf_log_frontend.o(i.nrf_log_frontend_std_1) for nrf_log_frontend_std_1
    main.o(i.button_event_handler) refers to main.o(.bss) for .bss
    main.o(i.button_event_handler) refers to nrf_log_frontend.o(log_const_data) for m_nrf_log_app_logs_data_const
    main.o(i.db_disc_handler) refers to ble_lbs_c.o(i.ble_lbs_on_db_disc_evt) for ble_lbs_on_db_disc_evt
    main.o(i.db_disc_handler) refers to main.o(.bss) for .bss
    main.o(i.lbs_c_evt_handler) refers to nrf_log_frontend.o(i.nrf_log_frontend_std_2) for nrf_log_frontend_std_2
    main.o(i.lbs_c_evt_handler) refers to boards.o(i.bsp_board_led_on) for bsp_board_led_on
    main.o(i.lbs_c_evt_handler) refers to nrf_log_frontend.o(i.nrf_log_frontend_std_1) for nrf_log_frontend_std_1
    main.o(i.lbs_c_evt_handler) refers to app_button.o(i.app_button_enable) for app_button_enable
    main.o(i.lbs_c_evt_handler) refers to app_error.o(i.app_error_handler_bare) for app_error_handler_bare
    main.o(i.lbs_c_evt_handler) refers to ble_lbs_c.o(i.ble_lbs_c_button_notif_enable) for ble_lbs_c_button_notif_enable
    main.o(i.lbs_c_evt_handler) refers to boards.o(i.bsp_board_led_off) for bsp_board_led_off
    main.o(i.lbs_c_evt_handler) refers to nrf_log_frontend.o(log_const_data) for m_nrf_log_app_logs_data_const
    main.o(i.main) refers to nrf_log_frontend.o(i.nrf_log_init) for nrf_log_init
    main.o(i.main) refers to app_error.o(i.app_error_handler_bare) for app_error_handler_bare
    main.o(i.main) refers to nrf_log_default_backends.o(i.nrf_log_default_backends_init) for nrf_log_default_backends_init
    main.o(i.main) refers to app_timer.o(i.app_timer_init) for app_timer_init
    main.o(i.main) refers to boards.o(i.bsp_board_init) for bsp_board_init
    main.o(i.main) refers to app_button.o(i.app_button_init) for app_button_init
    main.o(i.main) refers to nrf_pwr_mgmt.o(i.nrf_pwr_mgmt_init) for nrf_pwr_mgmt_init
    main.o(i.main) refers to nrf_sdh.o(i.nrf_sdh_enable_request) for nrf_sdh_enable_request
    main.o(i.main) refers to nrf_sdh_ble.o(i.nrf_sdh_ble_default_cfg_set) for nrf_sdh_ble_default_cfg_set
    main.o(i.main) refers to nrf_sdh_ble.o(i.nrf_sdh_ble_enable) for nrf_sdh_ble_enable
    main.o(i.main) refers to nrf_ble_gatt.o(i.nrf_ble_gatt_init) for nrf_ble_gatt_init
    main.o(i.main) refers to ble_db_discovery.o(i.ble_db_discovery_init) for ble_db_discovery_init
    main.o(i.main) refers to ble_lbs_c.o(i.ble_lbs_c_init) for ble_lbs_c_init
    main.o(i.main) refers to ble_conn_state.o(i.ble_conn_state_init) for ble_conn_state_init
    main.o(i.main) refers to main.o(i.scan_init) for scan_init
    main.o(i.main) refers to nrf_log_frontend.o(i.nrf_log_frontend_std_0) for nrf_log_frontend_std_0
    main.o(i.main) refers to main.o(i.scan_start) for scan_start
    main.o(i.main) refers to nrf_log_frontend.o(i.nrf_log_frontend_dequeue) for nrf_log_frontend_dequeue
    main.o(i.main) refers to nrf_pwr_mgmt.o(i.nrf_pwr_mgmt_run) for nrf_pwr_mgmt_run
    main.o(i.main) refers to main.o(.data) for .data
    main.o(i.main) refers to main.o(.bss) for .bss
    main.o(i.main) refers to main.o(i.db_disc_handler) for db_disc_handler
[...]
    sdh_soc_observers_array                  0x0002b3b8   Data          16  nrf_sdh_soc.o(.constdata)
    .constdata                               0x0002b3c8   Section       12  nrf_sdh_soc.o(.constdata)
    sdh_soc_observers                        0x0002b3c8   Data          12  nrf_sdh_soc.o(.constdata)
    .constdata                               0x0002b3d4   Section      129  ctype_o.o(.constdata)
    .constdata                               0x0002b458   Section        4  ctype_o.o(.constdata)
    table                                    0x0002b458   Data           4  ctype_o.o(.constdata)
    .conststring                             0x0002b45c   Section      162  ble_db_discovery.o(.conststring)
    .conststring                             0x0002b500   Section      162  nrf_ble_gatt.o(.conststring)
    .conststring                             0x0002b5a4   Section     1003  nrf_strerror.o(.conststring)
    .conststring                             0x0002b990   Section      102  nrf_log_str_formatter.o(.conststring)
    .conststring                             0x0002b9f8   Section      392  nrf_sdh_ble.o(.conststring)
    .conststrlit                             0x0002bb80   Section       12  ble_db_discovery.o(.conststrlit)
    .conststrlit                             0x0002bb8c   Section       13  nrf_ble_gatt.o(.conststrlit)
    .conststrlit                             0x0002bb9c   Section        9  nrf_ble_scan.o(.conststrlit)
    .conststrlit                             0x0002bba8   Section       10  ble_lbs_c.o(.conststrlit)
    .conststrlit                             0x0002bbb4   Section        6  nrf_drv_clock.o(.conststrlit)
    .conststrlit                             0x0002bbbc   Section        6  nrfx_clock.o(.conststrlit)
    .conststrlit                             0x0002bbc4   Section        7  nrfx_gpiote.o(.conststrlit)
    .conststrlit                             0x0002bbcc   Section        4  nrfx_prs.o(.conststrlit)
    .conststrlit                             0x0002bbd0   Section        5  nrfx_uart.o(.conststrlit)
    .conststrlit                             0x0002bbd8   Section        6  nrfx_uarte.o(.conststrlit)
    .conststrlit                             0x0002bbe0   Section        9  nrf_pwr_mgmt.o(.conststrlit)
    .conststrlit                             0x0002bbec   Section       17  nrf_log_default_backends.o(.conststrlit)
    .conststrlit                             0x0002bc00   Section        4  nrf_log_frontend.o(.conststrlit)
    .conststrlit                             0x0002bc04   Section        8  nrf_sdh.o(.conststrlit)
    .conststrlit                             0x0002bc0c   Section       12  nrf_sdh_ble.o(.conststrlit)
    .conststrlit                             0x0002bc18   Section       12  nrf_sdh_soc.o(.conststrlit)
    log_backends                             0x0002bc44   Section       16  nrf_log_default_backends.o(log_backends)
    __tagsym$$used                           0x0002bc44   Number         0  nrf_log_default_backends.o(log_backends)
    uart_log_backend                         0x0002bc44   Data          16  nrf_log_default_backends.o(log_backends)
    log_const_data                           0x0002bc54   Section        8  ble_db_discovery.o(log_const_data)
    __tagsym$$used                           0x0002bc54   Number         0  ble_db_discovery.o(log_const_data)
    log_const_data                           0x0002bc5c   Section        8  nrf_ble_gatt.o(log_const_data)
    __tagsym$$used                           0x0002bc5c   Number         0  nrf_ble_gatt.o(log_const_data)
    log_const_data                           0x0002bc64   Section        8  nrf_ble_scan.o(log_const_data)
    __tagsym$$used                           0x0002bc64   Number         0  nrf_ble_scan.o(log_const_data)
    log_const_data                           0x0002bc6c   Section        8  ble_lbs_c.o(log_const_data)
    __tagsym$$used                           0x0002bc6c   Number         0  ble_lbs_c.o(log_const_data)
    log_const_data                           0x0002bc74   Section        8  nrf_drv_clock.o(log_const_data)
    __tagsym$$used                           0x0002bc74   Number         0  nrf_drv_clock.o(log_const_data)
    log_const_data                           0x0002bc7c   Section        8  nrfx_clock.o(log_const_data)
    __tagsym$$used                           0x0002bc7c   Number         0  nrfx_clock.o(log_const_data)
    log_const_data                           0x0002bc84   Section        8  nrfx_gpiote.o(log_const_data)
    __tagsym$$used                           0x0002bc84   Number         0  nrfx_gpiote.o(log_const_data)
    log_const_data                           0x0002bc8c   Section        8  nrfx_prs.o(log_const_data)
    __tagsym$$used                           0x0002bc8c   Number         0  nrfx_prs.o(log_const_data)
    log_const_data                           0x0002bc94   Section        8  nrfx_uart.o(log_const_data)
    __tagsym$$used                           0x0002bc94   Number         0  nrfx_uart.o(log_const_data)
    log_const_data                           0x0002bc9c   Section        8  nrfx_uarte.o(log_const_data)
    __tagsym$$used                           0x0002bc9c   Number         0  nrfx_uarte.o(log_const_data)
    log_const_data                           0x0002bca4   Section        8  nrf_pwr_mgmt.o(log_const_data)
    __tagsym$$used                           0x0002bca4   Number         0  nrf_pwr_mgmt.o(log_const_data)
    log_const_data                           0x0002bcac   Section        8  nrf_log_frontend.o(log_const_data)
    __tagsym$$used                           0x0002bcac   Number         0  nrf_log_frontend.o(log_const_data)
    log_const_data                           0x0002bcb4   Section        8  nrf_sdh.o(log_const_data)
    __tagsym$$used                           0x0002bcb4   Number         0  nrf_sdh.o(log_const_data)
    log_const_data                           0x0002bcbc   Section        8  nrf_sdh_ble.o(log_const_data)
    __tagsym$$used                           0x0002bcbc   Number         0  nrf_sdh_ble.o(log_const_data)
    log_const_data                           0x0002bcc4   Section        8  nrf_sdh_soc.o(log_const_data)
    __tagsym$$used                           0x0002bcc4   Number         0  nrf_sdh_soc.o(log_const_data)
    nrf_balloc                               0x0002bccc   Section       20  nrf_log_frontend.o(nrf_balloc)
    __tagsym$$used                           0x0002bccc   Number         0  nrf_log_frontend.o(nrf_balloc)
    sdh_ble_observers0                       0x0002bce0   Section        8  ble_conn_state.o(sdh_ble_observers0)
    __tagsym$$used                           0x0002bce0   Number         0  ble_conn_state.o(sdh_ble_observers0)
    m_ble_evt_observer                       0x0002bce0   Data           8  ble_conn_state.o(sdh_ble_observers0)
    sdh_ble_observers1                       0x0002bce8   Section       80  main.o(sdh_ble_observers1)
    __tagsym$$used                           0x0002bce8   Number         0  main.o(sdh_ble_observers1)
    m_gatt_obs                               0x0002bce8   Data           8  main.o(sdh_ble_observers1)
    __tagsym$$used                           0x0002bcf0   Number         0  main.o(sdh_ble_observers1)
    m_db_disc_obs                            0x0002bcf0   Data          64  main.o(sdh_ble_observers1)
    __tagsym$$used                           0x0002bd30   Number         0  main.o(sdh_ble_observers1)
    m_scan_ble_obs                           0x0002bd30   Data           8  main.o(sdh_ble_observers1)
    sdh_ble_observers1                       0x0002bd38   Section        8  bsp_btn_ble.o(sdh_ble_observers1)
    __tagsym$$used                           0x0002bd38   Number         0  bsp_btn_ble.o(sdh_ble_observers1)
    m_ble_observer                           0x0002bd38   Data           8  bsp_btn_ble.o(sdh_ble_observers1)
    sdh_ble_observers2                       0x0002bd40   Section       64  main.o(sdh_ble_observers2)
    __tagsym$$used                           0x0002bd40   Number         0  main.o(sdh_ble_observers2)
    m_lbs_c_obs                              0x0002bd40   Data          64  main.o(sdh_ble_observers2)
    sdh_ble_observers3                       0x0002bd80   Section        8  main.o(sdh_ble_observers3)
    __tagsym$$used                           0x0002bd80   Number         0  main.o(sdh_ble_observers3)
    m_ble_observer                           0x0002bd80   Data           8  main.o(sdh_ble_observers3)
    sdh_soc_observers0                       0x0002bd88   Section        8  nrf_drv_clock.o(sdh_soc_observers0)
    __tagsym$$used                           0x0002bd88   Number         0  nrf_drv_clock.o(sdh_soc_observers0)
    m_soc_evt_observer                       0x0002bd88   Data           8  nrf_drv_clock.o(sdh_soc_observers0)
    sdh_stack_observers0                     0x0002bd90   Section        8  nrf_sdh_ble.o(sdh_stack_observers0)
    __tagsym$$used                           0x0002bd90   Number         0  nrf_sdh_ble.o(sdh_stack_observers0)
    m_nrf_sdh_ble_evts_poll                  0x0002bd90   Data           8  nrf_sdh_ble.o(sdh_stack_observers0)
    sdh_stack_observers0                     0x0002bd98   Section        8  nrf_sdh_soc.o(sdh_stack_observers0)
    __tagsym$$used                           0x0002bd98   Number         0  nrf_sdh_soc.o(sdh_stack_observers0)
    m_nrf_sdh_soc_evts_poll                  0x0002bd98   Data           8  nrf_sdh_soc.o(sdh_stack_observers0)
    sdh_state_observers0                     0x0002bda0   Section        8  nrf_drv_clock.o(sdh_state_observers0)
    __tagsym$$used                           0x0002bda0   Number         0  nrf_drv_clock.o(sdh_state_observers0)
    m_sd_state_observer                      0x0002bda0   Data           8  nrf_drv_clock.o(sdh_state_observers0)
    .data                                    0x20004368   Section     5736  main.o(.data)
    buttons                                  0x20004368   Data           8  main.o(.data)
    m_db_disc                                0x20004370   Data        5728  main.o(.data)
    .data                                    0x200059d0   Section        8  bsp_btn_ble.o(.data)
    m_error_handler                          0x200059d0   Data           4  bsp_btn_ble.o(.data)
    m_num_connections                        0x200059d4   Data           4  bsp_btn_ble.o(.data)
    .data                                    0x200059d8   Section       16  ble_db_discovery.o(.data)
    m_initialized                            0x200059d8   Data           1  ble_db_discovery.o(.data)
    m_evt_handler                            0x200059dc   Data           4  ble_db_discovery.o(.data)
    m_pending_usr_evt_index                  0x200059e0   Data           4  ble_db_discovery.o(.data)
    m_num_of_handlers_reg                    0x200059e4   Data           4  ble_db_discovery.o(.data)
    .data                                    0x200059e8   Section        8  ble_lbs_c.o(.data)
    m_tx_insert_index                        0x200059e8   Data           4  ble_lbs_c.o(.data)
    m_tx_index                               0x200059ec   Data           4  ble_lbs_c.o(.data)
    .data                                    0x200059f0   Section       12  nrf_drv_uart.o(.data)
    m_handlers                               0x200059f4   Data           4  nrf_drv_uart.o(.data)
    m_contexts                               0x200059f8   Data           4  nrf_drv_uart.o(.data)
    .data                                    0x200059fc   Section        8  nrfx_clock.o(.data)
    m_clock_cb                               0x200059fc   Data           8  nrfx_clock.o(.data)
    .data                                    0x20005a04   Section        8  nrfx_prs.o(.data)
    m_prs_box_4                              0x20005a04   Data           8  nrfx_prs.o(.data)
    .data                                    0x20005a10   Section       32  app_button.o(.data)
    m_button_count                           0x20005a10   Data           1  app_button.o(.data)
    mp_buttons                               0x20005a14   Data           4  app_button.o(.data)
    m_detection_delay                        0x20005a18   Data           4  app_button.o(.data)
    m_pin_state                              0x20005a20   Data           8  app_button.o(.data)
    m_pin_transition                         0x20005a28   Data           8  app_button.o(.data)
    .data                                    0x20005a30   Section       20  app_timer.o(.data)
    m_ticks_elapsed_q_read_ind               0x20005a30   Data           1  app_timer.o(.data)
    m_ticks_elapsed_q_write_ind              0x20005a31   Data           1  app_timer.o(.data)
    m_rtc1_running                           0x20005a32   Data           1  app_timer.o(.data)
    m_rtc1_reset                             0x20005a33   Data           1  app_timer.o(.data)
    mp_timer_id_head                         0x20005a34   Data           4  app_timer.o(.data)
    m_ticks_latest                           0x20005a38   Data           4  app_timer.o(.data)
    m_ticks_elapsed                          0x20005a3c   Data           8  app_timer.o(.data)
    .data                                    0x20005a44   Section        8  nrf_pwr_mgmt.o(.data)
    m_pwr_mgmt_evt                           0x20005a44   Data           1  nrf_pwr_mgmt.o(.data)
    m_shutdown_started                       0x20005a45   Data           1  nrf_pwr_mgmt.o(.data)
    m_sysoff_mtx                             0x20005a48   Data           4  nrf_pwr_mgmt.o(.data)
    .data                                    0x20005a4c   Section       24  nrf_log_backend_uart.o(.data)
    m_xfer_done                              0x20005a4c   Data           1  nrf_log_backend_uart.o(.data)
    m_async_mode                             0x20005a4d   Data           1  nrf_log_backend_uart.o(.data)
    .data                                    0x20005a64   Section        8  nrf_log_default_backends.o(.data)
    log_backend_cb_uart_log_backend          0x20005a64   Data           8  nrf_log_default_backends.o(.data)
    .data                                    0x20005a6c   Section        8  nrf_log_frontend.o(.data)
    log_mempool_nrf_balloc_pool_stack        0x20005a6c   Data           8  nrf_log_frontend.o(.data)
    .data                                    0x20005a74   Section        8  nrf_log_frontend.o(.data)
    log_mempool_nrf_balloc_cb                0x20005a74   Data           8  nrf_log_frontend.o(.data)
    .data                                    0x20005a7c   Section       64  nrf_log_str_formatter.o(.data)
    m_freq                                   0x20005a7c   Data           4  nrf_log_str_formatter.o(.data)
    m_timestamp_div                          0x20005a80   Data           4  nrf_log_str_formatter.o(.data)
    severity_names                           0x20005a84   Data          20  nrf_log_str_formatter.o(.data)
    m_colors                                 0x20005a98   Data          36  nrf_log_str_formatter.o(.data)
    .data                                    0x20005abc   Section        3  nrf_sdh.o(.data)
    m_nrf_sdh_enabled                        0x20005abc   Data           1  nrf_sdh.o(.data)
    m_nrf_sdh_suspended                      0x20005abd   Data           1  nrf_sdh.o(.data)
    m_nrf_sdh_continue                       0x20005abe   Data           1  nrf_sdh.o(.data)
    .data                                    0x20005abf   Section        1  nrf_sdh_ble.o(.data)
    m_stack_is_enabled                       0x20005abf   Data           1  nrf_sdh_ble.o(.data)
    .data                                    0x20005ac0   Section        4  system_nrf52.o(.data)
    __tagsym$$used                           0x20005ac0   Number         0  system_nrf52.o(.data)
    .bss                                     0x20005ac4   Section      308  main.o(.bss)
    m_gatt                                   0x20005ac4   Data          76  main.o(.bss)
    m_lbs_c                                  0x20005b10   Data         128  main.o(.bss)
    m_scan                                   0x20005b90   Data         104  main.o(.bss)
    .bss                                     0x20005bf8   Section       12  bsp.o(.bss)
    m_events_list                            0x20005bf8   Data          12  bsp.o(.bss)
    .bss                                     0x20005c04   Section      120  ble_conn_state.o(.bss)
    m_bcs                                    0x20005c04   Data         120  ble_conn_state.o(.bss)
    .bss                                     0x20005c7c   Section      792  ble_db_discovery.o(.bss)
    m_registered_handlers                    0x20005c7c   Data          24  ble_db_discovery.o(.bss)
    m_pending_user_evts                      0x20005c94   Data         768  ble_db_discovery.o(.bss)
    .bss                                     0x20005f94   Section      160  ble_lbs_c.o(.bss)
    m_tx_buffer                              0x20005f94   Data         160  ble_lbs_c.o(.bss)
    .bss                                     0x20006034   Section       20  nrf_drv_clock.o(.bss)
    m_clock_cb                               0x20006034   Data          20  nrf_drv_clock.o(.bss)
    .bss                                     0x20006048   Section       92  nrfx_gpiote.o(.bss)
    m_cb                                     0x20006048   Data          92  nrfx_gpiote.o(.bss)
    .bss                                     0x200060a4   Section       44  nrfx_uart.o(.bss)
    m_cb                                     0x200060a4   Data          44  nrfx_uart.o(.bss)
    .bss                                     0x200060d0   Section       36  nrfx_uarte.o(.bss)
    m_cb                                     0x200060d0   Data          36  nrfx_uarte.o(.bss)
    .bss                                     0x200060f4   Section       32  app_button.o(.bss)
    m_detection_delay_timer_id_data          0x200060f4   Data          32  app_button.o(.bss)
    .bss                                     0x20006114   Section      268  app_timer.o(.bss)
    m_op_queue                               0x20006114   Data         268  app_timer.o(.bss)
    .bss                                     0x20006220   Section       12  app_util_platform.o(.bss)
    .bss                                     0x2000622c   Section       12  nrf_pwr_mgmt.o(.bss)
    m_handlers_iter                          0x2000622c   Data          12  nrf_pwr_mgmt.o(.bss)
    .bss                                     0x20006238   Section       64  nrf_log_backend_uart.o(.bss)
    m_string_buff                            0x20006238   Data          64  nrf_log_backend_uart.o(.bss)
    .bss                                     0x20006278   Section      192  nrf_log_frontend.o(.bss)
    log_mempool_nrf_balloc_pool_mem          0x20006278   Data         192  nrf_log_frontend.o(.bss)
    .bss                                     0x20006338   Section      128  nrf_log_frontend.o(.bss)
    m_log_push_ringbuf_buf                   0x20006338   Data         128  nrf_log_frontend.o(.bss)
    .bss                                     0x200063b8   Section       24  nrf_log_frontend.o(.bss)
    m_log_push_ringbuf_cb                    0x200063b8   Data          24  nrf_log_frontend.o(.bss)
    .bss                                     0x200063d0   Section     1060  nrf_log_frontend.o(.bss)
    m_log_data                               0x200063d0   Data        1060  nrf_log_frontend.o(.bss)
    STACK                                    0x200067f8   Section     8192  arm_startup_nrf52.o(STACK)

    Global Symbols

    Symbol Name                              Value     Ov Type        Size  Object(Section)

    BuildAttributes$$THM_ISAv4$E$P$D$K$B$S$7EM$VFPi3$EXTD16$VFPS$VFMA$PE$A:L22UL41UL21$X:L11$S22US41US21$IEEE1$IW$USESV6$~STKCKD$USESV7$~SHL$OSPACE$EBA8$MICROLIB$REQ8$EABIv2 0x00000000   Number         0  anon$$obj.o ABSOLUTE
    __ARM_use_no_argv                        0x00000000   Number         0  main.o ABSOLUTE
    __use_no_errno                           0x00000000   Number         0  useno.o ABSOLUTE
    __use_no_exception_handling              0x00000000   Number         0  useno.o ABSOLUTE
    __use_no_fp                              0x00000000   Number         0  useno.o ABSOLUTE
    __use_no_heap                            0x00000000   Number         0  useno.o ABSOLUTE
    __use_no_heap_region                     0x00000000   Number         0  useno.o ABSOLUTE
    __use_no_semihosting                     0x00000000   Number         0  useno.o ABSOLUTE
    __use_no_semihosting_swi                 0x00000000   Number         0  useno.o ABSOLUTE
    __use_no_signal_handling                 0x00000000   Number         0  useno.o ABSOLUTE
    __cpp_initialize__aeabi_                  - Undefined Weak Reference
    __cxa_finalize                            - Undefined Weak Reference
    _clock_init                               - Undefined Weak Reference
    _microlib_exit                            - Undefined Weak Reference
    log_dynamic_data$$Base                    - Undefined Reference
    pwr_mgmt_data0$$Base                      - Undefined Reference
    pwr_mgmt_data0$$Limit                     - Undefined Reference
    pwr_mgmt_data1$$Base                      - Undefined Reference
    pwr_mgmt_data1$$Limit                     - Undefined Reference
    pwr_mgmt_data2$$Base                      - Undefined Reference
    pwr_mgmt_data2$$Limit                     - Undefined Reference
    sdh_req_observers0$$Base                  - Undefined Reference
    sdh_req_observers0$$Limit                 - Undefined Reference
    sdh_req_observers1$$Base                  - Undefined Reference
    sdh_req_observers1$$Limit                 - Undefined Reference
    sdh_soc_observers1$$Base                  - Undefined Reference
    sdh_soc_observers1$$Limit                 - Undefined Reference
    sdh_stack_observers1$$Base                - Undefined Reference
    sdh_stack_observers1$$Limit               - Undefined Reference
    sdh_state_observers1$$Base                - Undefined Reference
    sdh_state_observers1$$Limit               - Undefined Reference
    __Vectors_Size                           0x00000200   Number         0  arm_startup_nrf52.o ABSOLUTE
    __Vectors                                0x00026000   Data           4  arm_startup_nrf52.o(RESET)
    __Vectors_End                            0x00026200   Data           0  arm_startup_nrf52.o(RESET)
    __main                                   0x00026201   Thumb Code     0  entry.o(.ARM.Collect$$$$00000000)
    _main_stk                                0x00026201   Thumb Code     0  entry2.o(.ARM.Collect$$$$00000001)
    _main_scatterload                        0x00026205   Thumb Code     0  entry5.o(.ARM.Collect$$$$00000004)
    __main_after_scatterload                 0x00026209   Thumb Code     0  entry5.o(.ARM.Collect$$$$00000004)
    _main_clock                              0x00026209   Thumb Code     0  entry7b.o(.ARM.Collect$$$$00000008)
    _main_cpp_init                           0x00026209   Thumb Code     0  entry8b.o(.ARM.Collect$$$$0000000A)
    _main_init                               0x00026209   Thumb Code     0  entry9a.o(.ARM.Collect$$$$0000000B)
    __rt_final_cpp                           0x00026211   Thumb Code     0  entry10a.o(.ARM.Collect$$$$0000000D)
    __rt_final_exit                          0x00026211   Thumb Code     0  entry11a.o(.ARM.Collect$$$$0000000F)
    __asm___12_nrf_atomic_c_85ca2469__nrf_atomic_internal_mov 0x00026215   Thumb Code    24  nrf_atomic.o(.emb_text)
    __asm___12_nrf_atomic_c_85ca2469__nrf_atomic_internal_orr 0x0002622d   Thumb Code    26  nrf_atomic.o(.emb_text)
    __asm___12_nrf_atomic_c_85ca2469__nrf_atomic_internal_and 0x00026247   Thumb Code    26  nrf_atomic.o(.emb_text)
    __asm___12_nrf_atomic_c_85ca2469__nrf_atomic_internal_eor 0x00026261   Thumb Code    26  nrf_atomic.o(.emb_text)
    __asm___12_nrf_atomic_c_85ca2469__nrf_atomic_internal_add 0x0002627b   Thumb Code    26  nrf_atomic.o(.emb_text)
    __asm___12_nrf_atomic_c_85ca2469__nrf_atomic_internal_sub 0x00026295   Thumb Code    26  nrf_atomic.o(.emb_text)
    __asm___12_nrf_atomic_c_85ca2469__nrf_atomic_internal_cmp_exch 0x000262af   Thumb Code    42  nrf_atomic.o(.emb_text)
    __asm___12_nrf_atomic_c_85ca2469__nrf_atomic_internal_sub_hs 0x000262d9   Thumb Code    30  nrf_atomic.o(.emb_text)
    Reset_Handler                            0x000262f9   Thumb Code     8  arm_startup_nrf52.o(.text)
    NMI_Handler                              0x00026301   Thumb Code     2  arm_startup_nrf52.o(.text)
    HardFault_Handler                        0x00026303   Thumb Code     2  arm_startup_nrf52.o(.text)
    MemoryManagement_Handler                 0x00026305   Thumb Code     2  arm_startup_nrf52.o(.text)
    BusFault_Handler                         0x00026307   Thumb Code     2  arm_startup_nrf52.o(.text)
    UsageFault_Handler                       0x00026309   Thumb Code     2  arm_startup_nrf52.o(.text)
    SVC_Handler                              0x0002630b   Thumb Code     2  arm_startup_nrf52.o(.text)
    DebugMon_Handler                         0x0002630d   Thumb Code     2  arm_startup_nrf52.o(.text)
    PendSV_Handler                           0x0002630f   Thumb Code     2  arm_startup_nrf52.o(.text)
    SysTick_Handler                          0x00026311   Thumb Code     2  arm_startup_nrf52.o(.text)
    CCM_AAR_IRQHandler                       0x00026313   Thumb Code     0  arm_startup_nrf52.o(.text)
    COMP_LPCOMP_IRQHandler                   0x00026313   Thumb Code     0  arm_startup_nrf52.o(.text)
    ECB_IRQHandler                           0x00026313   Thumb Code     0  arm_startup_nrf52.o(.text)
    FPU_IRQHandler                           0x00026313   Thumb Code     0  arm_startup_nrf52.o(.text)
    I2S_IRQHandler                           0x00026313   Thumb Code     0  arm_startup_nrf52.o(.text)
    MWU_IRQHandler                           0x00026313   Thumb Code     0  arm_startup_nrf52.o(.text)
    NFCT_IRQHandler                          0x00026313   Thumb Code     0  arm_startup_nrf52.o(.text)
    PDM_IRQHandler                           0x00026313   Thumb Code     0  arm_startup_nrf52.o(.text)
    PWM0_IRQHandler                          0x00026313   Thumb Code     0  arm_startup_nrf52.o(.text)
    PWM1_IRQHandler                          0x00026313   Thumb Code     0  arm_startup_nrf52.o(.text)
    PWM2_IRQHandler                          0x00026313   Thumb Code     0  arm_startup_nrf52.o(.text)
    QDEC_IRQHandler                          0x00026313   Thumb Code     0  arm_startup_nrf52.o(.text)
    RADIO_IRQHandler                         0x00026313   Thumb Code     0  arm_startup_nrf52.o(.text)
    RNG_IRQHandler                           0x00026313   Thumb Code     0  arm_startup_nrf52.o(.text)
    RTC0_IRQHandler                          0x00026313   Thumb Code     0  arm_startup_nrf52.o(.text)
    RTC2_IRQHandler                          0x00026313   Thumb Code     0  arm_startup_nrf52.o(.text)
    SAADC_IRQHandler                         0x00026313   Thumb Code     0  arm_startup_nrf52.o(.text)
    SPIM0_SPIS0_TWIM0_TWIS0_SPI0_TWI0_IRQHandler 0x00026313   Thumb Code     0  arm_startup_nrf52.o(.text)
    SPIM1_SPIS1_TWIM1_TWIS1_SPI1_TWI1_IRQHandler 0x00026313   Thumb Code     0  arm_startup_nrf52.o(.text)
    SPIM2_SPIS2_SPI2_IRQHandler              0x00026313   Thumb Code     0  arm_startup_nrf52.o(.text)
    SWI1_EGU1_IRQHandler                     0x00026313   Thumb Code     0  arm_startup_nrf52.o(.text)
    SWI3_EGU3_IRQHandler                     0x00026313   Thumb Code     0  arm_startup_nrf52.o(.text)
    SWI4_EGU4_IRQHandler                     0x00026313   Thumb Code     0  arm_startup_nrf52.o(.text)
    SWI5_EGU5_IRQHandler                     0x00026313   Thumb Code     0  arm_startup_nrf52.o(.text)
    TEMP_IRQHandler                          0x00026313   Thumb Code     0  arm_startup_nrf52.o(.text)
    TIMER0_IRQHandler                        0x00026313   Thumb Code     0  arm_startup_nrf52.o(.text)
    TIMER1_IRQHandler                        0x00026313   Thumb Code     0  arm_startup_nrf52.o(.text)
    TIMER2_IRQHandler                        0x00026313   Thumb Code     0  arm_startup_nrf52.o(.text)
    TIMER3_IRQHandler                        0x00026313   Thumb Code     0  arm_startup_nrf52.o(.text)
    TIMER4_IRQHandler                        0x00026313   Thumb Code     0  arm_startup_nrf52.o(.text)
    WDT_IRQHandler                           0x00026313   Thumb Code     0  arm_startup_nrf52.o(.text)
    __aeabi_llsl                             0x0002631d   Thumb Code    30  llshl.o(.text)
    _ll_shift_l                              0x0002631d   Thumb Code     0  llshl.o(.text)
    __rt_ctype_table                         0x0002633d   Thumb Code     4  ctype_o.o(.text)
    __aeabi_memcpy                           0x00026345   Thumb Code    36  memcpya.o(.text)
    __aeabi_memcpy4                          0x00026345   Thumb Code     0  memcpya.o(.text)
    __aeabi_memcpy8                          0x00026345   Thumb Code     0  memcpya.o(.text)
    __aeabi_memset                           0x00026369   Thumb Code    14  memseta.o(.text)
    __aeabi_memset4                          0x00026369   Thumb Code     0  memseta.o(.text)
    __aeabi_memset8                          0x00026369   Thumb Code     0  memseta.o(.text)
    __aeabi_memclr                           0x00026377   Thumb Code     4  memseta.o(.text)
    __aeabi_memclr4                          0x00026377   Thumb Code     0  memseta.o(.text)
    __aeabi_memclr8                          0x00026377   Thumb Code     0  memseta.o(.text)
    _memset$wrapper                          0x0002637b   Thumb Code    18  memseta.o(.text)
    strlen                                   0x0002638d   Thumb Code    14  strlen.o(.text)
    strcmp                                   0x0002639b   Thumb Code    28  strcmp.o(.text)
    memcmp                                   0x000263b7   Thumb Code    26  memcmp.o(.text)
    __scatterload                            0x000263d1   Thumb Code    28  init.o(.text)
    __scatterload_rt2                        0x000263d1   Thumb Code     0  init.o(.text)
    __decompress                             0x000263f5   Thumb Code     0  __dczerorl2.o(.text)
    __decompress1                            0x000263f5   Thumb Code    86  __dczerorl2.o(.text)
    GPIOTE_IRQHandler                        0x0002644d   Thumb Code   346  nrfx_gpiote.o(i.GPIOTE_IRQHandler)
    POWER_CLOCK_IRQHandler                   0x00026615   Thumb Code    82  nrfx_clock.o(i.POWER_CLOCK_IRQHandler)
    RTC1_IRQHandler                          0x0002666d   Thumb Code    32  app_timer.o(i.RTC1_IRQHandler)
    SWI0_EGU0_IRQHandler                     0x00026691   Thumb Code     4  app_timer.o(i.SWI0_EGU0_IRQHandler)
    SWI2_EGU2_IRQHandler                     0x00026695   Thumb Code     4  nrf_sdh.o(i.SWI2_EGU2_IRQHandler)
    SystemInit                               0x00026699   Thumb Code   726  system_nrf52.o(i.SystemInit)
    UARTE0_UART0_IRQHandler                  0x000269b5   Thumb Code     6  nrfx_prs.o(i.UARTE0_UART0_IRQHandler)
    __scatterload_copy                       0x000269c1   Thumb Code    14  handlers.o(i.__scatterload_copy)
    __scatterload_null                       0x000269cf   Thumb Code     2  handlers.o(i.__scatterload_null)
    __scatterload_zeroinit                   0x000269d1   Thumb Code    14  handlers.o(i.__scatterload_zeroinit)
    active_flag_count                        0x00026a05   Thumb Code    28  ble_conn_state.o(i.active_flag_count)
    app_button_disable                       0x00026a59   Thumb Code    38  app_button.o(i.app_button_disable)
    app_button_enable                        0x00026a89   Thumb Code    32  app_button.o(i.app_button_enable)
    app_button_init                          0x00026aad   Thumb Code   102  app_button.o(i.app_button_init)
    app_error_fault_handler                  0x00026b25   Thumb Code    86  app_error_weak.o(i.app_error_fault_handler)
    app_error_handler_bare                   0x00026ba9   Thumb Code    22  app_error.o(i.app_error_handler_bare)
    app_timer_create                         0x00026bc1   Thumb Code    32  app_timer.o(i.app_timer_create)
    app_timer_init                           0x00026be5   Thumb Code    70  app_timer.o(i.app_timer_init)
    app_timer_start                          0x00026c39   Thumb Code   128  app_timer.o(i.app_timer_start)
    app_timer_stop                           0x00026cc1   Thumb Code    26  app_timer.o(i.app_timer_stop)
    app_util_critical_region_enter           0x00026ce1   Thumb Code    64  app_util_platform.o(i.app_util_critical_region_enter)
    app_util_critical_region_exit            0x00026d29   Thumb Code    46  app_util_platform.o(i.app_util_critical_region_exit)
    bcs_internal_state_reset                 0x00026e6d   Thumb Code     8  ble_conn_state.o(i.bcs_internal_state_reset)
    ble_advdata_name_find                    0x00026e79   Thumb Code    68  ble_advdata.o(i.ble_advdata_name_find)
    ble_advdata_search                       0x00026ebd   Thumb Code    56  ble_advdata.o(i.ble_advdata_search)
    ble_conn_state_central_conn_count        0x00026ef5   Thumb Code    24  ble_conn_state.o(i.ble_conn_state_central_conn_count)
    ble_conn_state_init                      0x00026f11   Thumb Code     4  ble_conn_state.o(i.ble_conn_state_init)
    ble_db_discovery_evt_register            0x00026f15   Thumb Code    56  ble_db_discovery.o(i.ble_db_discovery_evt_register)
    ble_db_discovery_init                    0x00026f55   Thumb Code    24  ble_db_discovery.o(i.ble_db_discovery_init)
    ble_db_discovery_on_ble_evt              0x00026f71   Thumb Code   138  ble_db_discovery.o(i.ble_db_discovery_on_ble_evt)
    ble_db_discovery_start                   0x00027001   Thumb Code    34  ble_db_discovery.o(i.ble_db_discovery_start)
    ble_lbs_c_button_notif_enable            0x00027319   Thumb Code    80  ble_lbs_c.o(i.ble_lbs_c_button_notif_enable)
    ble_lbs_c_handles_assign                 0x00027371   Thumb Code    24  ble_lbs_c.o(i.ble_lbs_c_handles_assign)
    ble_lbs_c_init                           0x00027389   Thumb Code    80  ble_lbs_c.o(i.ble_lbs_c_init)
    ble_lbs_c_on_ble_evt                     0x000273dd   Thumb Code   116  ble_lbs_c.o(i.ble_lbs_c_on_ble_evt)
    ble_lbs_led_status_send                  0x00027451   Thumb Code    80  ble_lbs_c.o(i.ble_lbs_led_status_send)
    ble_lbs_on_db_disc_evt                   0x000274a9   Thumb Code   140  ble_lbs_c.o(i.ble_lbs_on_db_disc_evt)
    bsp_board_init                           0x00027535   Thumb Code    80  boards.o(i.bsp_board_init)
    bsp_board_led_off                        0x00027589   Thumb Code    10  boards.o(i.bsp_board_led_off)
    bsp_board_led_on                         0x00027599   Thumb Code    10  boards.o(i.bsp_board_led_on)
    bsp_board_leds_off                       0x000275a9   Thumb Code    18  boards.o(i.bsp_board_leds_off)
    bsp_event_to_button_action_assign        0x000275bd   Thumb Code    64  bsp.o(i.bsp_event_to_button_action_assign)
    buffer_is_empty                          0x000276c1   Thumb Code    16  nrf_log_frontend.o(i.buffer_is_empty)
    conn_handle_list_get                     0x000278f5   Thumb Code    62  ble_conn_state.o(i.conn_handle_list_get)
    is_whitelist_used                        0x00027ed5   Thumb Code    24  nrf_ble_scan.o(i.is_whitelist_used)
    main                                     0x00028169   Thumb Code   214  main.o(i.main)
    nrf_atflags_clear                        0x00028325   Thumb Code    22  nrf_atflags.o(i.nrf_atflags_clear)
    nrf_atflags_get                          0x0002833b   Thumb Code    22  nrf_atflags.o(i.nrf_atflags_get)
    nrf_atflags_set                          0x00028351   Thumb Code    20  nrf_atflags.o(i.nrf_atflags_set)
    nrf_atomic_flag_clear_fetch              0x00028365   Thumb Code     6  nrf_atomic.o(i.nrf_atomic_flag_clear_fetch)
    nrf_atomic_flag_set                      0x0002836b   Thumb Code     6  nrf_atomic.o(i.nrf_atomic_flag_set)
    nrf_atomic_u32_add                       0x00028371   Thumb Code    12  nrf_atomic.o(i.nrf_atomic_u32_add)
    nrf_atomic_u32_and                       0x0002837d   Thumb Code    12  nrf_atomic.o(i.nrf_atomic_u32_and)
    nrf_atomic_u32_fetch_and                 0x00028389   Thumb Code    10  nrf_atomic.o(i.nrf_atomic_u32_fetch_and)
    nrf_atomic_u32_fetch_store               0x00028393   Thumb Code    10  nrf_atomic.o(i.nrf_atomic_u32_fetch_store)
    nrf_atomic_u32_or                        0x0002839d   Thumb Code    12  nrf_atomic.o(i.nrf_atomic_u32_or)
    nrf_atomic_u32_sub                       0x000283a9   Thumb Code    12  nrf_atomic.o(i.nrf_atomic_u32_sub)
    nrf_balloc_alloc                         0x000283b5   Thumb Code    68  nrf_balloc.o(i.nrf_balloc_alloc)
    nrf_balloc_free                          0x000283f9   Thumb Code    48  nrf_balloc.o(i.nrf_balloc_free)
    nrf_balloc_init                          0x00028429   Thumb Code    48  nrf_balloc.o(i.nrf_balloc_init)
    nrf_ble_gatt_init                        0x0002847d   Thumb Code    44  nrf_ble_gatt.o(i.nrf_ble_gatt_init)
    nrf_ble_gatt_on_ble_evt                  0x000284a9   Thumb Code   302  nrf_ble_gatt.o(i.nrf_ble_gatt_on_ble_evt)
    nrf_ble_scan_filter_set                  0x0002869d   Thumb Code   110  nrf_ble_scan.o(i.nrf_ble_scan_filter_set)
    nrf_ble_scan_filters_disable             0x0002870b   Thumb Code    16  nrf_ble_scan.o(i.nrf_ble_scan_filters_disable)
    nrf_ble_scan_filters_enable              0x0002871b   Thumb Code    58  nrf_ble_scan.o(i.nrf_ble_scan_filters_enable)
    nrf_ble_scan_init                        0x00028755   Thumb Code   112  nrf_ble_scan.o(i.nrf_ble_scan_init)
    nrf_ble_scan_on_ble_evt                  0x00028897   Thumb Code   174  nrf_ble_scan.o(i.nrf_ble_scan_on_ble_evt)
    nrf_ble_scan_start                       0x00028945   Thumb Code    92  nrf_ble_scan.o(i.nrf_ble_scan_start)
    nrf_drv_clock_init                       0x000289ed   Thumb Code    48  nrf_drv_clock.o(i.nrf_drv_clock_init)
    nrf_drv_clock_lfclk_release              0x00028a25   Thumb Code    42  nrf_drv_clock.o(i.nrf_drv_clock_lfclk_release)
    nrf_drv_uart_init                        0x00028a55   Thumb Code    90  nrf_drv_uart.o(i.nrf_drv_uart_init)
    nrf_fprintf                              0x00028abd   Thumb Code    26  nrf_fprintf.o(i.nrf_fprintf)
    nrf_fprintf_buffer_flush                 0x00028ad7   Thumb Code    24  nrf_fprintf.o(i.nrf_fprintf_buffer_flush)
    nrf_fprintf_fmt                          0x00028aef   Thumb Code   474  nrf_fprintf_format.o(i.nrf_fprintf_fmt)
    nrf_log_backend_add                      0x00028e4d   Thumb Code    86  nrf_log_frontend.o(i.nrf_log_backend_add)
    nrf_log_backend_serial_put               0x00028ea9   Thumb Code   200  nrf_log_backend_serial.o(i.nrf_log_backend_serial_put)
    nrf_log_backend_uart_init                0x00028f73   Thumb Code     6  nrf_log_backend_uart.o(i.nrf_log_backend_uart_init)
    nrf_log_color_id_get                     0x00028fbd   Thumb Code    42  nrf_log_frontend.o(i.nrf_log_color_id_get)
    nrf_log_default_backends_init            0x00028fed   Thumb Code    24  nrf_log_default_backends.o(i.nrf_log_default_backends_init)
    nrf_log_frontend_dequeue                 0x00029009   Thumb Code   528  nrf_log_frontend.o(i.nrf_log_frontend_dequeue)
    nrf_log_frontend_std_0                   0x0002923d   Thumb Code     8  nrf_log_frontend.o(i.nrf_log_frontend_std_0)
    nrf_log_frontend_std_1                   0x00029245   Thumb Code    14  nrf_log_frontend.o(i.nrf_log_frontend_std_1)
    nrf_log_frontend_std_2                   0x00029253   Thumb Code    16  nrf_log_frontend.o(i.nrf_log_frontend_std_2)
    nrf_log_hexdump_entry_process            0x00029265   Thumb Code   150  nrf_log_str_formatter.o(i.nrf_log_hexdump_entry_process)
    nrf_log_init                             0x00029315   Thumb Code    46  nrf_log_frontend.o(i.nrf_log_init)
    nrf_log_module_cnt_get                   0x00029351   Thumb Code    10  nrf_log_frontend.o(i.nrf_log_module_cnt_get)
    nrf_log_module_name_get                  0x00029365   Thumb Code    24  nrf_log_frontend.o(i.nrf_log_module_name_get)
    nrf_log_panic                            0x00029381   Thumb Code    38  nrf_log_frontend.o(i.nrf_log_panic)
    nrf_log_std_entry_process                0x000293ad   Thumb Code   182  nrf_log_str_formatter.o(i.nrf_log_std_entry_process)
    nrf_memobj_alloc                         0x00029463   Thumb Code    96  nrf_memobj.o(i.nrf_memobj_alloc)
    nrf_memobj_free                          0x000294c3   Thumb Code    50  nrf_memobj.o(i.nrf_memobj_free)
    nrf_memobj_get                           0x000294f5   Thumb Code     8  nrf_memobj.o(i.nrf_memobj_get)
    nrf_memobj_pool_init                     0x000294fd   Thumb Code     4  nrf_memobj.o(i.nrf_memobj_pool_init)
    nrf_memobj_put                           0x00029501   Thumb Code    30  nrf_memobj.o(i.nrf_memobj_put)
    nrf_memobj_read                          0x0002951f   Thumb Code    16  nrf_memobj.o(i.nrf_memobj_read)
    nrf_memobj_write                         0x0002952f   Thumb Code    16  nrf_memobj.o(i.nrf_memobj_write)
    nrf_pwr_mgmt_init                        0x00029541   Thumb Code    28  nrf_pwr_mgmt.o(i.nrf_pwr_mgmt_init)
    nrf_pwr_mgmt_run                         0x00029569   Thumb Code    64  nrf_pwr_mgmt.o(i.nrf_pwr_mgmt_run)
    nrf_ringbuf_init                         0x000295ad   Thumb Code    28  nrf_ringbuf.o(i.nrf_ringbuf_init)
    nrf_sdh_ble_app_ram_start_get            0x000295c9   Thumb Code    16  nrf_sdh_ble.o(i.nrf_sdh_ble_app_ram_start_get)
    nrf_sdh_ble_default_cfg_set              0x000295dd   Thumb Code   232  nrf_sdh_ble.o(i.nrf_sdh_ble_default_cfg_set)
    nrf_sdh_ble_enable                       0x000296e1   Thumb Code   116  nrf_sdh_ble.o(i.nrf_sdh_ble_enable)
    nrf_sdh_enable_request                   0x0002986d   Thumb Code   102  nrf_sdh.o(i.nrf_sdh_enable_request)
    nrf_sdh_evts_poll                        0x000298e1   Thumb Code    32  nrf_sdh.o(i.nrf_sdh_evts_poll)
    nrf_sdh_is_enabled                       0x00029905   Thumb Code     6  nrf_sdh.o(i.nrf_sdh_is_enabled)
    nrf_section_iter_init                    0x0002994d   Thumb Code    10  nrf_section_iter.o(i.nrf_section_iter_init)
    nrf_section_iter_next                    0x0002997b   Thumb Code    32  nrf_section_iter.o(i.nrf_section_iter_next)
    nrf_strerror_find                        0x0002999d   Thumb Code    52  nrf_strerror.o(i.nrf_strerror_find)
    nrf_strerror_get                         0x000299d5   Thumb Code    14  nrf_strerror.o(i.nrf_strerror_get)
    nrfx_clock_enable                        0x00029a21   Thumb Code    34  nrfx_clock.o(i.nrfx_clock_enable)
    nrfx_clock_init                          0x00029a4d   Thumb Code    26  nrfx_clock.o(i.nrfx_clock_init)
    nrfx_clock_lfclk_stop                    0x00029a6d   Thumb Code    20  nrfx_clock.o(i.nrfx_clock_lfclk_stop)
    nrfx_gpiote_in_event_disable             0x00029a99   Thumb Code    66  nrfx_gpiote.o(i.nrfx_gpiote_in_event_disable)
    nrfx_gpiote_in_event_enable              0x00029ae1   Thumb Code   156  nrfx_gpiote.o(i.nrfx_gpiote_in_event_enable)
    nrfx_gpiote_in_init                      0x00029b85   Thumb Code   194  nrfx_gpiote.o(i.nrfx_gpiote_in_init)
    nrfx_gpiote_in_is_set                    0x00029c55   Thumb Code    20  nrfx_gpiote.o(i.nrfx_gpiote_in_is_set)
    nrfx_gpiote_init                         0x00029c69   Thumb Code    94  nrfx_gpiote.o(i.nrfx_gpiote_init)
    nrfx_gpiote_is_init                      0x00029cd5   Thumb Code    14  nrfx_gpiote.o(i.nrfx_gpiote_is_init)
    nrfx_prs_acquire                         0x00029cf9   Thumb Code    58  nrfx_prs.o(i.nrfx_prs_acquire)
    nrfx_prs_release                         0x00029d33   Thumb Code    18  nrfx_prs.o(i.nrfx_prs_release)
    nrfx_uart_0_irq_handler                  0x00029d45   Thumb Code     8  nrfx_uart.o(i.nrfx_uart_0_irq_handler)
    nrfx_uart_init                           0x00029d55   Thumb Code   196  nrfx_uart.o(i.nrfx_uart_init)
    nrfx_uart_tx                             0x00029e25   Thumb Code   160  nrfx_uart.o(i.nrfx_uart_tx)
    nrfx_uart_tx_in_progress                 0x00029ec9   Thumb Code    26  nrfx_uart.o(i.nrfx_uart_tx_in_progress)
    nrfx_uart_uninit                         0x00029ee9   Thumb Code   170  nrfx_uart.o(i.nrfx_uart_uninit)
    nrfx_uarte_0_irq_handler                 0x00029f9d   Thumb Code     8  nrfx_uarte.o(i.nrfx_uarte_0_irq_handler)
    nrfx_uarte_init                          0x00029fad   Thumb Code   100  nrfx_uarte.o(i.nrfx_uarte_init)
    nrfx_uarte_tx                            0x0002a019   Thumb Code   138  nrfx_uarte.o(i.nrfx_uarte_tx)
    nrfx_uarte_tx_in_progress                0x0002a0a9   Thumb Code    22  nrfx_uarte.o(i.nrfx_uarte_tx_in_progress)
    nrfx_uarte_uninit                        0x0002a0c5   Thumb Code   166  nrfx_uarte.o(i.nrfx_uarte_uninit)
    nrf_log_backend_uart_api                 0x0002b2f8   Data          12  nrf_log_backend_uart.o(.constdata)
    m_ram_start                              0x0002b3a8   Data           4  nrf_sdh_ble.o(.constdata)
    __ctype_table                            0x0002b3d4   Data         129  ctype_o.o(.constdata)
    Region$$Table$$Base                      0x0002bc24   Number         0  anon$$obj.o(Region$$Table)
    Region$$Table$$Limit                     0x0002bc44   Number         0  anon$$obj.o(Region$$Table)
    log_const_data$$Base                     0x0002bc54   Number         0  ble_db_discovery.o(log_const_data)
    m_nrf_log_ble_db_disc_logs_data_const    0x0002bc54   Data           8  ble_db_discovery.o(log_const_data)
    m_nrf_log_nrf_ble_gatt_logs_data_const   0x0002bc5c   Data           8  nrf_ble_gatt.o(log_const_data)
    m_nrf_log_ble_scan_logs_data_const       0x0002bc64   Data           8  nrf_ble_scan.o(log_const_data)
    m_nrf_log_ble_lbs_c_logs_data_const      0x0002bc6c   Data           8  ble_lbs_c.o(log_const_data)
    m_nrf_log_clock_logs_data_const          0x0002bc74   Data           8  nrf_drv_clock.o(log_const_data)
    m_nrf_log_CLOCK_logs_data_const          0x0002bc7c   Data           8  nrfx_clock.o(log_const_data)
    m_nrf_log_GPIOTE_logs_data_const         0x0002bc84   Data           8  nrfx_gpiote.o(log_const_data)
    m_nrf_log_PRS_logs_data_const            0x0002bc8c   Data           8  nrfx_prs.o(log_const_data)
    m_nrf_log_UART_logs_data_const           0x0002bc94   Data           8  nrfx_uart.o(log_const_data)
    m_nrf_log_UARTE_logs_data_const          0x0002bc9c   Data           8  nrfx_uarte.o(log_const_data)
    m_nrf_log_pwr_mgmt_logs_data_const       0x0002bca4   Data           8  nrf_pwr_mgmt.o(log_const_data)
    m_nrf_log_app_logs_data_const            0x0002bcac   Data           8  nrf_log_frontend.o(log_const_data)
    m_nrf_log_nrf_sdh_logs_data_const        0x0002bcb4   Data           8  nrf_sdh.o(log_const_data)
    m_nrf_log_nrf_sdh_ble_logs_data_const    0x0002bcbc   Data           8  nrf_sdh_ble.o(log_const_data)
    m_nrf_log_nrf_sdh_soc_logs_data_const    0x0002bcc4   Data           8  nrf_sdh_soc.o(log_const_data)
    log_const_data$$Limit                    0x0002bccc   Number         0  nrf_sdh_soc.o(log_const_data)
    log_mempool                              0x0002bccc   Data          20  nrf_log_frontend.o(nrf_balloc)
    sdh_ble_observers0$$Base                 0x0002bce0   Number         0  ble_conn_state.o(sdh_ble_observers0)
    sdh_ble_observers0$$Limit                0x0002bce8   Number         0  ble_conn_state.o(sdh_ble_observers0)
    sdh_ble_observers1$$Base                 0x0002bce8   Number         0  main.o(sdh_ble_observers1)
    sdh_ble_observers1$$Limit                0x0002bd40   Number         0  bsp_btn_ble.o(sdh_ble_observers1)
    sdh_ble_observers2$$Base                 0x0002bd40   Number         0  main.o(sdh_ble_observers2)
    sdh_ble_observers2$$Limit                0x0002bd80   Number         0  main.o(sdh_ble_observers2)
    sdh_ble_observers3$$Base                 0x0002bd80   Number         0  main.o(sdh_ble_observers3)
    sdh_ble_observers3$$Limit                0x0002bd88   Number         0  main.o(sdh_ble_observers3)
    sdh_soc_observers0$$Base                 0x0002bd88   Number         0  nrf_drv_clock.o(sdh_soc_observers0)
    sdh_soc_observers0$$Limit                0x0002bd90   Number         0  nrf_drv_clock.o(sdh_soc_observers0)
    sdh_stack_observers0$$Base               0x0002bd90   Number         0  nrf_sdh_ble.o(sdh_stack_observers0)
    sdh_stack_observers0$$Limit              0x0002bda0   Number         0  nrf_sdh_soc.o(sdh_stack_observers0)
    sdh_state_observers0$$Base               0x0002bda0   Number         0  nrf_drv_clock.o(sdh_state_observers0)
    sdh_state_observers0$$Limit              0x0002bda8   Number         0  nrf_drv_clock.o(sdh_state_observers0)
    Image$$RW_IRAM1$$Base                    0x20004368   Number         0  anon$$obj.o ABSOLUTE
    nrf_drv_uart_use_easy_dma                0x200059f0   Data           1  nrf_drv_uart.o(.data)
    m_uart                                   0x20005a50   Data          20  nrf_log_backend_uart.o(.data)
    SystemCoreClock                          0x20005ac0   Data           4  system_nrf52.o(.data)
    nrf_nvic_state                           0x20006220   Data          12  app_util_platform.o(.bss)
    __initial_sp                             0x200087f8   Data           0  arm_startup_nrf52.o(STACK)



==============================================================================

Memory Map of the image

  Image Entry point : 0x00026201

  Load Region LR_IROM1 (Base: 0x00026000, Size: 0x00007504, Max: 0x0005a000, ABSOLUTE, COMPRESSED[0x00005e28])

    Execution Region ER_IROM1 (Base: 0x00026000, Size: 0x00005da8, Max: 0x0005a000, ABSOLUTE)

    Base Addr    Size         Type   Attr      Idx    E Section Name        Object

    0x00026000   0x00000200   Data   RO         4866    RESET               arm_startup_nrf52.o
    0x00026200   0x00000000   Code   RO         4907  * .ARM.Collect$$$$00000000  mc_w.l(entry.o)
    0x00026200   0x00000004   Code   RO         4961    .ARM.Collect$$$$00000001  mc_w.l(entry2.o)
    0x00026204   0x00000004   Code   RO         4964    .ARM.Collect$$$$00000004  mc_w.l(entry5.o)
    0x00026208   0x00000000   Code   RO         4966    .ARM.Collect$$$$00000008  mc_w.l(entry7b.o)
    0x00026208   0x00000000   Code   RO         4968    .ARM.Collect$$$$0000000A  mc_w.l(entry8b.o)
    0x00026208   0x00000008   Code   RO         4969    .ARM.Collect$$$$0000000B  mc_w.l(entry9a.o)
    0x00026210   0x00000000   Code   RO         4971    .ARM.Collect$$$$0000000D  mc_w.l(entry10a.o)
    0x00026210   0x00000000   Code   RO         4973    .ARM.Collect$$$$0000000F  mc_w.l(entry11a.o)
    0x00026210   0x00000004   Code   RO         4962    .ARM.Collect$$$$00002712  mc_w.l(entry2.o)
    0x00026214   0x000000e2   Code   RO         3350    .emb_text           nrf_atomic.o
    0x000262f6   0x00000002   PAD
    0x000262f8   0x00000024   Code   RO         4867    .text               arm_startup_nrf52.o
    0x0002631c   0x0000001e   Code   RO         4917    .text               mc_w.l(llshl.o)
    0x0002633a   0x00000002   PAD
    0x0002633c   0x00000008   Code   RO         4919    .text               mc_w.l(ctype_o.o)
    0x00026344   0x00000024   Code   RO         4947    .text               mc_w.l(memcpya.o)
    0x00026368   0x00000024   Code   RO         4949    .text               mc_w.l(memseta.o)
    0x0002638c   0x0000000e   Code   RO         4951    .text               mc_w.l(strlen.o)
    0x0002639a   0x0000001c   Code   RO         4953    .text               mc_w.l(strcmp.o)
    0x000263b6   0x0000001a   Code   RO         4955    .text               mc_w.l(memcmp.o)
    0x000263d0   0x00000024   Code   RO         4979    .text               mc_w.l(init.o)
    0x000263f4   0x00000056   Code   RO         4989    .text               mc_w.l(__dczerorl2.o)
    0x0002644a   0x00000002   PAD
    0x0002644c   0x00000164   Code   RO         2053    i.GPIOTE_IRQHandler  nrfx_gpiote.o
    0x000265b0   0x00000016   Code   RO         2925    i.NVIC_ClearPendingIRQ  app_timer.o
    0x000265c6   0x00000016   Code   RO         2926    i.NVIC_EnableIRQ    app_timer.o
    0x000265dc   0x00000016   Code   RO         2927    i.NVIC_SetPendingIRQ  app_timer.o
    0x000265f2   0x00000020   Code   RO         2928    i.NVIC_SetPriority  app_timer.o
    0x00026612   0x00000002   PAD
    0x00026614   0x00000058   Code   RO         1915    i.POWER_CLOCK_IRQHandler  nrfx_clock.o
    0x0002666c   0x00000024   Code   RO         2929    i.RTC1_IRQHandler   app_timer.o
    0x00026690   0x00000004   Code   RO         2930    i.SWI0_EGU0_IRQHandler  app_timer.o
    0x00026694   0x00000004   Code   RO         4657    i.SWI2_EGU2_IRQHandler  nrf_sdh.o
    0x00026698   0x0000031c   Code   RO         4875    i.SystemInit        system_nrf52.o
    0x000269b4   0x0000000c   Code   RO         2322    i.UARTE0_UART0_IRQHandler  nrfx_prs.o
    0x000269c0   0x0000000e   Code   RO         4983    i.__scatterload_copy  mc_w.l(handlers.o)
    0x000269ce   0x00000002   Code   RO         4984    i.__scatterload_null  mc_w.l(handlers.o)
    0x000269d0   0x0000000e   Code   RO         4985    i.__scatterload_zeroinit  mc_w.l(handlers.o)
    0x000269de   0x00000002   PAD
    0x000269e0   0x00000024   Code   RO         4658    i.__sd_nvic_app_accessible_irq  nrf_sdh.o
    0x00026a04   0x0000001c   Code   RO          937    i.active_flag_count  ble_conn_state.o
    0x00026a20   0x00000036   Code   RO          619    i.advertising_buttons_configure  bsp_btn_ble.o
    0x00026a56   0x00000002   PAD
    0x00026a58   0x00000030   Code   RO         2719    i.app_button_disable  app_button.o
    0x00026a88   0x00000024   Code   RO         2720    i.app_button_enable  app_button.o
    0x00026aac   0x00000078   Code   RO         2721    i.app_button_init   app_button.o
    0x00026b24   0x00000084   Code   RO         2840    i.app_error_fault_handler  app_error_weak.o
    0x00026ba8   0x00000016   Code   RO         2784    i.app_error_handler_bare  app_error.o
    0x00026bbe   0x00000002   PAD
    0x00026bc0   0x00000024   Code   RO         2933    i.app_timer_create  app_timer.o
    0x00026be4   0x00000054   Code   RO         2934    i.app_timer_init    app_timer.o
    0x00026c38   0x00000088   Code   RO         2937    i.app_timer_start   app_timer.o
    0x00026cc0   0x00000020   Code   RO         2938    i.app_timer_stop    app_timer.o
    0x00026ce0   0x00000048   Code   RO         3098    i.app_util_critical_region_enter  app_util_platform.o
    0x00026d28   0x00000034   Code   RO         3099    i.app_util_critical_region_exit  app_util_platform.o
    0x00026d5c   0x00000088   Code   RO         2376    i.apply_config      nrfx_uart.o
    0x00026de4   0x00000088   Code   RO         2564    i.apply_config      nrfx_uarte.o
    0x00026e6c   0x0000000c   Code   RO          938    i.bcs_internal_state_reset  ble_conn_state.o
    0x00026e78   0x00000044   Code   RO          724    i.ble_advdata_name_find  ble_advdata.o
    0x00026ebc   0x00000038   Code   RO          726    i.ble_advdata_search  ble_advdata.o
    0x00026ef4   0x0000001c   Code   RO          939    i.ble_conn_state_central_conn_count  ble_conn_state.o
    0x00026f10   0x00000004   Code   RO          947    i.ble_conn_state_init  ble_conn_state.o
    0x00026f14   0x00000040   Code   RO         1105    i.ble_db_discovery_evt_register  ble_db_discovery.o
    0x00026f54   0x0000001c   Code   RO         1106    i.ble_db_discovery_init  ble_db_discovery.o
    0x00026f70   0x00000090   Code   RO         1107    i.ble_db_discovery_on_ble_evt  ble_db_discovery.o
    0x00027000   0x00000028   Code   RO         1108    i.ble_db_discovery_start  ble_db_discovery.o
    0x00027028   0x0000017c   Code   RO            5    i.ble_evt_handler   main.o
    0x000271a4   0x00000070   Code   RO          620    i.ble_evt_handler   bsp_btn_ble.o
    0x00027214   0x00000104   Code   RO          957    i.ble_evt_handler   ble_conn_state.o
    0x00027318   0x00000058   Code   RO         1505    i.ble_lbs_c_button_notif_enable  ble_lbs_c.o
    0x00027370   0x00000018   Code   RO         1506    i.ble_lbs_c_handles_assign  ble_lbs_c.o
    0x00027388   0x00000054   Code   RO         1507    i.ble_lbs_c_init    ble_lbs_c.o
    0x000273dc   0x00000074   Code   RO         1508    i.ble_lbs_c_on_ble_evt  ble_lbs_c.o
    0x00027450   0x00000058   Code   RO         1509    i.ble_lbs_led_status_send  ble_lbs_c.o
    0x000274a8   0x0000008c   Code   RO         1510    i.ble_lbs_on_db_disc_evt  ble_lbs_c.o
    0x00027534   0x00000054   Code   RO          368    i.bsp_board_init    boards.o
    0x00027588   0x00000010   Code   RO          371    i.bsp_board_led_off  boards.o
    0x00027598   0x00000010   Code   RO          372    i.bsp_board_led_on  boards.o
    0x000275a8   0x00000012   Code   RO          374    i.bsp_board_leds_off  boards.o
    0x000275ba   0x00000002   PAD
    0x000275bc   0x00000044   Code   RO          507    i.bsp_event_to_button_action_assign  bsp.o
    0x00027600   0x00000090   Code   RO         4057    i.buf_prealloc      nrf_log_frontend.o
    0x00027690   0x0000002e   Code   RO         3562    i.buffer_add        nrf_fprintf_format.o
    0x000276be   0x00000002   PAD
    0x000276c0   0x00000014   Code   RO         4058    i.buffer_is_empty   nrf_log_frontend.o
    0x000276d4   0x00000078   Code   RO            6    i.button_event_handler  main.o
    0x0002774c   0x0000001c   Code   RO         2054    i.channel_free      nrfx_gpiote.o
    0x00027768   0x00000048   Code   RO         2055    i.channel_port_alloc  nrfx_gpiote.o
    0x000277b0   0x00000010   Code   RO         2056    i.channel_port_get  nrfx_gpiote.o
    0x000277c0   0x00000042   Code   RO         1109    i.characteristics_discover  ble_db_discovery.o
    0x00027802   0x00000002   PAD
    0x00027804   0x00000028   Code   RO         1575    i.clock_clk_started_notify  nrf_drv_clock.o
    0x0002782c   0x0000001c   Code   RO         1576    i.clock_irq_handler  nrf_drv_clock.o
    0x00027848   0x000000ac   Code   RO         2940    i.compare_reg_update  app_timer.o
    0x000278f4   0x0000003e   Code   RO          958    i.conn_handle_list_get  ble_conn_state.o
    0x00027932   0x00000002   PAD
    0x00027934   0x000000c0   Code   RO         1287    i.data_length_update  nrf_ble_gatt.o
    0x000279f4   0x00000014   Code   RO            7    i.db_disc_handler   main.o
    0x00027a08   0x0000008c   Code   RO         1110    i.descriptors_discover  ble_db_discovery.o
    0x00027a94   0x0000009c   Code   RO         2723    i.detection_delay_timeout_handler  app_button.o
    0x00027b30   0x00000090   Code   RO         1111    i.discovery_complete_evt_trigger  ble_db_discovery.o
    0x00027bc0   0x0000003c   Code   RO         1112    i.discovery_error_evt_trigger  ble_db_discovery.o
    0x00027bfc   0x0000005c   Code   RO         1113    i.discovery_start   ble_db_discovery.o
    0x00027c58   0x00000014   Code   RO         4059    i.dropped_sat16_get  nrf_log_frontend.o
    0x00027c6c   0x00000040   Code   RO         2941    i.elapsed_ticks_acquire  app_timer.o
    0x00027cac   0x00000084   Code   RO         2724    i.gpiote_event_handler  app_button.o
    0x00027d30   0x000000a6   Code   RO         3563    i.int_print         nrf_fprintf_format.o
    0x00027dd6   0x00000002   PAD
    0x00027dd8   0x0000007c   Code   RO         2565    i.interrupts_enable  nrfx_uarte.o
    0x00027e54   0x00000034   Code   RO         4060    i.invalid_packets_omit  nrf_log_frontend.o
    0x00027e88   0x0000004c   Code   RO         1114    i.is_desc_discovery_reqd  ble_db_discovery.o
    0x00027ed4   0x00000018   Code   RO         1389    i.is_whitelist_used  nrf_ble_scan.o
    0x00027eec   0x000000d4   Code   RO            8    i.lbs_c_evt_handler  main.o
    0x00027fc0   0x00000014   Code   RO         1288    i.link_init         nrf_ble_gatt.o
    0x00027fd4   0x000000f8   Code   RO         2942    i.list_insertions_handler  app_timer.o
    0x000280cc   0x0000009c   Code   RO         4061    i.log_skip          nrf_log_frontend.o
    0x00028168   0x0000010c   Code   RO            9    i.main              main.o
    0x00028274   0x0000007e   Code   RO         3602    i.memobj_op         nrf_memobj.o
    0x000282f2   0x00000002   PAD
    0x000282f4   0x00000030   Code   RO         4062    i.module_idx_get    nrf_log_frontend.o
    0x00028324   0x00000016   Code   RO         3284    i.nrf_atflags_clear  nrf_atflags.o
    0x0002833a   0x00000016   Code   RO         3289    i.nrf_atflags_get   nrf_atflags.o
    0x00028350   0x00000014   Code   RO         3291    i.nrf_atflags_set   nrf_atflags.o
    0x00028364   0x00000006   Code   RO         3352    i.nrf_atomic_flag_clear_fetch  nrf_atomic.o
    0x0002836a   0x00000006   Code   RO         3353    i.nrf_atomic_flag_set  nrf_atomic.o
    0x00028370   0x0000000c   Code   RO         3355    i.nrf_atomic_u32_add  nrf_atomic.o
    0x0002837c   0x0000000c   Code   RO         3356    i.nrf_atomic_u32_and  nrf_atomic.o
    0x00028388   0x0000000a   Code   RO         3359    i.nrf_atomic_u32_fetch_and  nrf_atomic.o
    0x00028392   0x0000000a   Code   RO         3361    i.nrf_atomic_u32_fetch_store  nrf_atomic.o
    0x0002839c   0x0000000c   Code   RO         3365    i.nrf_atomic_u32_or  nrf_atomic.o
    0x000283a8   0x0000000c   Code   RO         3367    i.nrf_atomic_u32_sub  nrf_atomic.o
    0x000283b4   0x00000044   Code   RO         3486    i.nrf_balloc_alloc  nrf_balloc.o
    0x000283f8   0x00000030   Code   RO         3487    i.nrf_balloc_free   nrf_balloc.o
    0x00028428   0x00000030   Code   RO         3488    i.nrf_balloc_init   nrf_balloc.o
    0x00028458   0x00000010   Code   RO         2057    i.nrf_bitmask_bit_is_set  nrfx_gpiote.o
    0x00028468   0x00000014   Code   RO         2058    i.nrf_bitmask_bit_set  nrfx_gpiote.o
    0x0002847c   0x0000002c   Code   RO         1294    i.nrf_ble_gatt_init  nrf_ble_gatt.o
    0x000284a8   0x00000170   Code   RO         1295    i.nrf_ble_gatt_on_ble_evt  nrf_ble_gatt.o
    0x00028618   0x00000050   Code   RO         1391    i.nrf_ble_scan_connect_with_target  nrf_ble_scan.o
    0x00028668   0x00000014   Code   RO         1393    i.nrf_ble_scan_default_conn_param_set  nrf_ble_scan.o
    0x0002867c   0x00000020   Code   RO         1394    i.nrf_ble_scan_default_param_set  nrf_ble_scan.o
    0x0002869c   0x0000006e   Code   RO         1396    i.nrf_ble_scan_filter_set  nrf_ble_scan.o
    0x0002870a   0x00000010   Code   RO         1397    i.nrf_ble_scan_filters_disable  nrf_ble_scan.o
    0x0002871a   0x0000003a   Code   RO         1398    i.nrf_ble_scan_filters_enable  nrf_ble_scan.o
    0x00028754   0x00000070   Code   RO         1399    i.nrf_ble_scan_init  nrf_ble_scan.o
    0x000287c4   0x000000d2   Code   RO         1400    i.nrf_ble_scan_on_adv_report  nrf_ble_scan.o
    0x00028896   0x000000ae   Code   RO         1401    i.nrf_ble_scan_on_ble_evt  nrf_ble_scan.o
    0x00028944   0x00000088   Code   RO         1403    i.nrf_ble_scan_start  nrf_ble_scan.o
    0x000289cc   0x0000000e   Code   RO         1916    i.nrf_clock_event_check  nrfx_clock.o
    0x000289da   0x00000010   Code   RO         1917    i.nrf_clock_event_clear  nrfx_clock.o
    0x000289ea   0x00000002   PAD
    0x000289ec   0x00000038   Code   RO         1583    i.nrf_drv_clock_init  nrf_drv_clock.o
    0x00028a24   0x00000030   Code   RO         1587    i.nrf_drv_clock_lfclk_release  nrf_drv_clock.o
    0x00028a54   0x00000068   Code   RO         1724    i.nrf_drv_uart_init  nrf_drv_uart.o
    0x00028abc   0x0000001a   Code   RO         3523    i.nrf_fprintf       nrf_fprintf.o
    0x00028ad6   0x00000018   Code   RO         3524    i.nrf_fprintf_buffer_flush  nrf_fprintf.o
    0x00028aee   0x000001da   Code   RO         3564    i.nrf_fprintf_fmt   nrf_fprintf_format.o
    0x00028cc8   0x00000024   Code   RO          378    i.nrf_gpio_cfg      boards.o
    0x00028cec   0x00000024   Code   RO         2059    i.nrf_gpio_cfg      nrfx_gpiote.o
    0x00028d10   0x00000024   Code   RO         2377    i.nrf_gpio_cfg      nrfx_uart.o
    0x00028d34   0x00000024   Code   RO         2566    i.nrf_gpio_cfg      nrfx_uarte.o
    0x00028d58   0x00000012   Code   RO         2378    i.nrf_gpio_cfg_default  nrfx_uart.o
    0x00028d6a   0x00000012   Code   RO         2567    i.nrf_gpio_cfg_default  nrfx_uarte.o
    0x00028d7c   0x00000012   Code   RO         2379    i.nrf_gpio_cfg_input  nrfx_uart.o
    0x00028d8e   0x00000012   Code   RO         2568    i.nrf_gpio_cfg_input  nrfx_uarte.o
    0x00028da0   0x00000014   Code   RO         2380    i.nrf_gpio_cfg_output  nrfx_uart.o
    0x00028db4   0x00000014   Code   RO         2569    i.nrf_gpio_cfg_output  nrfx_uarte.o
    0x00028dc8   0x00000022   Code   RO         2061    i.nrf_gpio_cfg_sense_set  nrfx_gpiote.o
    0x00028dea   0x00000016   Code   RO          379    i.nrf_gpio_pin_write  boards.o
    0x00028e00   0x00000028   Code   RO         2062    i.nrf_gpio_ports_read  nrfx_gpiote.o
    0x00028e28   0x00000014   Code   RO         2063    i.nrf_gpiote_event_clear  nrfx_gpiote.o
    0x00028e3c   0x00000010   Code   RO         2064    i.nrf_gpiote_event_is_set  nrfx_gpiote.o
    0x00028e4c   0x0000005c   Code   RO         4063    i.nrf_log_backend_add  nrf_log_frontend.o
    0x00028ea8   0x000000c8   Code   RO         3902    i.nrf_log_backend_serial_put  nrf_log_backend_serial.o
    0x00028f70   0x00000002   Code   RO         3942    i.nrf_log_backend_uart_flush  nrf_log_backend_uart.o
    0x00028f72   0x00000006   Code   RO         3943    i.nrf_log_backend_uart_init  nrf_log_backend_uart.o
    0x00028f78   0x0000002c   Code   RO         3944    i.nrf_log_backend_uart_panic_set  nrf_log_backend_uart.o
    0x00028fa4   0x00000018   Code   RO         3945    i.nrf_log_backend_uart_put  nrf_log_backend_uart.o
    0x00028fbc   0x00000030   Code   RO         4065    i.nrf_log_color_id_get  nrf_log_frontend.o
    0x00028fec   0x0000001c   Code   RO         4021    i.nrf_log_default_backends_init  nrf_log_default_backends.o
    0x00029008   0x00000234   Code   RO         4066    i.nrf_log_frontend_dequeue  nrf_log_frontend.o
    0x0002923c   0x00000008   Code   RO         4068    i.nrf_log_frontend_std_0  nrf_log_frontend.o
    0x00029244   0x0000000e   Code   RO         4069    i.nrf_log_frontend_std_1  nrf_log_frontend.o
    0x00029252   0x00000010   Code   RO         4070    i.nrf_log_frontend_std_2  nrf_log_frontend.o
    0x00029262   0x00000002   PAD
    0x00029264   0x000000b0   Code   RO         4243    i.nrf_log_hexdump_entry_process  nrf_log_str_formatter.o
    0x00029314   0x0000003c   Code   RO         4075    i.nrf_log_init      nrf_log_frontend.o
    0x00029350   0x00000014   Code   RO         4076    i.nrf_log_module_cnt_get  nrf_log_frontend.o
    0x00029364   0x0000001c   Code   RO         4079    i.nrf_log_module_name_get  nrf_log_frontend.o
    0x00029380   0x0000002c   Code   RO         4080    i.nrf_log_panic     nrf_log_frontend.o
    0x000293ac   0x000000b6   Code   RO         4244    i.nrf_log_std_entry_process  nrf_log_str_formatter.o
    0x00029462   0x00000060   Code   RO         3603    i.nrf_memobj_alloc  nrf_memobj.o
    0x000294c2   0x00000032   Code   RO         3604    i.nrf_memobj_free   nrf_memobj.o
    0x000294f4   0x00000008   Code   RO         3605    i.nrf_memobj_get    nrf_memobj.o
    0x000294fc   0x00000004   Code   RO         3606    i.nrf_memobj_pool_init  nrf_memobj.o
    0x00029500   0x0000001e   Code   RO         3607    i.nrf_memobj_put    nrf_memobj.o
    0x0002951e   0x00000010   Code   RO         3608    i.nrf_memobj_read   nrf_memobj.o
    0x0002952e   0x00000010   Code   RO         3609    i.nrf_memobj_write  nrf_memobj.o
    0x0002953e   0x00000002   PAD
    0x00029540   0x00000028   Code   RO         3681    i.nrf_pwr_mgmt_init  nrf_pwr_mgmt.o
    0x00029568   0x00000044   Code   RO         3682    i.nrf_pwr_mgmt_run  nrf_pwr_mgmt.o
    0x000295ac   0x0000001c   Code   RO         3758    i.nrf_ringbuf_init  nrf_ringbuf.o
    0x000295c8   0x00000014   Code   RO         4778    i.nrf_sdh_ble_app_ram_start_get  nrf_sdh_ble.o
    0x000295dc   0x00000104   Code   RO         4779    i.nrf_sdh_ble_default_cfg_set  nrf_sdh_ble.o
    0x000296e0   0x00000130   Code   RO         4780    i.nrf_sdh_ble_enable  nrf_sdh_ble.o
    0x00029810   0x0000005c   Code   RO         4781    i.nrf_sdh_ble_evts_poll  nrf_sdh_ble.o
    0x0002986c   0x00000074   Code   RO         4660    i.nrf_sdh_enable_request  nrf_sdh.o
    0x000298e0   0x00000024   Code   RO         4661    i.nrf_sdh_evts_poll  nrf_sdh.o
    0x00029904   0x0000000c   Code   RO         4662    i.nrf_sdh_is_enabled  nrf_sdh.o
    0x00029910   0x0000003c   Code   RO         4832    i.nrf_sdh_soc_evts_poll  nrf_sdh_soc.o
    0x0002994c   0x0000000a   Code   RO         3816    i.nrf_section_iter_init  nrf_section_iter.o
    0x00029956   0x00000024   Code   RO         3817    i.nrf_section_iter_item_set  nrf_section_iter.o
    0x0002997a   0x00000020   Code   RO         3818    i.nrf_section_iter_next  nrf_section_iter.o
    0x0002999a   0x00000002   PAD
    0x0002999c   0x00000038   Code   RO         3851    i.nrf_strerror_find  nrf_strerror.o
    0x000299d4   0x00000014   Code   RO         3852    i.nrf_strerror_get  nrf_strerror.o
    0x000299e8   0x0000000a   Code   RO         2381    i.nrf_uart_event_check  nrfx_uart.o
    0x000299f2   0x0000000c   Code   RO         2382    i.nrf_uart_event_clear  nrfx_uart.o
    0x000299fe   0x0000000c   Code   RO         2383    i.nrf_uart_int_enable_check  nrfx_uart.o
    0x00029a0a   0x0000000a   Code   RO         2570    i.nrf_uarte_event_check  nrfx_uarte.o
    0x00029a14   0x0000000c   Code   RO         2571    i.nrf_uarte_event_clear  nrfx_uarte.o
    0x00029a20   0x0000002c   Code   RO         1922    i.nrfx_clock_enable  nrfx_clock.o
    0x00029a4c   0x00000020   Code   RO         1925    i.nrfx_clock_init   nrfx_clock.o
    0x00029a6c   0x0000001c   Code   RO         1928    i.nrfx_clock_lfclk_stop  nrfx_clock.o
    0x00029a88   0x00000010   Code   RO         2943    i.nrfx_coredep_delay_us  app_timer.o
    0x00029a98   0x00000048   Code   RO         2068    i.nrfx_gpiote_in_event_disable  nrfx_gpiote.o
    0x00029ae0   0x000000a4   Code   RO         2069    i.nrfx_gpiote_in_event_enable  nrfx_gpiote.o
    0x00029b84   0x000000d0   Code   RO         2070    i.nrfx_gpiote_in_init  nrfx_gpiote.o
    0x00029c54   0x00000014   Code   RO         2071    i.nrfx_gpiote_in_is_set  nrfx_gpiote.o
    0x00029c68   0x0000006c   Code   RO         2073    i.nrfx_gpiote_init  nrfx_gpiote.o
    0x00029cd4   0x00000014   Code   RO         2074    i.nrfx_gpiote_is_init  nrfx_gpiote.o
    0x00029ce8   0x00000010   Code   RO         2572    i.nrfx_is_in_ram    nrfx_uarte.o
    0x00029cf8   0x0000003a   Code   RO         2323    i.nrfx_prs_acquire  nrfx_prs.o
    0x00029d32   0x00000012   Code   RO         2324    i.nrfx_prs_release  nrfx_prs.o
    0x00029d44   0x00000010   Code   RO         2384    i.nrfx_uart_0_irq_handler  nrfx_uart.o
    0x00029d54   0x000000d0   Code   RO         2386    i.nrfx_uart_init    nrfx_uart.o
    0x00029e24   0x000000a4   Code   RO         2392    i.nrfx_uart_tx      nrfx_uart.o
    0x00029ec8   0x00000020   Code   RO         2394    i.nrfx_uart_tx_in_progress  nrfx_uart.o
    0x00029ee8   0x000000b4   Code   RO         2395    i.nrfx_uart_uninit  nrfx_uart.o
    0x00029f9c   0x00000010   Code   RO         2573    i.nrfx_uarte_0_irq_handler  nrfx_uarte.o
    0x00029fac   0x0000006c   Code   RO         2575    i.nrfx_uarte_init   nrfx_uarte.o
    0x0002a018   0x00000090   Code   RO         2579    i.nrfx_uarte_tx     nrfx_uarte.o
    0x0002a0a8   0x0000001c   Code   RO         2581    i.nrfx_uarte_tx_in_progress  nrfx_uarte.o
    0x0002a0c4   0x000000b0   Code   RO         2582    i.nrfx_uarte_uninit  nrfx_uarte.o
    0x0002a174   0x00000150   Code   RO         1115    i.on_characteristic_discovery_rsp  ble_db_discovery.o
    0x0002a2c4   0x000000a8   Code   RO         1296    i.on_connected_evt  nrf_ble_gatt.o
    0x0002a36c   0x000000f0   Code   RO         1116    i.on_descriptor_discovery_rsp  ble_db_discovery.o
    0x0002a45c   0x000000ac   Code   RO         1297    i.on_exchange_mtu_request_evt  nrf_ble_gatt.o
    0x0002a508   0x00000068   Code   RO         1117    i.on_primary_srv_discovery_rsp  ble_db_discovery.o
    0x0002a570   0x0000007c   Code   RO         1118    i.on_srv_disc_completion  ble_db_discovery.o
    0x0002a5ec   0x00000018   Code   RO         2090    i.pin_in_use_by_port  nrfx_gpiote.o
    0x0002a604   0x00000018   Code   RO         2091    i.pin_in_use_by_te  nrfx_gpiote.o
    0x0002a61c   0x0000003c   Code   RO         4246    i.postfix_process   nrf_log_str_formatter.o
    0x0002a658   0x00000098   Code   RO         4247    i.prefix_process    nrf_log_str_formatter.o
    0x0002a6f0   0x00000018   Code   RO         2325    i.prs_box_get       nrfx_prs.o
    0x0002a708   0x00000038   Code   RO         1119    i.registered_handler_get  ble_db_discovery.o
    0x0002a740   0x0000003c   Code   RO         2944    i.rtc1_stop         app_timer.o
    0x0002a77c   0x00000032   Code   RO         2396    i.rx_byte           nrfx_uart.o
    0x0002a7ae   0x00000016   Code   RO         2397    i.rx_done_event     nrfx_uart.o
    0x0002a7c4   0x00000016   Code   RO         2583    i.rx_done_event     nrfx_uarte.o
    0x0002a7da   0x00000012   Code   RO           10    i.scan_evt_handler  main.o
    0x0002a7ec   0x00000058   Code   RO           11    i.scan_init         main.o
    0x0002a844   0x00000064   Code   RO           12    i.scan_start        main.o
    0x0002a8a8   0x00000050   Code   RO         1590    i.sd_state_evt_handler  nrf_drv_clock.o
    0x0002a8f8   0x00000030   Code   RO         4667    i.sdh_request_observer_notify  nrf_sdh.o
    0x0002a928   0x0000002c   Code   RO         4668    i.sdh_state_observer_notify  nrf_sdh.o
    0x0002a954   0x00000040   Code   RO         3946    i.serial_tx         nrf_log_backend_uart.o
    0x0002a994   0x00000018   Code   RO         1591    i.soc_evt_handler   nrf_drv_clock.o
    0x0002a9ac   0x00000058   Code   RO         4670    i.softdevices_evt_irq_enable  nrf_sdh.o
    0x0002aa04   0x0000008c   Code   RO         4082    i.std_n             nrf_log_frontend.o
    0x0002aa90   0x00000080   Code   RO         2945    i.timer_list_handler  app_timer.o
    0x0002ab10   0x0000003c   Code   RO         2946    i.timer_list_insert  app_timer.o
    0x0002ab4c   0x00000060   Code   RO         2947    i.timer_list_remove  app_timer.o
    0x0002abac   0x00000048   Code   RO         2948    i.timer_stop_op_schedule  app_timer.o
    0x0002abf4   0x00000074   Code   RO         2949    i.timer_timeouts_check  app_timer.o
    0x0002ac68   0x00000048   Code   RO         1511    i.tx_buffer_process  ble_lbs_c.o
    0x0002acb0   0x00000020   Code   RO         2399    i.tx_byte           nrfx_uart.o
    0x0002acd0   0x0000001a   Code   RO         2400    i.tx_done_event     nrfx_uart.o
    0x0002acea   0x00000002   PAD
    0x0002acec   0x00000030   Code   RO         1725    i.uart_evt_handler  nrf_drv_uart.o
    0x0002ad1c   0x0000000c   Code   RO         3947    i.uart_evt_handler  nrf_log_backend_uart.o
    0x0002ad28   0x00000050   Code   RO         3948    i.uart_init         nrf_log_backend_uart.o
    0x0002ad78   0x00000128   Code   RO         2401    i.uart_irq_handler  nrfx_uart.o
    0x0002aea0   0x00000030   Code   RO         1726    i.uarte_evt_handler  nrf_drv_uart.o
    0x0002aed0   0x000000f2   Code   RO         2584    i.uarte_irq_handler  nrfx_uarte.o
    0x0002afc2   0x00000002   PAD
    0x0002afc4   0x000000b4   Code   RO         3565    i.unsigned_print    nrf_fprintf_format.o
    0x0002b078   0x00000030   Code   RO         2950    i.user_op_alloc     app_timer.o
    0x0002b0a8   0x0000000e   Data   RO           14    .constdata          main.o
    0x0002b0b6   0x00000008   Data   RO          380    .constdata          boards.o
    0x0002b0be   0x00000002   PAD
    0x0002b0c0   0x0000007c   Data   RO         1121    .constdata          ble_db_discovery.o
    0x0002b13c   0x00000016   Data   RO         1298    .constdata          nrf_ble_gatt.o
    0x0002b152   0x00000002   PAD
    0x0002b154   0x00000010   Data   RO         1513    .constdata          ble_lbs_c.o
    0x0002b164   0x00000004   Data   RO         2093    .constdata          nrfx_gpiote.o
    0x0002b168   0x00000004   Data   RO         2404    .constdata          nrfx_uart.o
    0x0002b16c   0x00000004   Data   RO         2587    .constdata          nrfx_uarte.o
    0x0002b170   0x00000008   Data   RO         2726    .constdata          app_button.o
    0x0002b178   0x00000008   PAD
    0x0002b180   0x00000006   Data   RO         2952    .constdata          app_timer.o
    0x0002b186   0x00000010   Data   RO         3566    .constdata          nrf_fprintf_format.o
    0x0002b196   0x00000002   PAD
    0x0002b198   0x00000018   Data   RO         3686    .constdata          nrf_pwr_mgmt.o
    0x0002b1b0   0x0000000c   Data   RO         3687    .constdata          nrf_pwr_mgmt.o
    0x0002b1bc   0x0000013c   Data   RO         3853    .constdata          nrf_strerror.o
    0x0002b2f8   0x0000000c   Data   RO         3950    .constdata          nrf_log_backend_uart.o
    0x0002b304   0x00000020   Data   RO         3951    .constdata          nrf_log_backend_uart.o
    0x0002b324   0x0000000c   Data   RO         4087    .constdata          nrf_log_frontend.o
    0x0002b330   0x00000010   Data   RO         4671    .constdata          nrf_sdh.o
    0x0002b340   0x00000028   Data   RO         4672    .constdata          nrf_sdh.o
    0x0002b368   0x00000010   Data   RO         4673    .constdata          nrf_sdh.o
    0x0002b378   0x00000010   Data   RO         4674    .constdata          nrf_sdh.o
    0x0002b388   0x00000020   Data   RO         4782    .constdata          nrf_sdh_ble.o
    0x0002b3a8   0x00000010   Data   RO         4783    .constdata          nrf_sdh_ble.o
    0x0002b3b8   0x00000010   Data   RO         4833    .constdata          nrf_sdh_soc.o
    0x0002b3c8   0x0000000c   Data   RO         4834    .constdata          nrf_sdh_soc.o
    0x0002b3d4   0x00000081   Data   RO         4920    .constdata          mc_w.l(ctype_o.o)
    0x0002b455   0x00000003   PAD
    0x0002b458   0x00000004   Data   RO         4921    .constdata          mc_w.l(ctype_o.o)
    0x0002b45c   0x000000a2   Data   RO         1122    .conststring        ble_db_discovery.o
    0x0002b4fe   0x00000002   PAD
    0x0002b500   0x000000a2   Data   RO         1299    .conststring        nrf_ble_gatt.o
    0x0002b5a2   0x00000002   PAD
    0x0002b5a4   0x000003eb   Data   RO         3854    .conststring        nrf_strerror.o
    0x0002b98f   0x00000001   PAD
    0x0002b990   0x00000066   Data   RO         4248    .conststring        nrf_log_str_formatter.o
    0x0002b9f6   0x00000002   PAD
    0x0002b9f8   0x00000188   Data   RO         4784    .conststring        nrf_sdh_ble.o
    0x0002bb80   0x0000000c   Data   RO         1123    .conststrlit        ble_db_discovery.o
    0x0002bb8c   0x0000000d   Data   RO         1300    .conststrlit        nrf_ble_gatt.o
    0x0002bb99   0x00000003   PAD
    0x0002bb9c   0x00000009   Data   RO         1405    .conststrlit        nrf_ble_scan.o
    0x0002bba5   0x00000003   PAD
    0x0002bba8   0x0000000a   Data   RO         1514    .conststrlit        ble_lbs_c.o
    0x0002bbb2   0x00000002   PAD
    0x0002bbb4   0x00000006   Data   RO         1597    .conststrlit        nrf_drv_clock.o
    0x0002bbba   0x00000002   PAD
    0x0002bbbc   0x00000006   Data   RO         1932    .conststrlit        nrfx_clock.o
    0x0002bbc2   0x00000002   PAD
    0x0002bbc4   0x00000007   Data   RO         2097    .conststrlit        nrfx_gpiote.o
    0x0002bbcb   0x00000001   PAD
    0x0002bbcc   0x00000004   Data   RO         2327    .conststrlit        nrfx_prs.o
    0x0002bbd0   0x00000005   Data   RO         2407    .conststrlit        nrfx_uart.o
    0x0002bbd5   0x00000003   PAD
    0x0002bbd8   0x00000006   Data   RO         2590    .conststrlit        nrfx_uarte.o
    0x0002bbde   0x00000002   PAD
    0x0002bbe0   0x00000009   Data   RO         3688    .conststrlit        nrf_pwr_mgmt.o
    0x0002bbe9   0x00000003   PAD
    0x0002bbec   0x00000011   Data   RO         4022    .conststrlit        nrf_log_default_backends.o
    0x0002bbfd   0x00000003   PAD
    0x0002bc00   0x00000004   Data   RO         4088    .conststrlit        nrf_log_frontend.o
    0x0002bc04   0x00000008   Data   RO         4675    .conststrlit        nrf_sdh.o
    0x0002bc0c   0x0000000c   Data   RO         4785    .conststrlit        nrf_sdh_ble.o
    0x0002bc18   0x0000000c   Data   RO         4835    .conststrlit        nrf_sdh_soc.o
    0x0002bc24   0x00000020   Data   RO         4981    Region$$Table       anon$$obj.o
    0x0002bc44   0x00000010   Data   RO         4024    log_backends        nrf_log_default_backends.o
    0x0002bc54   0x00000008   Data   RO         1125    log_const_data      ble_db_discovery.o
    0x0002bc5c   0x00000008   Data   RO         1301    log_const_data      nrf_ble_gatt.o
    0x0002bc64   0x00000008   Data   RO         1406    log_const_data      nrf_ble_scan.o
    0x0002bc6c   0x00000008   Data   RO         1516    log_const_data      ble_lbs_c.o
    0x0002bc74   0x00000008   Data   RO         1598    log_const_data      nrf_drv_clock.o
    0x0002bc7c   0x00000008   Data   RO         1934    log_const_data      nrfx_clock.o
    0x0002bc84   0x00000008   Data   RO         2098    log_const_data      nrfx_gpiote.o
    0x0002bc8c   0x00000008   Data   RO         2329    log_const_data      nrfx_prs.o
    0x0002bc94   0x00000008   Data   RO         2408    log_const_data      nrfx_uart.o
    0x0002bc9c   0x00000008   Data   RO         2591    log_const_data      nrfx_uarte.o
    0x0002bca4   0x00000008   Data   RO         3690    log_const_data      nrf_pwr_mgmt.o
    0x0002bcac   0x00000008   Data   RO         4091    log_const_data      nrf_log_frontend.o
    0x0002bcb4   0x00000008   Data   RO         4677    log_const_data      nrf_sdh.o
    0x0002bcbc   0x00000008   Data   RO         4787    log_const_data      nrf_sdh_ble.o
    0x0002bcc4   0x00000008   Data   RO         4836    log_const_data      nrf_sdh_soc.o
    0x0002bccc   0x00000014   Data   RO         4092    nrf_balloc          nrf_log_frontend.o
    0x0002bce0   0x00000008   Data   RO          962    sdh_ble_observers0  ble_conn_state.o
    0x0002bce8   0x00000050   Data   RO           16    sdh_ble_observers1  main.o
    0x0002bd38   0x00000008   Data   RO          624    sdh_ble_observers1  bsp_btn_ble.o
    0x0002bd40   0x00000040   Data   RO           17    sdh_ble_observers2  main.o
    0x0002bd80   0x00000008   Data   RO           18    sdh_ble_observers3  main.o
    0x0002bd88   0x00000008   Data   RO         1599    sdh_soc_observers0  nrf_drv_clock.o
    0x0002bd90   0x00000008   Data   RO         4788    sdh_stack_observers0  nrf_sdh_ble.o
    0x0002bd98   0x00000008   Data   RO         4837    sdh_stack_observers0  nrf_sdh_soc.o
    0x0002bda0   0x00000008   Data   RO         1600    sdh_state_observers0  nrf_drv_clock.o


    Execution Region RW_IRAM1 (Base: 0x20004368, Size: 0x00004490, Max: 0x0000bc98, ABSOLUTE, COMPRESSED[0x00000080])

    Base Addr    Size         Type   Attr      Idx    E Section Name        Object

    0x20004368   0x00001668   Data   RW           15    .data               main.o
    0x200059d0   0x00000008   Data   RW          623    .data               bsp_btn_ble.o
    0x200059d8   0x00000010   Data   RW         1124    .data               ble_db_discovery.o
    0x200059e8   0x00000008   Data   RW         1515    .data               ble_lbs_c.o
    0x200059f0   0x0000000c   Data   RW         1727    .data               nrf_drv_uart.o
    0x200059fc   0x00000008   Data   RW         1933    .data               nrfx_clock.o
    0x20005a04   0x00000008   Data   RW         2328    .data               nrfx_prs.o
    0x20005a0c   0x00000004   PAD
    0x20005a10   0x00000020   Data   RW         2727    .data               app_button.o
    0x20005a30   0x00000014   Data   RW         2953    .data               app_timer.o
    0x20005a44   0x00000008   Data   RW         3689    .data               nrf_pwr_mgmt.o
    0x20005a4c   0x00000018   Data   RW         3952    .data               nrf_log_backend_uart.o
    0x20005a64   0x00000008   Data   RW         4023    .data               nrf_log_default_backends.o
    0x20005a6c   0x00000008   Data   RW         4089    .data               nrf_log_frontend.o
    0x20005a74   0x00000008   Data   RW         4090    .data               nrf_log_frontend.o
    0x20005a7c   0x00000040   Data   RW         4249    .data               nrf_log_str_formatter.o
    0x20005abc   0x00000003   Data   RW         4676    .data               nrf_sdh.o
    0x20005abf   0x00000001   Data   RW         4786    .data               nrf_sdh_ble.o
    0x20005ac0   0x00000004   Data   RW         4876    .data               system_nrf52.o
    0x20005ac4   0x00000134   Zero   RW           13    .bss                main.o
    0x20005bf8   0x0000000c   Zero   RW          519    .bss                bsp.o
    0x20005c04   0x00000078   Zero   RW          961    .bss                ble_conn_state.o
    0x20005c7c   0x00000318   Zero   RW         1120    .bss                ble_db_discovery.o
    0x20005f94   0x000000a0   Zero   RW         1512    .bss                ble_lbs_c.o
    0x20006034   0x00000014   Zero   RW         1592    .bss                nrf_drv_clock.o
    0x20006048   0x0000005c   Zero   RW         2092    .bss                nrfx_gpiote.o
    0x200060a4   0x0000002c   Zero   RW         2402    .bss                nrfx_uart.o
    0x200060d0   0x00000024   Zero   RW         2585    .bss                nrfx_uarte.o
    0x200060f4   0x00000020   Zero   RW         2725    .bss                app_button.o
    0x20006114   0x0000010c   Zero   RW         2951    .bss                app_timer.o
    0x20006220   0x0000000c   Zero   RW         3104    .bss                app_util_platform.o
    0x2000622c   0x0000000c   Zero   RW         3685    .bss                nrf_pwr_mgmt.o
    0x20006238   0x00000040   Zero   RW         3949    .bss                nrf_log_backend_uart.o
    0x20006278   0x000000c0   Zero   RW         4083    .bss                nrf_log_frontend.o
    0x20006338   0x00000080   Zero   RW         4084    .bss                nrf_log_frontend.o
    0x200063b8   0x00000018   Zero   RW         4085    .bss                nrf_log_frontend.o
    0x200063d0   0x00000424   Zero   RW         4086    .bss                nrf_log_frontend.o
    0x200067f4   0x00000004   PAD
    0x200067f8   0x00002000   Zero   RW         4864    STACK               arm_startup_nrf52.o


==============================================================================

Image component sizes


      Code (inc. data)   RO Data    RW Data    ZI Data      Debug   Object Name

       492         48          8         32         32      13755   app_button.o
        22          0          0          0          0       2437   app_error.o
       132         46          0          0          0      30557   app_error_weak.o
      1506        118          6         20        268      48283   app_timer.o
       124         14          0          0         12       9546   app_util_platform.o
        36          8        512          0       8192        920   arm_startup_nrf52.o
       124          0          0          0          0      44155   ble_advdata.o
         0          0          0          0          0       3256   ble_advertising.o
       394         14          8          0        120       8011   ble_conn_state.o
      1714         94        306         16        792      18735   ble_db_discovery.o
       612         30         34          8        160       8436   ble_lbs_c.o
       192         16          8          0          0      44065   boards.o
        68          4          0          0         12       6932   bsp.o
       166          6          8          8          0       3200   bsp_btn_ble.o
      1206        390        166       5736        308     123588   main.o
        64          0          0          0          0       2924   nrf_atflags.o
       306          0          0          0          0       7935   nrf_atomic.o
       164          0          0          0          0       3592   nrf_balloc.o
       964        272        205          0          0      36535   nrf_ble_gatt.o
       972         44         17          0          0      12803   nrf_ble_scan.o
       276         34         30          0         20      37648   nrf_drv_clock.o
       200         26          0         12          0      17780   nrf_drv_uart.o
        50          0          0          0          0       3493   nrf_fprintf.o
       866          4         16          0          0       5466   nrf_fprintf_format.o
       200          0          0          0          0      11501   nrf_log_backend_serial.o
       232         44         44         24         64      20958   nrf_log_backend_uart.o
        28          4         33          8          0       3317   nrf_log_default_backends.o
      1474        114         44         16       1404      29542   nrf_log_frontend.o
       570        108        102         64          0       5604   nrf_log_str_formatter.o
       346          0          0          0          0       9491   nrf_memobj.o
       108         16         53          8         12      36306   nrf_pwr_mgmt.o
        28          0          0          0          0       2339   nrf_ringbuf.o
       384         46        104          3          0      39119   nrf_sdh.o
       676        230        468          1          0       5805   nrf_sdh_ble.o
        60          4         56          0          0       2444   nrf_sdh_soc.o
        78          0          0          0          0       2740   nrf_section_iter.o
        76         10       1319          0          0       2707   nrf_strerror.o
       222         30         14          8          0      43514   nrfx_clock.o
      1294         98         19          0         92      60022   nrfx_gpiote.o
       112         16         12          8          0       4440   nrfx_prs.o
      1288         40         17          0         44      29933   nrfx_uart.o
      1126         44         18          0         36      24567   nrfx_uarte.o
       796         70          0          4          0       2915   system_nrf52.o

    ----------------------------------------------------------------------
     19780       2042       3704       5980      11572     831316   Object Totals
         0          0         32          0          0          0   (incl. Generated)
        32          0         45          4          4          0   (incl. Padding)

    ----------------------------------------------------------------------

      Code (inc. data)   RO Data    RW Data    ZI Data      Debug   Library Member Name

        86          0          0          0          0          0   __dczerorl2.o
         8          4        133          0          0         68   ctype_o.o
         0          0          0          0          0          0   entry.o
         0          0          0          0          0          0   entry10a.o
         0          0          0          0          0          0   entry11a.o
         8          4          0          0          0          0   entry2.o
         4          0          0          0          0          0   entry5.o
         0          0          0          0          0          0   entry7b.o
         0          0          0          0          0          0   entry8b.o
         8          4          0          0          0          0   entry9a.o
        30          0          0          0          0          0   handlers.o
        36          8          0          0          0         68   init.o
        30          0          0          0          0         68   llshl.o
        26          0          0          0          0         80   memcmp.o
        36          0          0          0          0         68   memcpya.o
        36          0          0          0          0        108   memseta.o
        28          0          0          0          0         76   strcmp.o
        14          0          0          0          0         68   strlen.o

    ----------------------------------------------------------------------
       356         20        136          0          0        604   Library Totals
         6          0          3          0          0          0   (incl. Padding)

    ----------------------------------------------------------------------

      Code (inc. data)   RO Data    RW Data    ZI Data      Debug   Library Name

       350         20        133          0          0        604   mc_w.l

    ----------------------------------------------------------------------
       356         20        136          0          0        604   Library Totals

    ----------------------------------------------------------------------

==============================================================================


      Code (inc. data)   RO Data    RW Data    ZI Data      Debug   

     20136       2062       3840       5980      11572     807896   Grand Totals
     20136       2062       3840        128      11572     807896   ELF Image Totals (compressed)
     20136       2062       3840        128          0          0   ROM Totals

==============================================================================

    Total RO  Size (Code + RO Data)                23976 (  23.41kB)
    Total RW  Size (RW Data + ZI Data)             17552 (  17.14kB)
    Total ROM Size (Code + RO Data + RW Data)      24104 (  23.54kB)

==============================================================================

